<?xml version="1.0" encoding="ISO-8859-1" ?>
<link_info>
   <banner>TI ARM Clang Linker PC v4.0.0.LTS</banner>
   <copyright>Copyright (c) 1996-2018 Texas Instruments Incorporated</copyright>
   <command_line>C:\ti\ccstheia151\ccs\tools\compiler\ti-cgt-armllvm_4.0.0.LTS\bin\tiarmlnk -IC:\ti\ccstheia151\ccs\tools\compiler\ti-cgt-armllvm_4.0.0.LTS\lib -o main.out -mmain.map -iC:/ti/mspm0_sdk_2_00_00_03/source -iD:/Cardinal Test_Calibration_Board/main -iD:/Cardinal Test_Calibration_Board/main/Debug/syscfg -iC:/ti/ccstheia151/ccs/tools/compiler/ti-cgt-armllvm_4.0.0.LTS/lib -iD:/Cardinal Test_Calibration_Board/MSPM0G_Library/Debug --diag_wrap=off --display_error_number --warn_sections --xml_link_info=main_linkInfo.xml --rom_model ./adc.o ./app.o ./command.o ./delay_timer.o ./ti_msp_dl_config.o ./startup_mspm0g350x_ticlang.o ./led.o ./main.o ./relay.o ./usb.o -l./device_linker.cmd -ldevice.cmd.genlibs -llibc.a -lMSPM0G_Library.lib --start-group -llibc++.a -llibc++abi.a -llibc.a -llibsys.a -llibsysbm.a -llibclang_rt.builtins.a -llibclang_rt.profile.a --end-group --cg_opt_level=2</command_line>
   <link_time>0x6a196fa7</link_time>
   <link_errors>0x0</link_errors>
   <output_file>D:\Cardinal Test_Calibration_Board\main\Debug\main.out</output_file>
   <entry_point>
      <name>_c_int00_noargs</name>
      <address>0x1ce1</address>
   </entry_point>
   <input_file_list>
      <input_file id="fl-1">
         <path>D:\Cardinal Test_Calibration_Board\main\Debug\.\</path>
         <kind>object</kind>
         <file>adc.o</file>
         <name>adc.o</name>
      </input_file>
      <input_file id="fl-2">
         <path>D:\Cardinal Test_Calibration_Board\main\Debug\.\</path>
         <kind>object</kind>
         <file>app.o</file>
         <name>app.o</name>
      </input_file>
      <input_file id="fl-3">
         <path>D:\Cardinal Test_Calibration_Board\main\Debug\.\</path>
         <kind>object</kind>
         <file>command.o</file>
         <name>command.o</name>
      </input_file>
      <input_file id="fl-4">
         <path>D:\Cardinal Test_Calibration_Board\main\Debug\.\</path>
         <kind>object</kind>
         <file>delay_timer.o</file>
         <name>delay_timer.o</name>
      </input_file>
      <input_file id="fl-5">
         <path>D:\Cardinal Test_Calibration_Board\main\Debug\.\</path>
         <kind>object</kind>
         <file>ti_msp_dl_config.o</file>
         <name>ti_msp_dl_config.o</name>
      </input_file>
      <input_file id="fl-6">
         <path>D:\Cardinal Test_Calibration_Board\main\Debug\.\</path>
         <kind>object</kind>
         <file>startup_mspm0g350x_ticlang.o</file>
         <name>startup_mspm0g350x_ticlang.o</name>
      </input_file>
      <input_file id="fl-7">
         <path>D:\Cardinal Test_Calibration_Board\main\Debug\.\</path>
         <kind>object</kind>
         <file>led.o</file>
         <name>led.o</name>
      </input_file>
      <input_file id="fl-8">
         <path>D:\Cardinal Test_Calibration_Board\main\Debug\.\</path>
         <kind>object</kind>
         <file>main.o</file>
         <name>main.o</name>
      </input_file>
      <input_file id="fl-9">
         <path>D:\Cardinal Test_Calibration_Board\main\Debug\.\</path>
         <kind>object</kind>
         <file>relay.o</file>
         <name>relay.o</name>
      </input_file>
      <input_file id="fl-a">
         <path>D:\Cardinal Test_Calibration_Board\main\Debug\.\</path>
         <kind>object</kind>
         <file>usb.o</file>
         <name>usb.o</name>
      </input_file>
      <input_file id="fl-18">
         <path>D:\Cardinal Test_Calibration_Board\main\Debug\</path>
         <kind>object</kind>
         <file>&lt;internal&gt;</file>
         <name>&lt;internal&gt;</name>
      </input_file>
      <input_file id="fl-19">
         <path>C:\ti\mspm0_sdk_2_00_00_03\source\ti\driverlib\lib\ticlang\m0p\mspm0g1x0x_g3x0x\</path>
         <kind>archive</kind>
         <file>driverlib.a</file>
         <name>dl_common.o</name>
      </input_file>
      <input_file id="fl-1a">
         <path>C:\ti\mspm0_sdk_2_00_00_03\source\ti\driverlib\lib\ticlang\m0p\mspm0g1x0x_g3x0x\</path>
         <kind>archive</kind>
         <file>driverlib.a</file>
         <name>dl_spi.o</name>
      </input_file>
      <input_file id="fl-1b">
         <path>C:\ti\mspm0_sdk_2_00_00_03\source\ti\driverlib\lib\ticlang\m0p\mspm0g1x0x_g3x0x\</path>
         <kind>archive</kind>
         <file>driverlib.a</file>
         <name>dl_timer.o</name>
      </input_file>
      <input_file id="fl-1c">
         <path>C:\ti\mspm0_sdk_2_00_00_03\source\ti\driverlib\lib\ticlang\m0p\mspm0g1x0x_g3x0x\</path>
         <kind>archive</kind>
         <file>driverlib.a</file>
         <name>dl_uart.o</name>
      </input_file>
      <input_file id="fl-31">
         <path>C:\ti\ccstheia151\ccs\tools\compiler\ti-cgt-armllvm_4.0.0.LTS\lib\armv6m-ti-none-eabi\c\</path>
         <kind>archive</kind>
         <file>libc.a</file>
         <name>boot_cortex_m.c.obj</name>
      </input_file>
      <input_file id="fl-32">
         <path>C:\ti\ccstheia151\ccs\tools\compiler\ti-cgt-armllvm_4.0.0.LTS\lib\armv6m-ti-none-eabi\c\</path>
         <kind>archive</kind>
         <file>libc.a</file>
         <name>mathacl_init.c.obj</name>
      </input_file>
      <input_file id="fl-33">
         <path>C:\ti\ccstheia151\ccs\tools\compiler\ti-cgt-armllvm_4.0.0.LTS\lib\armv6m-ti-none-eabi\c\</path>
         <kind>archive</kind>
         <file>libc.a</file>
         <name>autoinit.c.obj</name>
      </input_file>
      <input_file id="fl-34">
         <path>C:\ti\ccstheia151\ccs\tools\compiler\ti-cgt-armllvm_4.0.0.LTS\lib\armv6m-ti-none-eabi\c\</path>
         <kind>archive</kind>
         <file>libc.a</file>
         <name>pre_init.c.obj</name>
      </input_file>
      <input_file id="fl-35">
         <path>C:\ti\ccstheia151\ccs\tools\compiler\ti-cgt-armllvm_4.0.0.LTS\lib\armv6m-ti-none-eabi\c\</path>
         <kind>archive</kind>
         <file>libc.a</file>
         <name>cpy_tbl.c.obj</name>
      </input_file>
      <input_file id="fl-36">
         <path>C:\ti\ccstheia151\ccs\tools\compiler\ti-cgt-armllvm_4.0.0.LTS\lib\armv6m-ti-none-eabi\c\</path>
         <kind>archive</kind>
         <file>libc.a</file>
         <name>copy_zero_init.c.obj</name>
      </input_file>
      <input_file id="fl-37">
         <path>C:\ti\ccstheia151\ccs\tools\compiler\ti-cgt-armllvm_4.0.0.LTS\lib\armv6m-ti-none-eabi\c\</path>
         <kind>archive</kind>
         <file>libc.a</file>
         <name>copy_decompress_none.c.obj</name>
      </input_file>
      <input_file id="fl-38">
         <path>C:\ti\ccstheia151\ccs\tools\compiler\ti-cgt-armllvm_4.0.0.LTS\lib\armv6m-ti-none-eabi\c\</path>
         <kind>archive</kind>
         <file>libc.a</file>
         <name>copy_decompress_lzss.c.obj</name>
      </input_file>
      <input_file id="fl-39">
         <path>C:\ti\ccstheia151\ccs\tools\compiler\ti-cgt-armllvm_4.0.0.LTS\lib\armv6m-ti-none-eabi\c\</path>
         <kind>archive</kind>
         <file>libc.a</file>
         <name>exit.c.obj</name>
      </input_file>
      <input_file id="fl-3a">
         <path>C:\ti\ccstheia151\ccs\tools\compiler\ti-cgt-armllvm_4.0.0.LTS\lib\armv6m-ti-none-eabi\c\</path>
         <kind>archive</kind>
         <file>libc.a</file>
         <name>_lock.c.obj</name>
      </input_file>
      <input_file id="fl-3b">
         <path>C:\ti\ccstheia151\ccs\tools\compiler\ti-cgt-armllvm_4.0.0.LTS\lib\armv6m-ti-none-eabi\c\</path>
         <kind>archive</kind>
         <file>libc.a</file>
         <name>args_main.c.obj</name>
      </input_file>
      <input_file id="fl-3c">
         <path>D:\Cardinal Test_Calibration_Board\MSPM0G_Library\Debug\</path>
         <kind>archive</kind>
         <file>MSPM0G_Library.lib</file>
         <name>SPI_Interface.o</name>
      </input_file>
      <input_file id="fl-3d">
         <path>D:\Cardinal Test_Calibration_Board\MSPM0G_Library\Debug\</path>
         <kind>archive</kind>
         <file>MSPM0G_Library.lib</file>
         <name>Timer_Timeout.o</name>
      </input_file>
      <input_file id="fl-3e">
         <path>D:\Cardinal Test_Calibration_Board\MSPM0G_Library\Debug\</path>
         <kind>archive</kind>
         <file>MSPM0G_Library.lib</file>
         <name>UART_Interface.o</name>
      </input_file>
      <input_file id="fl-3f">
         <path>D:\Cardinal Test_Calibration_Board\MSPM0G_Library\Debug\</path>
         <kind>archive</kind>
         <file>MSPM0G_Library.lib</file>
         <name>UART_Target.o</name>
      </input_file>
      <input_file id="fl-d5">
         <path>C:\ti\ccstheia151\ccs\tools\compiler\ti-cgt-armllvm_4.0.0.LTS\lib\armv6m-ti-none-eabi\</path>
         <kind>archive</kind>
         <file>libclang_rt.builtins.a</file>
         <name>aeabi_memcpy.S.obj</name>
      </input_file>
      <input_file id="fl-d6">
         <path>C:\ti\ccstheia151\ccs\tools\compiler\ti-cgt-armllvm_4.0.0.LTS\lib\armv6m-ti-none-eabi\</path>
         <kind>archive</kind>
         <file>libclang_rt.builtins.a</file>
         <name>aeabi_memset.S.obj</name>
      </input_file>
      <input_file id="fl-d7">
         <path>C:\ti\ccstheia151\ccs\tools\compiler\ti-cgt-armllvm_4.0.0.LTS\lib\armv6m-ti-none-eabi\</path>
         <kind>archive</kind>
         <file>libclang_rt.builtins.a</file>
         <name>aeabi_uidivmod.S.obj</name>
      </input_file>
      <input_file id="fl-d8">
         <path>C:\ti\ccstheia151\ccs\tools\compiler\ti-cgt-armllvm_4.0.0.LTS\lib\armv6m-ti-none-eabi\</path>
         <kind>archive</kind>
         <file>libclang_rt.builtins.a</file>
         <name>aeabi_div0.c.obj</name>
      </input_file>
      <input_file id="fl-d9">
         <path>C:\ti\ccstheia151\ccs\tools\compiler\ti-cgt-armllvm_4.0.0.LTS\lib\armv6m-ti-none-eabi\c\</path>
         <kind>archive</kind>
         <file>libc.a</file>
         <name>memcpy16.S.obj</name>
      </input_file>
      <input_file id="fl-da">
         <path>C:\ti\ccstheia151\ccs\tools\compiler\ti-cgt-armllvm_4.0.0.LTS\lib\armv6m-ti-none-eabi\c\</path>
         <kind>archive</kind>
         <file>libc.a</file>
         <name>memset16.S.obj</name>
      </input_file>
   </input_file_list>
   <object_component_list>
      <object_component id="oc-18">
         <name>.intvecs</name>
         <load_address>0x0</load_address>
         <readonly>true</readonly>
         <run_address>0x0</run_address>
         <size>0xc0</size>
         <alignment>0x4</alignment>
         <input_file_ref idref="fl-6"/>
      </object_component>
      <object_component id="oc-6c">
         <name>.text.UART_Interface_IRQ</name>
         <load_address>0xc0</load_address>
         <readonly>true</readonly>
         <executable>true</executable>
         <run_address>0xc0</run_address>
         <size>0x1de</size>
         <alignment>0x4</alignment>
         <input_file_ref idref="fl-3e"/>
      </object_component>
      <object_component id="oc-33">
         <name>.text.Default_Handler</name>
         <load_address>0x29e</load_address>
         <readonly>true</readonly>
         <executable>true</executable>
         <run_address>0x29e</run_address>
         <size>0x2</size>
         <alignment>0x2</alignment>
         <input_file_ref idref="fl-6"/>
      </object_component>
      <object_component id="oc-141">
         <name>.text.UART_Interface_Initialize</name>
         <load_address>0x2a0</load_address>
         <readonly>true</readonly>
         <executable>true</executable>
         <run_address>0x2a0</run_address>
         <size>0x17c</size>
         <alignment>0x4</alignment>
         <input_file_ref idref="fl-3e"/>
      </object_component>
      <object_component id="oc-106">
         <name>.text.cmd_data_setup</name>
         <load_address>0x41c</load_address>
         <readonly>true</readonly>
         <executable>true</executable>
         <run_address>0x41c</run_address>
         <size>0x168</size>
         <alignment>0x4</alignment>
         <input_file_ref idref="fl-2"/>
      </object_component>
      <object_component id="oc-d6">
         <name>.text.usb_fsm</name>
         <load_address>0x584</load_address>
         <readonly>true</readonly>
         <executable>true</executable>
         <run_address>0x584</run_address>
         <size>0x10c</size>
         <alignment>0x4</alignment>
         <input_file_ref idref="fl-a"/>
      </object_component>
      <object_component id="oc-142">
         <name>.text.Timer_Timeout_Inialize</name>
         <load_address>0x690</load_address>
         <readonly>true</readonly>
         <executable>true</executable>
         <run_address>0x690</run_address>
         <size>0x100</size>
         <alignment>0x4</alignment>
         <input_file_ref idref="fl-3d"/>
      </object_component>
      <object_component id="oc-12f">
         <name>.text.DL_Timer_initTimerMode</name>
         <load_address>0x790</load_address>
         <readonly>true</readonly>
         <executable>true</executable>
         <run_address>0x790</run_address>
         <size>0xe8</size>
         <alignment>0x4</alignment>
         <input_file_ref idref="fl-1b"/>
      </object_component>
      <object_component id="oc-115">
         <name>.text.process_usb_command</name>
         <load_address>0x878</load_address>
         <readonly>true</readonly>
         <executable>true</executable>
         <run_address>0x878</run_address>
         <size>0xc0</size>
         <alignment>0x4</alignment>
         <input_file_ref idref="fl-a"/>
      </object_component>
      <object_component id="oc-5e">
         <name>.text.SPI_IRQ</name>
         <load_address>0x938</load_address>
         <readonly>true</readonly>
         <executable>true</executable>
         <run_address>0x938</run_address>
         <size>0xb2</size>
         <alignment>0x2</alignment>
         <input_file_ref idref="fl-3c"/>
      </object_component>
      <object_component id="oc-16b">
         <name>.text.UART_Interface_Start_Transmit</name>
         <load_address>0x9ea</load_address>
         <readonly>true</readonly>
         <executable>true</executable>
         <run_address>0x9ea</run_address>
         <size>0xa4</size>
         <alignment>0x2</alignment>
         <input_file_ref idref="fl-3e"/>
      </object_component>
      <object_component id="oc-169">
         <name>.text.UART_Interface_Start_Receive</name>
         <load_address>0xa8e</load_address>
         <readonly>true</readonly>
         <executable>true</executable>
         <run_address>0xa8e</run_address>
         <size>0xa0</size>
         <alignment>0x2</alignment>
         <input_file_ref idref="fl-3e"/>
      </object_component>
      <object_component id="oc-146">
         <name>.text.usb_cmd_data_setup</name>
         <load_address>0xb2e</load_address>
         <readonly>true</readonly>
         <executable>true</executable>
         <run_address>0xb2e</run_address>
         <size>0x9e</size>
         <alignment>0x2</alignment>
         <input_file_ref idref="fl-a"/>
      </object_component>
      <object_component id="oc-cb">
         <name>.text:memcpy</name>
         <load_address>0xbcc</load_address>
         <readonly>true</readonly>
         <executable>true</executable>
         <run_address>0xbcc</run_address>
         <size>0x9a</size>
         <alignment>0x1</alignment>
         <input_file_ref idref="fl-d9"/>
      </object_component>
      <object_component id="oc-19d">
         <name>.text.__aeabi_idiv0</name>
         <load_address>0xc66</load_address>
         <readonly>true</readonly>
         <executable>true</executable>
         <run_address>0xc66</run_address>
         <size>0x2</size>
         <alignment>0x2</alignment>
         <input_file_ref idref="fl-d8"/>
      </object_component>
      <object_component id="oc-144">
         <name>.text.Delay_Timer_Initialize</name>
         <load_address>0xc68</load_address>
         <readonly>true</readonly>
         <executable>true</executable>
         <run_address>0xc68</run_address>
         <size>0x98</size>
         <alignment>0x4</alignment>
         <input_file_ref idref="fl-4"/>
      </object_component>
      <object_component id="oc-101">
         <name>.text.SYSCFG_DL_UART_0_init</name>
         <load_address>0xd00</load_address>
         <readonly>true</readonly>
         <executable>true</executable>
         <run_address>0xd00</run_address>
         <size>0x90</size>
         <alignment>0x4</alignment>
         <input_file_ref idref="fl-5"/>
      </object_component>
      <object_component id="oc-165">
         <name>.text.SPI_Initialize</name>
         <load_address>0xd90</load_address>
         <readonly>true</readonly>
         <executable>true</executable>
         <run_address>0xd90</run_address>
         <size>0x88</size>
         <alignment>0x4</alignment>
         <input_file_ref idref="fl-3c"/>
      </object_component>
      <object_component id="oc-105">
         <name>.text.usb_init</name>
         <load_address>0xe18</load_address>
         <readonly>true</readonly>
         <executable>true</executable>
         <run_address>0xe18</run_address>
         <size>0x80</size>
         <alignment>0x4</alignment>
         <input_file_ref idref="fl-a"/>
      </object_component>
      <object_component id="oc-17e">
         <name>.text.UART_rxDMA_Initialize</name>
         <load_address>0xe98</load_address>
         <readonly>true</readonly>
         <executable>true</executable>
         <run_address>0xe98</run_address>
         <size>0x78</size>
         <alignment>0x4</alignment>
         <input_file_ref idref="fl-3e"/>
      </object_component>
      <object_component id="oc-1ae">
         <name>.text.SPI_Transact</name>
         <load_address>0xf10</load_address>
         <readonly>true</readonly>
         <executable>true</executable>
         <run_address>0xf10</run_address>
         <size>0x76</size>
         <alignment>0x2</alignment>
         <input_file_ref idref="fl-3c"/>
      </object_component>
      <object_component id="oc-17f">
         <name>.text.UART_txDMA_Initialize</name>
         <load_address>0xf86</load_address>
         <readonly>true</readonly>
         <executable>true</executable>
         <run_address>0xf86</run_address>
         <size>0x74</size>
         <alignment>0x2</alignment>
         <input_file_ref idref="fl-3e"/>
      </object_component>
      <object_component id="oc-107">
         <name>.text.relay_init_all</name>
         <load_address>0xffc</load_address>
         <readonly>true</readonly>
         <executable>true</executable>
         <run_address>0xffc</run_address>
         <size>0x74</size>
         <alignment>0x4</alignment>
         <input_file_ref idref="fl-9"/>
      </object_component>
      <object_component id="oc-143">
         <name>.text.UART_Target_Initialize</name>
         <load_address>0x1070</load_address>
         <readonly>true</readonly>
         <executable>true</executable>
         <run_address>0x1070</run_address>
         <size>0x70</size>
         <alignment>0x4</alignment>
         <input_file_ref idref="fl-3f"/>
      </object_component>
      <object_component id="oc-fc">
         <name>.text.SYSCFG_DL_GPIO_init</name>
         <load_address>0x10e0</load_address>
         <readonly>true</readonly>
         <executable>true</executable>
         <run_address>0x10e0</run_address>
         <size>0x6c</size>
         <alignment>0x4</alignment>
         <input_file_ref idref="fl-5"/>
      </object_component>
      <object_component id="oc-1ab">
         <name>.text.targetRxInProgressCb</name>
         <load_address>0x114c</load_address>
         <readonly>true</readonly>
         <executable>true</executable>
         <run_address>0x114c</run_address>
         <size>0x6c</size>
         <alignment>0x4</alignment>
         <input_file_ref idref="fl-3f"/>
      </object_component>
      <object_component id="oc-18d">
         <name>.text.Max5719GSD_write</name>
         <load_address>0x11b8</load_address>
         <readonly>true</readonly>
         <executable>true</executable>
         <run_address>0x11b8</run_address>
         <size>0x64</size>
         <alignment>0x4</alignment>
         <input_file_ref idref="fl-1"/>
      </object_component>
      <object_component id="oc-18b">
         <name>.text.UART_Target_AssignCallBacks</name>
         <load_address>0x121c</load_address>
         <readonly>true</readonly>
         <executable>true</executable>
         <run_address>0x121c</run_address>
         <size>0x64</size>
         <alignment>0x4</alignment>
         <input_file_ref idref="fl-3f"/>
      </object_component>
      <object_component id="oc-fa">
         <name>.text:memset</name>
         <load_address>0x1280</load_address>
         <readonly>true</readonly>
         <executable>true</executable>
         <run_address>0x1280</run_address>
         <size>0x62</size>
         <alignment>0x1</alignment>
         <input_file_ref idref="fl-da"/>
      </object_component>
      <object_component id="oc-18a">
         <name>.text.Timer_Timeout_Time_Set</name>
         <load_address>0x12e2</load_address>
         <readonly>true</readonly>
         <executable>true</executable>
         <run_address>0x12e2</run_address>
         <size>0x5a</size>
         <alignment>0x2</alignment>
         <input_file_ref idref="fl-3d"/>
      </object_component>
      <object_component id="oc-102">
         <name>.text.SYSCFG_DL_SPI_0_init</name>
         <load_address>0x133c</load_address>
         <readonly>true</readonly>
         <executable>true</executable>
         <run_address>0x133c</run_address>
         <size>0x58</size>
         <alignment>0x4</alignment>
         <input_file_ref idref="fl-5"/>
      </object_component>
      <object_component id="oc-1b8">
         <name>.text.DL_SPI_drainRXFIFO16</name>
         <load_address>0x1394</load_address>
         <readonly>true</readonly>
         <executable>true</executable>
         <run_address>0x1394</run_address>
         <size>0x54</size>
         <alignment>0x4</alignment>
         <input_file_ref idref="fl-1a"/>
      </object_component>
      <object_component id="oc-b7">
         <name>.text.DL_UART_drainRXFIFO</name>
         <load_address>0x13e8</load_address>
         <readonly>true</readonly>
         <executable>true</executable>
         <run_address>0x13e8</run_address>
         <size>0x54</size>
         <alignment>0x4</alignment>
         <input_file_ref idref="fl-1c"/>
      </object_component>
      <object_component id="oc-bd">
         <name>.text.DL_UART_fillTXFIFO</name>
         <load_address>0x143c</load_address>
         <readonly>true</readonly>
         <executable>true</executable>
         <run_address>0x143c</run_address>
         <size>0x54</size>
         <alignment>0x4</alignment>
         <input_file_ref idref="fl-1c"/>
      </object_component>
      <object_component id="oc-fb">
         <name>.text.SYSCFG_DL_initPower</name>
         <load_address>0x1490</load_address>
         <readonly>true</readonly>
         <executable>true</executable>
         <run_address>0x1490</run_address>
         <size>0x54</size>
         <alignment>0x4</alignment>
         <input_file_ref idref="fl-5"/>
      </object_component>
      <object_component id="oc-112">
         <name>.text.UART_Target_Receive</name>
         <load_address>0x14e4</load_address>
         <readonly>true</readonly>
         <executable>true</executable>
         <run_address>0x14e4</run_address>
         <size>0x4c</size>
         <alignment>0x4</alignment>
         <input_file_ref idref="fl-3f"/>
      </object_component>
      <object_component id="oc-18f">
         <name>.text.relay_on_resistor_select</name>
         <load_address>0x1530</load_address>
         <readonly>true</readonly>
         <executable>true</executable>
         <run_address>0x1530</run_address>
         <size>0x4c</size>
         <alignment>0x4</alignment>
         <input_file_ref idref="fl-9"/>
      </object_component>
      <object_component id="oc-135">
         <name>.text.DL_UART_init</name>
         <load_address>0x157c</load_address>
         <readonly>true</readonly>
         <executable>true</executable>
         <run_address>0x157c</run_address>
         <size>0x48</size>
         <alignment>0x4</alignment>
         <input_file_ref idref="fl-1c"/>
      </object_component>
      <object_component id="oc-13e">
         <name>.text.DL_SPI_init</name>
         <load_address>0x15c4</load_address>
         <readonly>true</readonly>
         <executable>true</executable>
         <run_address>0x15c4</run_address>
         <size>0x44</size>
         <alignment>0x4</alignment>
         <input_file_ref idref="fl-1a"/>
      </object_component>
      <object_component id="oc-fd">
         <name>.text.SYSCFG_DL_SYSCTL_init</name>
         <load_address>0x1608</load_address>
         <readonly>true</readonly>
         <executable>true</executable>
         <run_address>0x1608</run_address>
         <size>0x40</size>
         <alignment>0x4</alignment>
         <input_file_ref idref="fl-5"/>
      </object_component>
      <object_component id="oc-182">
         <name>.text.__aeabi_uidivmod</name>
         <load_address>0x1648</load_address>
         <readonly>true</readonly>
         <executable>true</executable>
         <run_address>0x1648</run_address>
         <size>0x40</size>
         <alignment>0x4</alignment>
         <input_file_ref idref="fl-d7"/>
      </object_component>
      <object_component id="oc-100">
         <name>.text.SYSCFG_DL_TIMER_0_init</name>
         <load_address>0x1688</load_address>
         <readonly>true</readonly>
         <executable>true</executable>
         <run_address>0x1688</run_address>
         <size>0x3c</size>
         <alignment>0x4</alignment>
         <input_file_ref idref="fl-5"/>
      </object_component>
      <object_component id="oc-116">
         <name>.text.UART_Target_Transmit</name>
         <load_address>0x16c4</load_address>
         <readonly>true</readonly>
         <executable>true</executable>
         <run_address>0x16c4</run_address>
         <size>0x3c</size>
         <alignment>0x4</alignment>
         <input_file_ref idref="fl-3f"/>
      </object_component>
      <object_component id="oc-e0">
         <name>.text:__TI_auto_init_nobinit_nopinit</name>
         <load_address>0x1700</load_address>
         <readonly>true</readonly>
         <executable>true</executable>
         <run_address>0x1700</run_address>
         <size>0x3c</size>
         <alignment>0x4</alignment>
         <input_file_ref idref="fl-33"/>
      </object_component>
      <object_component id="oc-19c">
         <name>.text.DL_DMA_setTrigger</name>
         <load_address>0x173c</load_address>
         <readonly>true</readonly>
         <executable>true</executable>
         <run_address>0x173c</run_address>
         <size>0x38</size>
         <alignment>0x4</alignment>
         <input_file_ref idref="fl-3e"/>
      </object_component>
      <object_component id="oc-ff">
         <name>.text.SYSCFG_DL_TIMER_2_init</name>
         <load_address>0x1774</load_address>
         <readonly>true</readonly>
         <executable>true</executable>
         <run_address>0x1774</run_address>
         <size>0x38</size>
         <alignment>0x4</alignment>
         <input_file_ref idref="fl-5"/>
      </object_component>
      <object_component id="oc-18e">
         <name>.text.relay_on_voltage</name>
         <load_address>0x17ac</load_address>
         <readonly>true</readonly>
         <executable>true</executable>
         <run_address>0x17ac</run_address>
         <size>0x38</size>
         <alignment>0x4</alignment>
         <input_file_ref idref="fl-9"/>
      </object_component>
      <object_component id="oc-1b5">
         <name>.text.Timer_Timeout_Start</name>
         <load_address>0x17e4</load_address>
         <readonly>true</readonly>
         <executable>true</executable>
         <run_address>0x17e4</run_address>
         <size>0x36</size>
         <alignment>0x2</alignment>
         <input_file_ref idref="fl-3d"/>
      </object_component>
      <object_component id="oc-1b7">
         <name>.text.UART_Interface_Stop_Receive</name>
         <load_address>0x181a</load_address>
         <readonly>true</readonly>
         <executable>true</executable>
         <run_address>0x181a</run_address>
         <size>0x36</size>
         <alignment>0x2</alignment>
         <input_file_ref idref="fl-3e"/>
      </object_component>
      <object_component id="oc-197">
         <name>.text.DL_DMA_configMode</name>
         <load_address>0x1850</load_address>
         <readonly>true</readonly>
         <executable>true</executable>
         <run_address>0x1850</run_address>
         <size>0x34</size>
         <alignment>0x2</alignment>
         <input_file_ref idref="fl-3e"/>
      </object_component>
      <object_component id="oc-1ad">
         <name>.text.timerCallback</name>
         <load_address>0x1884</load_address>
         <readonly>true</readonly>
         <executable>true</executable>
         <run_address>0x1884</run_address>
         <size>0x34</size>
         <alignment>0x4</alignment>
         <input_file_ref idref="fl-3f"/>
      </object_component>
      <object_component id="oc-199">
         <name>.text.DL_DMA_setDestWidth</name>
         <load_address>0x18b8</load_address>
         <readonly>true</readonly>
         <executable>true</executable>
         <run_address>0x18b8</run_address>
         <size>0x32</size>
         <alignment>0x2</alignment>
         <input_file_ref idref="fl-3e"/>
      </object_component>
      <object_component id="oc-198">
         <name>.text.DL_DMA_setDestIncrement</name>
         <load_address>0x18ea</load_address>
         <readonly>true</readonly>
         <executable>true</executable>
         <run_address>0x18ea</run_address>
         <size>0x30</size>
         <alignment>0x2</alignment>
         <input_file_ref idref="fl-3e"/>
      </object_component>
      <object_component id="oc-19b">
         <name>.text.DL_DMA_setSrcWidth</name>
         <load_address>0x191a</load_address>
         <readonly>true</readonly>
         <executable>true</executable>
         <run_address>0x191a</run_address>
         <size>0x30</size>
         <alignment>0x2</alignment>
         <input_file_ref idref="fl-3e"/>
      </object_component>
      <object_component id="oc-194">
         <name>.text.DL_DMA_setTransferSize</name>
         <load_address>0x194c</load_address>
         <readonly>true</readonly>
         <executable>true</executable>
         <run_address>0x194c</run_address>
         <size>0x30</size>
         <alignment>0x4</alignment>
         <input_file_ref idref="fl-3e"/>
      </object_component>
      <object_component id="oc-14a">
         <name>.text.led_off</name>
         <load_address>0x197c</load_address>
         <readonly>true</readonly>
         <executable>true</executable>
         <run_address>0x197c</run_address>
         <size>0x30</size>
         <alignment>0x4</alignment>
         <input_file_ref idref="fl-7"/>
      </object_component>
      <object_component id="oc-147">
         <name>.text.led_on</name>
         <load_address>0x19ac</load_address>
         <readonly>true</readonly>
         <executable>true</executable>
         <run_address>0x19ac</run_address>
         <size>0x30</size>
         <alignment>0x4</alignment>
         <input_file_ref idref="fl-7"/>
      </object_component>
      <object_component id="oc-1a9">
         <name>.text.targetRxDoneCb</name>
         <load_address>0x19dc</load_address>
         <readonly>true</readonly>
         <executable>true</executable>
         <run_address>0x19dc</run_address>
         <size>0x30</size>
         <alignment>0x4</alignment>
         <input_file_ref idref="fl-3f"/>
      </object_component>
      <object_component id="oc-1aa">
         <name>.text.targetTxDoneCb</name>
         <load_address>0x1a0c</load_address>
         <readonly>true</readonly>
         <executable>true</executable>
         <run_address>0x1a0c</run_address>
         <size>0x30</size>
         <alignment>0x4</alignment>
         <input_file_ref idref="fl-3f"/>
      </object_component>
      <object_component id="oc-19a">
         <name>.text.DL_DMA_setSrcIncrement</name>
         <load_address>0x1a3c</load_address>
         <readonly>true</readonly>
         <executable>true</executable>
         <run_address>0x1a3c</run_address>
         <size>0x2e</size>
         <alignment>0x2</alignment>
         <input_file_ref idref="fl-3e"/>
      </object_component>
      <object_component id="oc-190">
         <name>.text.__NVIC_ClearPendingIRQ</name>
         <load_address>0x1a6c</load_address>
         <readonly>true</readonly>
         <executable>true</executable>
         <run_address>0x1a6c</run_address>
         <size>0x2c</size>
         <alignment>0x4</alignment>
         <input_file_ref idref="fl-3c"/>
      </object_component>
      <object_component id="oc-187">
         <name>.text.__NVIC_ClearPendingIRQ</name>
         <load_address>0x1a98</load_address>
         <readonly>true</readonly>
         <executable>true</executable>
         <run_address>0x1a98</run_address>
         <size>0x2c</size>
         <alignment>0x4</alignment>
         <input_file_ref idref="fl-3d"/>
      </object_component>
      <object_component id="oc-17c">
         <name>.text.__NVIC_ClearPendingIRQ</name>
         <load_address>0x1ac4</load_address>
         <readonly>true</readonly>
         <executable>true</executable>
         <run_address>0x1ac4</run_address>
         <size>0x2c</size>
         <alignment>0x4</alignment>
         <input_file_ref idref="fl-3e"/>
      </object_component>
      <object_component id="oc-191">
         <name>.text.__NVIC_EnableIRQ</name>
         <load_address>0x1af0</load_address>
         <readonly>true</readonly>
         <executable>true</executable>
         <run_address>0x1af0</run_address>
         <size>0x2c</size>
         <alignment>0x4</alignment>
         <input_file_ref idref="fl-3c"/>
      </object_component>
      <object_component id="oc-188">
         <name>.text.__NVIC_EnableIRQ</name>
         <load_address>0x1b1c</load_address>
         <readonly>true</readonly>
         <executable>true</executable>
         <run_address>0x1b1c</run_address>
         <size>0x2c</size>
         <alignment>0x4</alignment>
         <input_file_ref idref="fl-3d"/>
      </object_component>
      <object_component id="oc-17d">
         <name>.text.__NVIC_EnableIRQ</name>
         <load_address>0x1b48</load_address>
         <readonly>true</readonly>
         <executable>true</executable>
         <run_address>0x1b48</run_address>
         <size>0x2c</size>
         <alignment>0x4</alignment>
         <input_file_ref idref="fl-3e"/>
      </object_component>
      <object_component id="oc-72">
         <name>.text.Timer_Timeout_IRQ</name>
         <load_address>0x1b74</load_address>
         <readonly>true</readonly>
         <executable>true</executable>
         <run_address>0x1b74</run_address>
         <size>0x2a</size>
         <alignment>0x2</alignment>
         <input_file_ref idref="fl-3d"/>
      </object_component>
      <object_component id="oc-1b6">
         <name>.text.Timer_Timeout_reStart</name>
         <load_address>0x1b9e</load_address>
         <readonly>true</readonly>
         <executable>true</executable>
         <run_address>0x1b9e</run_address>
         <size>0x2a</size>
         <alignment>0x2</alignment>
         <input_file_ref idref="fl-3d"/>
      </object_component>
      <object_component id="oc-1a3">
         <name>.text.DL_Common_updateReg</name>
         <load_address>0x1bc8</load_address>
         <readonly>true</readonly>
         <executable>true</executable>
         <run_address>0x1bc8</run_address>
         <size>0x28</size>
         <alignment>0x2</alignment>
         <input_file_ref idref="fl-3d"/>
      </object_component>
      <object_component id="oc-1b1">
         <name>.text.DL_Common_updateReg</name>
         <load_address>0x1bf0</load_address>
         <readonly>true</readonly>
         <executable>true</executable>
         <run_address>0x1bf0</run_address>
         <size>0x28</size>
         <alignment>0x2</alignment>
         <input_file_ref idref="fl-3e"/>
      </object_component>
      <object_component id="oc-193">
         <name>.text.DL_DMA_setDestAddr</name>
         <load_address>0x1c18</load_address>
         <readonly>true</readonly>
         <executable>true</executable>
         <run_address>0x1c18</run_address>
         <size>0x28</size>
         <alignment>0x4</alignment>
         <input_file_ref idref="fl-3e"/>
      </object_component>
      <object_component id="oc-196">
         <name>.text.DL_DMA_setSrcAddr</name>
         <load_address>0x1c40</load_address>
         <readonly>true</readonly>
         <executable>true</executable>
         <run_address>0x1c40</run_address>
         <size>0x28</size>
         <alignment>0x4</alignment>
         <input_file_ref idref="fl-3e"/>
      </object_component>
      <object_component id="oc-10b">
         <name>.text.Max5719GSD_init</name>
         <load_address>0x1c68</load_address>
         <readonly>true</readonly>
         <executable>true</executable>
         <run_address>0x1c68</run_address>
         <size>0x28</size>
         <alignment>0x4</alignment>
         <input_file_ref idref="fl-1"/>
      </object_component>
      <object_component id="oc-113">
         <name>.text.UART_Target_setState</name>
         <load_address>0x1c90</load_address>
         <readonly>true</readonly>
         <executable>true</executable>
         <run_address>0x1c90</run_address>
         <size>0x28</size>
         <alignment>0x4</alignment>
         <input_file_ref idref="fl-3f"/>
      </object_component>
      <object_component id="oc-1ac">
         <name>.text.targetTxInProgressCb</name>
         <load_address>0x1cb8</load_address>
         <readonly>true</readonly>
         <executable>true</executable>
         <run_address>0x1cb8</run_address>
         <size>0x28</size>
         <alignment>0x4</alignment>
         <input_file_ref idref="fl-3f"/>
      </object_component>
      <object_component id="oc-57">
         <name>.text:_c_int00_noargs</name>
         <load_address>0x1ce0</load_address>
         <readonly>true</readonly>
         <executable>true</executable>
         <run_address>0x1ce0</run_address>
         <size>0x28</size>
         <alignment>0x4</alignment>
         <input_file_ref idref="fl-31"/>
      </object_component>
      <object_component id="oc-1ba">
         <name>.text.DL_DMA_disableChannel</name>
         <load_address>0x1d08</load_address>
         <readonly>true</readonly>
         <executable>true</executable>
         <run_address>0x1d08</run_address>
         <size>0x26</size>
         <alignment>0x2</alignment>
         <input_file_ref idref="fl-3e"/>
      </object_component>
      <object_component id="oc-195">
         <name>.text.DL_DMA_enableChannel</name>
         <load_address>0x1d2e</load_address>
         <readonly>true</readonly>
         <executable>true</executable>
         <run_address>0x1d2e</run_address>
         <size>0x26</size>
         <alignment>0x2</alignment>
         <input_file_ref idref="fl-3e"/>
      </object_component>
      <object_component id="oc-8b">
         <name>.text.main</name>
         <load_address>0x1d54</load_address>
         <readonly>true</readonly>
         <executable>true</executable>
         <run_address>0x1d54</run_address>
         <size>0x24</size>
         <alignment>0x4</alignment>
         <input_file_ref idref="fl-8"/>
      </object_component>
      <object_component id="oc-186">
         <name>.text.DL_Timer_setCounterValueAfterEnable</name>
         <load_address>0x1d78</load_address>
         <readonly>true</readonly>
         <executable>true</executable>
         <run_address>0x1d78</run_address>
         <size>0x20</size>
         <alignment>0x4</alignment>
         <input_file_ref idref="fl-3d"/>
      </object_component>
      <object_component id="oc-d0">
         <name>.text.SYSCFG_DL_init</name>
         <load_address>0x1d98</load_address>
         <readonly>true</readonly>
         <executable>true</executable>
         <run_address>0x1d98</run_address>
         <size>0x20</size>
         <alignment>0x2</alignment>
         <input_file_ref idref="fl-5"/>
      </object_component>
      <object_component id="oc-1a7">
         <name>.text.DL_Timer_disableInterrupt</name>
         <load_address>0x1db8</load_address>
         <readonly>true</readonly>
         <executable>true</executable>
         <run_address>0x1db8</run_address>
         <size>0x1c</size>
         <alignment>0x4</alignment>
         <input_file_ref idref="fl-3d"/>
      </object_component>
      <object_component id="oc-1a8">
         <name>.text.DL_Timer_enableInterrupt</name>
         <load_address>0x1dd4</load_address>
         <readonly>true</readonly>
         <executable>true</executable>
         <run_address>0x1dd4</run_address>
         <size>0x1c</size>
         <alignment>0x4</alignment>
         <input_file_ref idref="fl-3d"/>
      </object_component>
      <object_component id="oc-129">
         <name>.text.DL_Timer_setClockConfig</name>
         <load_address>0x1df0</load_address>
         <readonly>true</readonly>
         <executable>true</executable>
         <run_address>0x1df0</run_address>
         <size>0x1c</size>
         <alignment>0x4</alignment>
         <input_file_ref idref="fl-1b"/>
      </object_component>
      <object_component id="oc-114">
         <name>.text.Delay_Timer_Get</name>
         <load_address>0x1e0c</load_address>
         <readonly>true</readonly>
         <executable>true</executable>
         <run_address>0x1e0c</run_address>
         <size>0x1c</size>
         <alignment>0x2</alignment>
         <input_file_ref idref="fl-4"/>
      </object_component>
      <object_component id="oc-10d">
         <name>.text.UART_Target_getState</name>
         <load_address>0x1e28</load_address>
         <readonly>true</readonly>
         <executable>true</executable>
         <run_address>0x1e28</run_address>
         <size>0x1c</size>
         <alignment>0x4</alignment>
         <input_file_ref idref="fl-3f"/>
      </object_component>
      <object_component id="oc-1a5">
         <name>.text.DL_Timer_clearInterruptStatus</name>
         <load_address>0x1e44</load_address>
         <readonly>true</readonly>
         <executable>true</executable>
         <run_address>0x1e44</run_address>
         <size>0x18</size>
         <alignment>0x4</alignment>
         <input_file_ref idref="fl-3d"/>
      </object_component>
      <object_component id="oc-1a6">
         <name>.text.DL_Timer_setLoadValue</name>
         <load_address>0x1e5c</load_address>
         <readonly>true</readonly>
         <executable>true</executable>
         <run_address>0x1e5c</run_address>
         <size>0x18</size>
         <alignment>0x4</alignment>
         <input_file_ref idref="fl-3d"/>
      </object_component>
      <object_component id="oc-1b9">
         <name>.text.DL_Timer_startCounter</name>
         <load_address>0x1e74</load_address>
         <readonly>true</readonly>
         <executable>true</executable>
         <run_address>0x1e74</run_address>
         <size>0x18</size>
         <alignment>0x4</alignment>
         <input_file_ref idref="fl-3d"/>
      </object_component>
      <object_component id="oc-1a4">
         <name>.text.DL_Timer_stopCounter</name>
         <load_address>0x1e8c</load_address>
         <readonly>true</readonly>
         <executable>true</executable>
         <run_address>0x1e8c</run_address>
         <size>0x18</size>
         <alignment>0x4</alignment>
         <input_file_ref idref="fl-3d"/>
      </object_component>
      <object_component id="oc-d5">
         <name>.text.app_init</name>
         <load_address>0x1ea4</load_address>
         <readonly>true</readonly>
         <executable>true</executable>
         <run_address>0x1ea4</run_address>
         <size>0x18</size>
         <alignment>0x2</alignment>
         <input_file_ref idref="fl-2"/>
      </object_component>
      <object_component id="oc-109">
         <name>.text.led_init</name>
         <load_address>0x1ebc</load_address>
         <readonly>true</readonly>
         <executable>true</executable>
         <run_address>0x1ebc</run_address>
         <size>0x18</size>
         <alignment>0x4</alignment>
         <input_file_ref idref="fl-7"/>
      </object_component>
      <object_component id="oc-9a">
         <name>.text.DL_SPI_transmitData16</name>
         <load_address>0x1ed4</load_address>
         <readonly>true</readonly>
         <executable>true</executable>
         <run_address>0x1ed4</run_address>
         <size>0x16</size>
         <alignment>0x2</alignment>
         <input_file_ref idref="fl-3c"/>
      </object_component>
      <object_component id="oc-78">
         <name>.text.Delay_Timer_IRQ</name>
         <load_address>0x1eea</load_address>
         <readonly>true</readonly>
         <executable>true</executable>
         <run_address>0x1eea</run_address>
         <size>0x16</size>
         <alignment>0x2</alignment>
         <input_file_ref idref="fl-4"/>
      </object_component>
      <object_component id="oc-99">
         <name>.text.DL_SPI_receiveData16</name>
         <load_address>0x1f00</load_address>
         <readonly>true</readonly>
         <executable>true</executable>
         <run_address>0x1f00</run_address>
         <size>0x14</size>
         <alignment>0x4</alignment>
         <input_file_ref idref="fl-3c"/>
      </object_component>
      <object_component id="oc-145">
         <name>.text.Delay_Timer_Start</name>
         <load_address>0x1f14</load_address>
         <readonly>true</readonly>
         <executable>true</executable>
         <run_address>0x1f14</run_address>
         <size>0x14</size>
         <alignment>0x4</alignment>
         <input_file_ref idref="fl-4"/>
      </object_component>
      <object_component id="oc-153">
         <name>.text.turn_on_2v7_site_1</name>
         <load_address>0x1f28</load_address>
         <readonly>true</readonly>
         <executable>true</executable>
         <run_address>0x1f28</run_address>
         <size>0x14</size>
         <alignment>0x4</alignment>
         <input_file_ref idref="fl-3"/>
      </object_component>
      <object_component id="oc-155">
         <name>.text.turn_on_2v7_site_2</name>
         <load_address>0x1f3c</load_address>
         <readonly>true</readonly>
         <executable>true</executable>
         <run_address>0x1f3c</run_address>
         <size>0x14</size>
         <alignment>0x4</alignment>
         <input_file_ref idref="fl-3"/>
      </object_component>
      <object_component id="oc-157">
         <name>.text.turn_on_2v7_site_3</name>
         <load_address>0x1f50</load_address>
         <readonly>true</readonly>
         <executable>true</executable>
         <run_address>0x1f50</run_address>
         <size>0x14</size>
         <alignment>0x4</alignment>
         <input_file_ref idref="fl-3"/>
      </object_component>
      <object_component id="oc-14c">
         <name>.text.turn_on_3v3_site_1</name>
         <load_address>0x1f64</load_address>
         <readonly>true</readonly>
         <executable>true</executable>
         <run_address>0x1f64</run_address>
         <size>0x14</size>
         <alignment>0x4</alignment>
         <input_file_ref idref="fl-3"/>
      </object_component>
      <object_component id="oc-14f">
         <name>.text.turn_on_3v3_site_2</name>
         <load_address>0x1f78</load_address>
         <readonly>true</readonly>
         <executable>true</executable>
         <run_address>0x1f78</run_address>
         <size>0x14</size>
         <alignment>0x4</alignment>
         <input_file_ref idref="fl-3"/>
      </object_component>
      <object_component id="oc-151">
         <name>.text.turn_on_3v3_site_3</name>
         <load_address>0x1f8c</load_address>
         <readonly>true</readonly>
         <executable>true</executable>
         <run_address>0x1f8c</run_address>
         <size>0x14</size>
         <alignment>0x4</alignment>
         <input_file_ref idref="fl-3"/>
      </object_component>
      <object_component id="oc-98">
         <name>.text.DL_SPI_getPendingInterrupt</name>
         <load_address>0x1fa0</load_address>
         <readonly>true</readonly>
         <executable>true</executable>
         <run_address>0x1fa0</run_address>
         <size>0x12</size>
         <alignment>0x2</alignment>
         <input_file_ref idref="fl-3c"/>
      </object_component>
      <object_component id="oc-138">
         <name>.text.DL_SPI_setClockConfig</name>
         <load_address>0x1fb2</load_address>
         <readonly>true</readonly>
         <executable>true</executable>
         <run_address>0x1fb2</run_address>
         <size>0x12</size>
         <alignment>0x2</alignment>
         <input_file_ref idref="fl-1a"/>
      </object_component>
      <object_component id="oc-c0">
         <name>.text.DL_Timer_getPendingInterrupt</name>
         <load_address>0x1fc4</load_address>
         <readonly>true</readonly>
         <executable>true</executable>
         <run_address>0x1fc4</run_address>
         <size>0x12</size>
         <alignment>0x2</alignment>
         <input_file_ref idref="fl-3d"/>
      </object_component>
      <object_component id="oc-b6">
         <name>.text.DL_UART_getPendingInterrupt</name>
         <load_address>0x1fd6</load_address>
         <readonly>true</readonly>
         <executable>true</executable>
         <run_address>0x1fd6</run_address>
         <size>0x12</size>
         <alignment>0x2</alignment>
         <input_file_ref idref="fl-3e"/>
      </object_component>
      <object_component id="oc-134">
         <name>.text.DL_UART_setClockConfig</name>
         <load_address>0x1fe8</load_address>
         <readonly>true</readonly>
         <executable>true</executable>
         <run_address>0x1fe8</run_address>
         <size>0x12</size>
         <alignment>0x2</alignment>
         <input_file_ref idref="fl-1c"/>
      </object_component>
      <object_component id="oc-34">
         <name>.text.SPI0_IRQHandler</name>
         <load_address>0x1ffc</load_address>
         <readonly>true</readonly>
         <executable>true</executable>
         <run_address>0x1ffc</run_address>
         <size>0x10</size>
         <alignment>0x4</alignment>
         <input_file_ref idref="fl-2"/>
      </object_component>
      <object_component id="oc-3a">
         <name>.text.TIMA0_IRQHandler</name>
         <load_address>0x200c</load_address>
         <readonly>true</readonly>
         <executable>true</executable>
         <run_address>0x200c</run_address>
         <size>0x10</size>
         <alignment>0x4</alignment>
         <input_file_ref idref="fl-2"/>
      </object_component>
      <object_component id="oc-3b">
         <name>.text.TIMG7_IRQHandler</name>
         <load_address>0x201c</load_address>
         <readonly>true</readonly>
         <executable>true</executable>
         <run_address>0x201c</run_address>
         <size>0x10</size>
         <alignment>0x4</alignment>
         <input_file_ref idref="fl-2"/>
      </object_component>
      <object_component id="oc-39">
         <name>.text.UART0_IRQHandler</name>
         <load_address>0x202c</load_address>
         <readonly>true</readonly>
         <executable>true</executable>
         <run_address>0x202c</run_address>
         <size>0x10</size>
         <alignment>0x4</alignment>
         <input_file_ref idref="fl-2"/>
      </object_component>
      <object_component id="oc-180">
         <name>.text.defaultUartCallBack</name>
         <load_address>0x203c</load_address>
         <readonly>true</readonly>
         <executable>true</executable>
         <run_address>0x203c</run_address>
         <size>0x10</size>
         <alignment>0x2</alignment>
         <input_file_ref idref="fl-3e"/>
      </object_component>
      <object_component id="oc-181">
         <name>.text.defaultUartInprogressCallback</name>
         <load_address>0x204c</load_address>
         <readonly>true</readonly>
         <executable>true</executable>
         <run_address>0x204c</run_address>
         <size>0x10</size>
         <alignment>0x2</alignment>
         <input_file_ref idref="fl-3e"/>
      </object_component>
      <object_component id="oc-54">
         <name>.text:decompress:ZI</name>
         <load_address>0x205c</load_address>
         <readonly>true</readonly>
         <executable>true</executable>
         <run_address>0x205c</run_address>
         <size>0x10</size>
         <alignment>0x2</alignment>
         <input_file_ref idref="fl-36"/>
      </object_component>
      <object_component id="oc-82">
         <name>.text.__aeabi_memclr</name>
         <load_address>0x206c</load_address>
         <readonly>true</readonly>
         <executable>true</executable>
         <run_address>0x206c</run_address>
         <size>0xc</size>
         <alignment>0x4</alignment>
         <input_file_ref idref="fl-d6"/>
      </object_component>
      <object_component id="oc-189">
         <name>.text.defaultTimerSingleTriggerCB</name>
         <load_address>0x2078</load_address>
         <readonly>true</readonly>
         <executable>true</executable>
         <run_address>0x2078</run_address>
         <size>0xc</size>
         <alignment>0x2</alignment>
         <input_file_ref idref="fl-3d"/>
      </object_component>
      <object_component id="oc-192">
         <name>.text.noActionSPIInterface</name>
         <load_address>0x2084</load_address>
         <readonly>true</readonly>
         <executable>true</executable>
         <run_address>0x2084</run_address>
         <size>0xc</size>
         <alignment>0x2</alignment>
         <input_file_ref idref="fl-3c"/>
      </object_component>
      <object_component id="oc-125">
         <name>.text.DL_Common_delayCycles</name>
         <load_address>0x2090</load_address>
         <readonly>true</readonly>
         <executable>true</executable>
         <run_address>0x2090</run_address>
         <size>0xa</size>
         <alignment>0x2</alignment>
         <input_file_ref idref="fl-19"/>
      </object_component>
      <object_component id="oc-163">
         <name>.text.resistor_100ohm</name>
         <load_address>0x209a</load_address>
         <readonly>true</readonly>
         <executable>true</executable>
         <run_address>0x209a</run_address>
         <size>0xa</size>
         <alignment>0x2</alignment>
         <input_file_ref idref="fl-3"/>
      </object_component>
      <object_component id="oc-159">
         <name>.text.resistor_120kohm</name>
         <load_address>0x20a4</load_address>
         <readonly>true</readonly>
         <executable>true</executable>
         <run_address>0x20a4</run_address>
         <size>0xa</size>
         <alignment>0x2</alignment>
         <input_file_ref idref="fl-3"/>
      </object_component>
      <object_component id="oc-161">
         <name>.text.resistor_200ohm</name>
         <load_address>0x20ae</load_address>
         <readonly>true</readonly>
         <executable>true</executable>
         <run_address>0x20ae</run_address>
         <size>0xa</size>
         <alignment>0x2</alignment>
         <input_file_ref idref="fl-3"/>
      </object_component>
      <object_component id="oc-15f">
         <name>.text.resistor_330ohm</name>
         <load_address>0x20b8</load_address>
         <readonly>true</readonly>
         <executable>true</executable>
         <run_address>0x20b8</run_address>
         <size>0xa</size>
         <alignment>0x2</alignment>
         <input_file_ref idref="fl-3"/>
      </object_component>
      <object_component id="oc-15b">
         <name>.text.resistor_33kohm</name>
         <load_address>0x20c2</load_address>
         <readonly>true</readonly>
         <executable>true</executable>
         <run_address>0x20c2</run_address>
         <size>0xa</size>
         <alignment>0x2</alignment>
         <input_file_ref idref="fl-3"/>
      </object_component>
      <object_component id="oc-15d">
         <name>.text.resistor_3R3kohm</name>
         <load_address>0x20cc</load_address>
         <readonly>true</readonly>
         <executable>true</executable>
         <run_address>0x20cc</run_address>
         <size>0xa</size>
         <alignment>0x2</alignment>
         <input_file_ref idref="fl-3"/>
      </object_component>
      <object_component id="oc-47">
         <name>.text.__aeabi_memcpy</name>
         <load_address>0x20d8</load_address>
         <readonly>true</readonly>
         <executable>true</executable>
         <run_address>0x20d8</run_address>
         <size>0x8</size>
         <alignment>0x4</alignment>
         <input_file_ref idref="fl-d5"/>
      </object_component>
      <object_component id="oc-2f">
         <name>.text.Reset_Handler</name>
         <load_address>0x20e0</load_address>
         <readonly>true</readonly>
         <executable>true</executable>
         <run_address>0x20e0</run_address>
         <size>0x4</size>
         <alignment>0x2</alignment>
         <input_file_ref idref="fl-6"/>
      </object_component>
      <object_component id="oc-87">
         <name>.text._system_pre_init</name>
         <load_address>0x20e4</load_address>
         <readonly>true</readonly>
         <executable>true</executable>
         <run_address>0x20e4</run_address>
         <size>0x4</size>
         <alignment>0x2</alignment>
         <input_file_ref idref="fl-34"/>
      </object_component>
      <object_component id="oc-d9">
         <name>.text:abort</name>
         <load_address>0x20e8</load_address>
         <readonly>true</readonly>
         <executable>true</executable>
         <run_address>0x20e8</run_address>
         <size>0x4</size>
         <alignment>0x2</alignment>
         <input_file_ref idref="fl-39"/>
      </object_component>
      <object_component id="oc-1fc">
         <name>.cinit..bss.load</name>
         <load_address>0x2278</load_address>
         <readonly>true</readonly>
         <run_address>0x2278</run_address>
         <size>0x8</size>
         <alignment>0x4</alignment>
      </object_component>
      <object_component id="oc-1fa">
         <name>__TI_handler_table</name>
         <load_address>0x2280</load_address>
         <readonly>true</readonly>
         <run_address>0x2280</run_address>
         <size>0x4</size>
         <alignment>0x4</alignment>
      </object_component>
      <object_component id="oc-1fb">
         <name>__TI_cinit_table</name>
         <load_address>0x2284</load_address>
         <readonly>true</readonly>
         <run_address>0x2284</run_address>
         <size>0x8</size>
         <alignment>0x4</alignment>
      </object_component>
      <object_component id="oc-1b0">
         <name>.rodata.relay_pins</name>
         <load_address>0x20f0</load_address>
         <readonly>true</readonly>
         <run_address>0x20f0</run_address>
         <size>0x24</size>
         <alignment>0x4</alignment>
         <input_file_ref idref="fl-9"/>
      </object_component>
      <object_component id="oc-1af">
         <name>.rodata.relay_ports</name>
         <load_address>0x2114</load_address>
         <readonly>true</readonly>
         <run_address>0x2114</run_address>
         <size>0x24</size>
         <alignment>0x4</alignment>
         <input_file_ref idref="fl-9"/>
      </object_component>
      <object_component id="oc-133">
         <name>.rodata.gTIMER_0TimerConfig</name>
         <load_address>0x2138</load_address>
         <readonly>true</readonly>
         <run_address>0x2138</run_address>
         <size>0x14</size>
         <alignment>0x4</alignment>
         <input_file_ref idref="fl-5"/>
      </object_component>
      <object_component id="oc-131">
         <name>.rodata.gTIMER_2TimerConfig</name>
         <load_address>0x214c</load_address>
         <readonly>true</readonly>
         <run_address>0x214c</run_address>
         <size>0x14</size>
         <alignment>0x4</alignment>
         <input_file_ref idref="fl-5"/>
      </object_component>
      <object_component id="oc-150">
         <name>.rodata.str1.112458129122677307381</name>
         <load_address>0x2160</load_address>
         <readonly>true</readonly>
         <run_address>0x2160</run_address>
         <size>0x13</size>
         <alignment>0x1</alignment>
         <input_file_ref idref="fl-2"/>
      </object_component>
      <object_component id="oc-152">
         <name>.rodata.str1.181698742966647900341</name>
         <load_address>0x2173</load_address>
         <readonly>true</readonly>
         <run_address>0x2173</run_address>
         <size>0x13</size>
         <alignment>0x1</alignment>
         <input_file_ref idref="fl-2"/>
      </object_component>
      <object_component id="oc-158">
         <name>.rodata.str1.35400907796042165521</name>
         <load_address>0x2186</load_address>
         <readonly>true</readonly>
         <run_address>0x2186</run_address>
         <size>0x13</size>
         <alignment>0x1</alignment>
         <input_file_ref idref="fl-2"/>
      </object_component>
      <object_component id="oc-154">
         <name>.rodata.str1.51777625432436005601</name>
         <load_address>0x2199</load_address>
         <readonly>true</readonly>
         <run_address>0x2199</run_address>
         <size>0x13</size>
         <alignment>0x1</alignment>
         <input_file_ref idref="fl-2"/>
      </object_component>
      <object_component id="oc-156">
         <name>.rodata.str1.59354850965935802921</name>
         <load_address>0x21ac</load_address>
         <readonly>true</readonly>
         <run_address>0x21ac</run_address>
         <size>0x13</size>
         <alignment>0x1</alignment>
         <input_file_ref idref="fl-2"/>
      </object_component>
      <object_component id="oc-14e">
         <name>.rodata.str1.9803400861254684601</name>
         <load_address>0x21bf</load_address>
         <readonly>true</readonly>
         <run_address>0x21bf</run_address>
         <size>0x13</size>
         <alignment>0x1</alignment>
         <input_file_ref idref="fl-2"/>
      </object_component>
      <object_component id="oc-117">
         <name>.rodata.invalid_cmd</name>
         <load_address>0x21d2</load_address>
         <readonly>true</readonly>
         <run_address>0x21d2</run_address>
         <size>0x12</size>
         <alignment>0x1</alignment>
         <input_file_ref idref="fl-a"/>
      </object_component>
      <object_component id="oc-15e">
         <name>.rodata.str1.149615729164433715791</name>
         <load_address>0x21e4</load_address>
         <readonly>true</readonly>
         <run_address>0x21e4</run_address>
         <size>0x11</size>
         <alignment>0x1</alignment>
         <input_file_ref idref="fl-2"/>
      </object_component>
      <object_component id="oc-15a">
         <name>.rodata.str1.167043980239712816831</name>
         <load_address>0x21f5</load_address>
         <readonly>true</readonly>
         <run_address>0x21f5</run_address>
         <size>0x11</size>
         <alignment>0x1</alignment>
         <input_file_ref idref="fl-2"/>
      </object_component>
      <object_component id="oc-15c">
         <name>.rodata.str1.157211581842481736451</name>
         <load_address>0x2206</load_address>
         <readonly>true</readonly>
         <run_address>0x2206</run_address>
         <size>0x10</size>
         <alignment>0x1</alignment>
         <input_file_ref idref="fl-2"/>
      </object_component>
      <object_component id="oc-160">
         <name>.rodata.str1.180651896935739422851</name>
         <load_address>0x2216</load_address>
         <readonly>true</readonly>
         <run_address>0x2216</run_address>
         <size>0x10</size>
         <alignment>0x1</alignment>
         <input_file_ref idref="fl-2"/>
      </object_component>
      <object_component id="oc-162">
         <name>.rodata.str1.21849889636613714601</name>
         <load_address>0x2226</load_address>
         <readonly>true</readonly>
         <run_address>0x2226</run_address>
         <size>0x10</size>
         <alignment>0x1</alignment>
         <input_file_ref idref="fl-2"/>
      </object_component>
      <object_component id="oc-164">
         <name>.rodata.str1.61371923034458905691</name>
         <load_address>0x2236</load_address>
         <readonly>true</readonly>
         <run_address>0x2236</run_address>
         <size>0x10</size>
         <alignment>0x1</alignment>
         <input_file_ref idref="fl-2"/>
      </object_component>
      <object_component id="oc-140">
         <name>.rodata.gSPI_0_config</name>
         <load_address>0x2246</load_address>
         <readonly>true</readonly>
         <run_address>0x2246</run_address>
         <size>0xa</size>
         <alignment>0x2</alignment>
         <input_file_ref idref="fl-5"/>
      </object_component>
      <object_component id="oc-137">
         <name>.rodata.gUART_0Config</name>
         <load_address>0x2250</load_address>
         <readonly>true</readonly>
         <run_address>0x2250</run_address>
         <size>0xa</size>
         <alignment>0x2</alignment>
         <input_file_ref idref="fl-5"/>
      </object_component>
      <object_component id="oc-14b">
         <name>.rodata.str1.91024950347392736991</name>
         <load_address>0x225a</load_address>
         <readonly>true</readonly>
         <run_address>0x225a</run_address>
         <size>0x8</size>
         <alignment>0x1</alignment>
         <input_file_ref idref="fl-2"/>
      </object_component>
      <object_component id="oc-148">
         <name>.rodata.str1.115467379878751397891</name>
         <load_address>0x2262</load_address>
         <readonly>true</readonly>
         <run_address>0x2262</run_address>
         <size>0x7</size>
         <alignment>0x1</alignment>
         <input_file_ref idref="fl-2"/>
      </object_component>
      <object_component id="oc-132">
         <name>.rodata.gTIMER_0ClockConfig</name>
         <load_address>0x2269</load_address>
         <readonly>true</readonly>
         <run_address>0x2269</run_address>
         <size>0x3</size>
         <alignment>0x1</alignment>
         <input_file_ref idref="fl-5"/>
      </object_component>
      <object_component id="oc-130">
         <name>.rodata.gTIMER_2ClockConfig</name>
         <load_address>0x226c</load_address>
         <readonly>true</readonly>
         <run_address>0x226c</run_address>
         <size>0x3</size>
         <alignment>0x1</alignment>
         <input_file_ref idref="fl-5"/>
      </object_component>
      <object_component id="oc-149">
         <name>.rodata.str1.144966739553529159871</name>
         <load_address>0x226f</load_address>
         <readonly>true</readonly>
         <run_address>0x226f</run_address>
         <size>0x3</size>
         <alignment>0x1</alignment>
         <input_file_ref idref="fl-2"/>
      </object_component>
      <object_component id="oc-13f">
         <name>.rodata.gSPI_0_clockConfig</name>
         <load_address>0x2272</load_address>
         <readonly>true</readonly>
         <run_address>0x2272</run_address>
         <size>0x2</size>
         <alignment>0x1</alignment>
         <input_file_ref idref="fl-5"/>
      </object_component>
      <object_component id="oc-136">
         <name>.rodata.gUART_0ClockConfig</name>
         <load_address>0x2274</load_address>
         <readonly>true</readonly>
         <run_address>0x2274</run_address>
         <size>0x2</size>
         <alignment>0x1</alignment>
         <input_file_ref idref="fl-5"/>
      </object_component>
      <object_component id="oc-1c4">
         <name>.binit</name>
         <load_address>0x0</load_address>
         <readonly>true</readonly>
         <run_address>0x0</run_address>
         <size>0x0</size>
         <alignment>0x4</alignment>
      </object_component>
      <object_component id="oc-63">
         <name>.common:ADC</name>
         <uninitialized>true</uninitialized>
         <readwrite>true</readwrite>
         <run_address>0x20201428</run_address>
         <size>0x24</size>
         <alignment>0x4</alignment>
      </object_component>
      <object_component id="oc-71">
         <name>.common:USB_UART</name>
         <uninitialized>true</uninitialized>
         <readwrite>true</readwrite>
         <run_address>0x202013f4</run_address>
         <size>0x34</size>
         <alignment>0x4</alignment>
      </object_component>
      <object_component id="oc-77">
         <name>.common:USB_Timeout</name>
         <uninitialized>true</uninitialized>
         <readwrite>true</readwrite>
         <run_address>0x20201470</run_address>
         <size>0x24</size>
         <alignment>0x4</alignment>
      </object_component>
      <object_component id="oc-d8">
         <name>.common:USB_DATA</name>
         <uninitialized>true</uninitialized>
         <readwrite>true</readwrite>
         <run_address>0x20200000</run_address>
         <size>0x13ac</size>
         <alignment>0x4</alignment>
      </object_component>
      <object_component id="oc-16a">
         <name>.common:executing_command</name>
         <uninitialized>true</uninitialized>
         <readwrite>true</readwrite>
         <run_address>0x20201494</run_address>
         <size>0x4</size>
         <alignment>0x4</alignment>
      </object_component>
      <object_component id="oc-7d">
         <name>.common:USB_BUFFER</name>
         <uninitialized>true</uninitialized>
         <readwrite>true</readwrite>
         <run_address>0x2020144c</run_address>
         <size>0x24</size>
         <alignment>0x4</alignment>
      </object_component>
      <object_component id="oc-166">
         <name>.common:glUartTarget</name>
         <uninitialized>true</uninitialized>
         <readwrite>true</readwrite>
         <run_address>0x202013ac</run_address>
         <size>0x48</size>
         <alignment>0x4</alignment>
      </object_component>
      <object_component id="oc-18c">
         <name>.common:glUartTargetIndexFromTimerIndex</name>
         <uninitialized>true</uninitialized>
         <readwrite>true</readwrite>
         <run_address>0x20201498</run_address>
         <size>0x3</size>
         <alignment>0x1</alignment>
      </object_component>
      <object_component id="oc-1a">
         <name>.stack</name>
         <uninitialized>true</uninitialized>
         <readwrite>true</readwrite>
         <run_address>0x20207e00</run_address>
         <size>0x4</size>
         <alignment>0x4</alignment>
         <input_file_ref idref="fl-31"/>
      </object_component>
      <object_component id="oc-1fe">
         <name>.stack</name>
         <uninitialized>true</uninitialized>
         <readwrite>true</readwrite>
         <run_address>0x20207e00</run_address>
         <size>0x0</size>
         <alignment>0x8</alignment>
      </object_component>
      <object_component id="oc-a1">
         <name>.debug_loc</name>
         <load_address>0x0</load_address>
         <run_address>0x0</run_address>
         <size>0x65</size>
         <alignment>0x1</alignment>
         <input_file_ref idref="fl-1"/>
      </object_component>
      <object_component id="oc-c5">
         <name>.debug_loc</name>
         <load_address>0x65</load_address>
         <run_address>0x65</run_address>
         <size>0x138</size>
         <alignment>0x1</alignment>
         <input_file_ref idref="fl-4"/>
      </object_component>
      <object_component id="oc-fe">
         <name>.debug_loc</name>
         <load_address>0x19d</load_address>
         <run_address>0x19d</run_address>
         <size>0x14a</size>
         <alignment>0x1</alignment>
         <input_file_ref idref="fl-5"/>
      </object_component>
      <object_component id="oc-ae">
         <name>.debug_loc</name>
         <load_address>0x2e7</load_address>
         <run_address>0x2e7</run_address>
         <size>0x85f</size>
         <alignment>0x1</alignment>
         <input_file_ref idref="fl-9"/>
      </object_component>
      <object_component id="oc-b5">
         <name>.debug_loc</name>
         <load_address>0xb46</load_address>
         <run_address>0xb46</run_address>
         <size>0x2aa</size>
         <alignment>0x1</alignment>
         <input_file_ref idref="fl-a"/>
      </object_component>
      <object_component id="oc-177">
         <name>.debug_loc</name>
         <load_address>0xdf0</load_address>
         <run_address>0xdf0</run_address>
         <size>0x13</size>
         <alignment>0x1</alignment>
         <input_file_ref idref="fl-19"/>
      </object_component>
      <object_component id="oc-139">
         <name>.debug_loc</name>
         <load_address>0xe03</load_address>
         <run_address>0xe03</run_address>
         <size>0x84c</size>
         <alignment>0x1</alignment>
         <input_file_ref idref="fl-1a"/>
      </object_component>
      <object_component id="oc-12a">
         <name>.debug_loc</name>
         <load_address>0x164f</load_address>
         <run_address>0x164f</run_address>
         <size>0x18ad</size>
         <alignment>0x1</alignment>
         <input_file_ref idref="fl-1b"/>
      </object_component>
      <object_component id="oc-ba">
         <name>.debug_loc</name>
         <load_address>0x2efc</load_address>
         <run_address>0x2efc</run_address>
         <size>0x7bc</size>
         <alignment>0x1</alignment>
         <input_file_ref idref="fl-1c"/>
      </object_component>
      <object_component id="oc-42">
         <name>.debug_loc</name>
         <load_address>0x36b8</load_address>
         <run_address>0x36b8</run_address>
         <size>0xd8</size>
         <alignment>0x1</alignment>
         <input_file_ref idref="fl-31"/>
      </object_component>
      <object_component id="oc-e4">
         <name>.debug_loc</name>
         <load_address>0x3790</load_address>
         <run_address>0x3790</run_address>
         <size>0x424</size>
         <alignment>0x1</alignment>
         <input_file_ref idref="fl-33"/>
      </object_component>
      <object_component id="oc-51">
         <name>.debug_loc</name>
         <load_address>0x3bb4</load_address>
         <run_address>0x3bb4</run_address>
         <size>0x16c</size>
         <alignment>0x1</alignment>
         <input_file_ref idref="fl-36"/>
      </object_component>
      <object_component id="oc-df">
         <name>.debug_loc</name>
         <load_address>0x3d20</load_address>
         <run_address>0x3d20</run_address>
         <size>0x26</size>
         <alignment>0x1</alignment>
         <input_file_ref idref="fl-39"/>
      </object_component>
      <object_component id="oc-1b4">
         <name>.debug_loc</name>
         <load_address>0x3d46</load_address>
         <run_address>0x3d46</run_address>
         <size>0x20</size>
         <alignment>0x1</alignment>
         <input_file_ref idref="fl-d8"/>
      </object_component>
      <object_component id="oc-9d">
         <name>.debug_abbrev</name>
         <load_address>0x0</load_address>
         <run_address>0x0</run_address>
         <size>0x1b7</size>
         <alignment>0x1</alignment>
         <input_file_ref idref="fl-1"/>
      </object_component>
      <object_component id="oc-6a">
         <name>.debug_abbrev</name>
         <load_address>0x1b7</load_address>
         <run_address>0x1b7</run_address>
         <size>0x12d</size>
         <alignment>0x1</alignment>
         <input_file_ref idref="fl-2"/>
      </object_component>
      <object_component id="oc-a2">
         <name>.debug_abbrev</name>
         <load_address>0x2e4</load_address>
         <run_address>0x2e4</run_address>
         <size>0x120</size>
         <alignment>0x1</alignment>
         <input_file_ref idref="fl-3"/>
      </object_component>
      <object_component id="oc-c3">
         <name>.debug_abbrev</name>
         <load_address>0x404</load_address>
         <run_address>0x404</run_address>
         <size>0x1cc</size>
         <alignment>0x1</alignment>
         <input_file_ref idref="fl-4"/>
      </object_component>
      <object_component id="oc-103">
         <name>.debug_abbrev</name>
         <load_address>0x5d0</load_address>
         <run_address>0x5d0</run_address>
         <size>0x214</size>
         <alignment>0x1</alignment>
         <input_file_ref idref="fl-5"/>
      </object_component>
      <object_component id="oc-3c">
         <name>.debug_abbrev</name>
         <load_address>0x7e4</load_address>
         <run_address>0x7e4</run_address>
         <size>0x6d</size>
         <alignment>0x1</alignment>
         <input_file_ref idref="fl-6"/>
      </object_component>
      <object_component id="oc-a6">
         <name>.debug_abbrev</name>
         <load_address>0x851</load_address>
         <run_address>0x851</run_address>
         <size>0x16f</size>
         <alignment>0x1</alignment>
         <input_file_ref idref="fl-7"/>
      </object_component>
      <object_component id="oc-af">
         <name>.debug_abbrev</name>
         <load_address>0x9c0</load_address>
         <run_address>0x9c0</run_address>
         <size>0x122</size>
         <alignment>0x1</alignment>
         <input_file_ref idref="fl-8"/>
      </object_component>
      <object_component id="oc-aa">
         <name>.debug_abbrev</name>
         <load_address>0xae2</load_address>
         <run_address>0xae2</run_address>
         <size>0x1e6</size>
         <alignment>0x1</alignment>
         <input_file_ref idref="fl-9"/>
      </object_component>
      <object_component id="oc-b1">
         <name>.debug_abbrev</name>
         <load_address>0xcc8</load_address>
         <run_address>0xcc8</run_address>
         <size>0x22d</size>
         <alignment>0x1</alignment>
         <input_file_ref idref="fl-a"/>
      </object_component>
      <object_component id="oc-175">
         <name>.debug_abbrev</name>
         <load_address>0xef5</load_address>
         <run_address>0xef5</run_address>
         <size>0x62</size>
         <alignment>0x1</alignment>
         <input_file_ref idref="fl-19"/>
      </object_component>
      <object_component id="oc-17a">
         <name>.debug_abbrev</name>
         <load_address>0xf57</load_address>
         <run_address>0xf57</run_address>
         <size>0x277</size>
         <alignment>0x1</alignment>
         <input_file_ref idref="fl-1a"/>
      </object_component>
      <object_component id="oc-178">
         <name>.debug_abbrev</name>
         <load_address>0x11ce</load_address>
         <run_address>0x11ce</run_address>
         <size>0x258</size>
         <alignment>0x1</alignment>
         <input_file_ref idref="fl-1b"/>
      </object_component>
      <object_component id="oc-f2">
         <name>.debug_abbrev</name>
         <load_address>0x1426</load_address>
         <run_address>0x1426</run_address>
         <size>0x27f</size>
         <alignment>0x1</alignment>
         <input_file_ref idref="fl-1c"/>
      </object_component>
      <object_component id="oc-3e">
         <name>.debug_abbrev</name>
         <load_address>0x16a5</load_address>
         <run_address>0x16a5</run_address>
         <size>0xaf</size>
         <alignment>0x1</alignment>
         <input_file_ref idref="fl-31"/>
      </object_component>
      <object_component id="oc-11e">
         <name>.debug_abbrev</name>
         <load_address>0x1754</load_address>
         <run_address>0x1754</run_address>
         <size>0x170</size>
         <alignment>0x1</alignment>
         <input_file_ref idref="fl-33"/>
      </object_component>
      <object_component id="oc-ce">
         <name>.debug_abbrev</name>
         <load_address>0x18c4</load_address>
         <run_address>0x18c4</run_address>
         <size>0x39</size>
[...]
         <name>turn_on_3v3_site_2</name>
         <value>0x1f79</value>
         <object_component_ref idref="oc-14f"/>
      </symbol>
      <symbol id="sm-a0">
         <name>turn_on_3v3_site_3</name>
         <value>0x1f8d</value>
         <object_component_ref idref="oc-151"/>
      </symbol>
      <symbol id="sm-a1">
         <name>turn_on_2v7_site_1</name>
         <value>0x1f29</value>
         <object_component_ref idref="oc-153"/>
      </symbol>
      <symbol id="sm-a2">
         <name>turn_on_2v7_site_2</name>
         <value>0x1f3d</value>
         <object_component_ref idref="oc-155"/>
      </symbol>
      <symbol id="sm-a3">
         <name>turn_on_2v7_site_3</name>
         <value>0x1f51</value>
         <object_component_ref idref="oc-157"/>
      </symbol>
      <symbol id="sm-b5">
         <name>Delay_Timer_Initialize</name>
         <value>0xc69</value>
         <object_component_ref idref="oc-144"/>
      </symbol>
      <symbol id="sm-b6">
         <name>Delay_Timer_Start</name>
         <value>0x1f15</value>
         <object_component_ref idref="oc-145"/>
      </symbol>
      <symbol id="sm-b7">
         <name>Delay_Timer_Get</name>
         <value>0x1e0d</value>
         <object_component_ref idref="oc-114"/>
      </symbol>
      <symbol id="sm-b8">
         <name>Delay_Timer_IRQ</name>
         <value>0x1eeb</value>
         <object_component_ref idref="oc-78"/>
      </symbol>
      <symbol id="sm-e7">
         <name>SYSCFG_DL_init</name>
         <value>0x1d99</value>
         <object_component_ref idref="oc-d0"/>
      </symbol>
      <symbol id="sm-e8">
         <name>SYSCFG_DL_initPower</name>
         <value>0x1491</value>
         <object_component_ref idref="oc-fb"/>
      </symbol>
      <symbol id="sm-e9">
         <name>SYSCFG_DL_GPIO_init</name>
         <value>0x10e1</value>
         <object_component_ref idref="oc-fc"/>
      </symbol>
      <symbol id="sm-ea">
         <name>SYSCFG_DL_SYSCTL_init</name>
         <value>0x1609</value>
         <object_component_ref idref="oc-fd"/>
      </symbol>
      <symbol id="sm-eb">
         <name>SYSCFG_DL_TIMER_2_init</name>
         <value>0x1775</value>
         <object_component_ref idref="oc-ff"/>
      </symbol>
      <symbol id="sm-ec">
         <name>SYSCFG_DL_TIMER_0_init</name>
         <value>0x1689</value>
         <object_component_ref idref="oc-100"/>
      </symbol>
      <symbol id="sm-ed">
         <name>SYSCFG_DL_UART_0_init</name>
         <value>0xd01</value>
         <object_component_ref idref="oc-101"/>
      </symbol>
      <symbol id="sm-ee">
         <name>SYSCFG_DL_SPI_0_init</name>
         <value>0x133d</value>
         <object_component_ref idref="oc-102"/>
      </symbol>
      <symbol id="sm-f9">
         <name>Default_Handler</name>
         <value>0x29f</value>
         <object_component_ref idref="oc-33"/>
      </symbol>
      <symbol id="sm-fa">
         <name>Reset_Handler</name>
         <value>0x20e1</value>
         <object_component_ref idref="oc-2f"/>
      </symbol>
      <symbol id="sm-fb">
         <name>interruptVectors</name>
         <value>0x0</value>
         <object_component_ref idref="oc-18"/>
      </symbol>
      <symbol id="sm-fc">
         <name>NMI_Handler</name>
         <value>0x29f</value>
         <object_component_ref idref="oc-33"/>
      </symbol>
      <symbol id="sm-fd">
         <name>HardFault_Handler</name>
         <value>0x29f</value>
         <object_component_ref idref="oc-33"/>
      </symbol>
      <symbol id="sm-fe">
         <name>SVC_Handler</name>
         <value>0x29f</value>
         <object_component_ref idref="oc-33"/>
      </symbol>
      <symbol id="sm-ff">
         <name>PendSV_Handler</name>
         <value>0x29f</value>
         <object_component_ref idref="oc-33"/>
      </symbol>
      <symbol id="sm-100">
         <name>SysTick_Handler</name>
         <value>0x29f</value>
         <object_component_ref idref="oc-33"/>
      </symbol>
      <symbol id="sm-101">
         <name>GROUP0_IRQHandler</name>
         <value>0x29f</value>
         <object_component_ref idref="oc-33"/>
      </symbol>
      <symbol id="sm-102">
         <name>GROUP1_IRQHandler</name>
         <value>0x29f</value>
         <object_component_ref idref="oc-33"/>
      </symbol>
      <symbol id="sm-103">
         <name>TIMG8_IRQHandler</name>
         <value>0x29f</value>
         <object_component_ref idref="oc-33"/>
      </symbol>
      <symbol id="sm-104">
         <name>UART3_IRQHandler</name>
         <value>0x29f</value>
         <object_component_ref idref="oc-33"/>
      </symbol>
      <symbol id="sm-105">
         <name>ADC0_IRQHandler</name>
         <value>0x29f</value>
         <object_component_ref idref="oc-33"/>
      </symbol>
      <symbol id="sm-106">
         <name>ADC1_IRQHandler</name>
         <value>0x29f</value>
         <object_component_ref idref="oc-33"/>
      </symbol>
      <symbol id="sm-107">
         <name>CANFD0_IRQHandler</name>
         <value>0x29f</value>
         <object_component_ref idref="oc-33"/>
      </symbol>
      <symbol id="sm-108">
         <name>DAC0_IRQHandler</name>
         <value>0x29f</value>
         <object_component_ref idref="oc-33"/>
      </symbol>
      <symbol id="sm-109">
         <name>SPI1_IRQHandler</name>
         <value>0x29f</value>
         <object_component_ref idref="oc-33"/>
      </symbol>
      <symbol id="sm-10a">
         <name>UART1_IRQHandler</name>
         <value>0x29f</value>
         <object_component_ref idref="oc-33"/>
      </symbol>
      <symbol id="sm-10b">
         <name>UART2_IRQHandler</name>
         <value>0x29f</value>
         <object_component_ref idref="oc-33"/>
      </symbol>
      <symbol id="sm-10c">
         <name>TIMG0_IRQHandler</name>
         <value>0x29f</value>
         <object_component_ref idref="oc-33"/>
      </symbol>
      <symbol id="sm-10d">
         <name>TIMG6_IRQHandler</name>
         <value>0x29f</value>
         <object_component_ref idref="oc-33"/>
      </symbol>
      <symbol id="sm-10e">
         <name>TIMA1_IRQHandler</name>
         <value>0x29f</value>
         <object_component_ref idref="oc-33"/>
      </symbol>
      <symbol id="sm-10f">
         <name>TIMG12_IRQHandler</name>
         <value>0x29f</value>
         <object_component_ref idref="oc-33"/>
      </symbol>
      <symbol id="sm-110">
         <name>I2C0_IRQHandler</name>
         <value>0x29f</value>
         <object_component_ref idref="oc-33"/>
      </symbol>
      <symbol id="sm-111">
         <name>I2C1_IRQHandler</name>
         <value>0x29f</value>
         <object_component_ref idref="oc-33"/>
      </symbol>
      <symbol id="sm-112">
         <name>AES_IRQHandler</name>
         <value>0x29f</value>
         <object_component_ref idref="oc-33"/>
      </symbol>
      <symbol id="sm-113">
         <name>RTC_IRQHandler</name>
         <value>0x29f</value>
         <object_component_ref idref="oc-33"/>
      </symbol>
      <symbol id="sm-114">
         <name>DMA_IRQHandler</name>
         <value>0x29f</value>
         <object_component_ref idref="oc-33"/>
      </symbol>
      <symbol id="sm-124">
         <name>led_init</name>
         <value>0x1ebd</value>
         <object_component_ref idref="oc-109"/>
      </symbol>
      <symbol id="sm-125">
         <name>led_on</name>
         <value>0x19ad</value>
         <object_component_ref idref="oc-147"/>
      </symbol>
      <symbol id="sm-126">
         <name>led_off</name>
         <value>0x197d</value>
         <object_component_ref idref="oc-14a"/>
      </symbol>
      <symbol id="sm-12f">
         <name>main</name>
         <value>0x1d55</value>
         <object_component_ref idref="oc-8b"/>
      </symbol>
      <symbol id="sm-144">
         <name>relay_init_all</name>
         <value>0xffd</value>
         <object_component_ref idref="oc-107"/>
      </symbol>
      <symbol id="sm-145">
         <name>relay_on_voltage</name>
         <value>0x17ad</value>
         <object_component_ref idref="oc-18e"/>
      </symbol>
      <symbol id="sm-146">
         <name>relay_on_resistor_select</name>
         <value>0x1531</value>
         <object_component_ref idref="oc-18f"/>
      </symbol>
      <symbol id="sm-15b">
         <name>usb_cmd_data_setup</name>
         <value>0xb2f</value>
         <object_component_ref idref="oc-146"/>
      </symbol>
      <symbol id="sm-15c">
         <name>usb_init</name>
         <value>0xe19</value>
         <object_component_ref idref="oc-105"/>
      </symbol>
      <symbol id="sm-15d">
         <name>usb_fsm</name>
         <value>0x585</value>
         <object_component_ref idref="oc-d6"/>
      </symbol>
      <symbol id="sm-15e">
         <name>process_usb_command</name>
         <value>0x879</value>
         <object_component_ref idref="oc-115"/>
      </symbol>
      <symbol id="sm-15f">
         <name>__TI_ATRegion0_src_addr</name>
         <value>0x0</value>
      </symbol>
      <symbol id="sm-160">
         <name>__TI_ATRegion0_trg_addr</name>
         <value>0x0</value>
      </symbol>
      <symbol id="sm-161">
         <name>__TI_ATRegion0_region_sz</name>
         <value>0x0</value>
      </symbol>
      <symbol id="sm-162">
         <name>__TI_ATRegion1_src_addr</name>
         <value>0x0</value>
      </symbol>
      <symbol id="sm-163">
         <name>__TI_ATRegion1_trg_addr</name>
         <value>0x0</value>
      </symbol>
      <symbol id="sm-164">
         <name>__TI_ATRegion1_region_sz</name>
         <value>0x0</value>
      </symbol>
      <symbol id="sm-165">
         <name>__TI_ATRegion2_src_addr</name>
         <value>0x0</value>
      </symbol>
      <symbol id="sm-166">
         <name>__TI_ATRegion2_trg_addr</name>
         <value>0x0</value>
      </symbol>
      <symbol id="sm-167">
         <name>__TI_ATRegion2_region_sz</name>
         <value>0x0</value>
      </symbol>
      <symbol id="sm-170">
         <name>DL_Common_delayCycles</name>
         <value>0x2091</value>
         <object_component_ref idref="oc-125"/>
      </symbol>
      <symbol id="sm-180">
         <name>DL_SPI_init</name>
         <value>0x15c5</value>
         <object_component_ref idref="oc-13e"/>
      </symbol>
      <symbol id="sm-181">
         <name>DL_SPI_setClockConfig</name>
         <value>0x1fb3</value>
         <object_component_ref idref="oc-138"/>
      </symbol>
      <symbol id="sm-182">
         <name>DL_SPI_drainRXFIFO16</name>
         <value>0x1395</value>
         <object_component_ref idref="oc-1b8"/>
      </symbol>
      <symbol id="sm-192">
         <name>DL_Timer_setClockConfig</name>
         <value>0x1df1</value>
         <object_component_ref idref="oc-129"/>
      </symbol>
      <symbol id="sm-193">
         <name>DL_Timer_initTimerMode</name>
         <value>0x791</value>
         <object_component_ref idref="oc-12f"/>
      </symbol>
      <symbol id="sm-1a6">
         <name>DL_UART_init</name>
         <value>0x157d</value>
         <object_component_ref idref="oc-135"/>
      </symbol>
      <symbol id="sm-1a7">
         <name>DL_UART_setClockConfig</name>
         <value>0x1fe9</value>
         <object_component_ref idref="oc-134"/>
      </symbol>
      <symbol id="sm-1a8">
         <name>DL_UART_drainRXFIFO</name>
         <value>0x13e9</value>
         <object_component_ref idref="oc-b7"/>
      </symbol>
      <symbol id="sm-1a9">
         <name>DL_UART_fillTXFIFO</name>
         <value>0x143d</value>
         <object_component_ref idref="oc-bd"/>
      </symbol>
      <symbol id="sm-1b4">
         <name>_c_int00_noargs</name>
         <value>0x1ce1</value>
         <object_component_ref idref="oc-57"/>
      </symbol>
      <symbol id="sm-1b5">
         <name>__stack</name>
         <value>0x20207e00</value>
         <object_component_ref idref="oc-1a"/>
      </symbol>
      <symbol id="sm-1c1">
         <name>__TI_auto_init_nobinit_nopinit</name>
         <value>0x1701</value>
         <object_component_ref idref="oc-e0"/>
      </symbol>
      <symbol id="sm-1c9">
         <name>_system_pre_init</name>
         <value>0x20e5</value>
         <object_component_ref idref="oc-87"/>
      </symbol>
      <symbol id="sm-1d4">
         <name>__TI_zero_init</name>
         <value>0x205d</value>
         <object_component_ref idref="oc-54"/>
      </symbol>
      <symbol id="sm-1e0">
         <name>abort</name>
         <value>0x20e9</value>
         <object_component_ref idref="oc-d9"/>
      </symbol>
      <symbol id="sm-1e1">
         <name>C$$EXIT</name>
         <value>0x20e8</value>
         <object_component_ref idref="oc-d9"/>
      </symbol>
      <symbol id="sm-205">
         <name>noActionSPIInterface</name>
         <value>0x2085</value>
         <object_component_ref idref="oc-192"/>
      </symbol>
      <symbol id="sm-206">
         <name>SPI_Initialize</name>
         <value>0xd91</value>
         <object_component_ref idref="oc-165"/>
      </symbol>
      <symbol id="sm-207">
         <name>SPI_Transact</name>
         <value>0xf11</value>
         <object_component_ref idref="oc-1ae"/>
      </symbol>
      <symbol id="sm-208">
         <name>SPI_IRQ</name>
         <value>0x939</value>
         <object_component_ref idref="oc-5e"/>
      </symbol>
      <symbol id="sm-246">
         <name>defaultTimerSingleTriggerCB</name>
         <value>0x2079</value>
         <object_component_ref idref="oc-189"/>
      </symbol>
      <symbol id="sm-247">
         <name>Timer_Timeout_Inialize</name>
         <value>0x691</value>
         <object_component_ref idref="oc-142"/>
      </symbol>
      <symbol id="sm-248">
         <name>Timer_Timeout_Time_Set</name>
         <value>0x12e3</value>
         <object_component_ref idref="oc-18a"/>
      </symbol>
      <symbol id="sm-249">
         <name>Timer_Timeout_Start</name>
         <value>0x17e5</value>
         <object_component_ref idref="oc-1b5"/>
      </symbol>
      <symbol id="sm-24a">
         <name>Timer_Timeout_reStart</name>
         <value>0x1b9f</value>
         <object_component_ref idref="oc-1b6"/>
      </symbol>
      <symbol id="sm-24b">
         <name>Timer_Timeout_IRQ</name>
         <value>0x1b75</value>
         <object_component_ref idref="oc-72"/>
      </symbol>
      <symbol id="sm-29b">
         <name>defaultUartCallBack</name>
         <value>0x203d</value>
         <object_component_ref idref="oc-180"/>
      </symbol>
      <symbol id="sm-29c">
         <name>defaultUartInprogressCallback</name>
         <value>0x204d</value>
         <object_component_ref idref="oc-181"/>
      </symbol>
      <symbol id="sm-29d">
         <name>UART_rxDMA_Initialize</name>
         <value>0xe99</value>
         <object_component_ref idref="oc-17e"/>
      </symbol>
      <symbol id="sm-29e">
         <name>UART_txDMA_Initialize</name>
         <value>0xf87</value>
         <object_component_ref idref="oc-17f"/>
      </symbol>
      <symbol id="sm-29f">
         <name>UART_Interface_Initialize</name>
         <value>0x2a1</value>
         <object_component_ref idref="oc-141"/>
      </symbol>
      <symbol id="sm-2a0">
         <name>UART_Interface_Start_Transmit</name>
         <value>0x9eb</value>
         <object_component_ref idref="oc-16b"/>
      </symbol>
      <symbol id="sm-2a1">
         <name>UART_Interface_Start_Receive</name>
         <value>0xa8f</value>
         <object_component_ref idref="oc-169"/>
      </symbol>
      <symbol id="sm-2a2">
         <name>UART_Interface_IRQ</name>
         <value>0xc1</value>
         <object_component_ref idref="oc-6c"/>
      </symbol>
      <symbol id="sm-2a3">
         <name>UART_Interface_Stop_Receive</name>
         <value>0x181b</value>
         <object_component_ref idref="oc-1b7"/>
      </symbol>
      <symbol id="sm-2cb">
         <name>targetRxDoneCb</name>
         <value>0x19dd</value>
         <object_component_ref idref="oc-1a9"/>
      </symbol>
      <symbol id="sm-2cc">
         <name>glUartTarget</name>
         <value>0x202013ac</value>
      </symbol>
      <symbol id="sm-2cd">
         <name>targetTxDoneCb</name>
         <value>0x1a0d</value>
         <object_component_ref idref="oc-1aa"/>
      </symbol>
      <symbol id="sm-2ce">
         <name>targetRxInProgressCb</name>
         <value>0x114d</value>
         <object_component_ref idref="oc-1ab"/>
      </symbol>
      <symbol id="sm-2cf">
         <name>targetTxInProgressCb</name>
         <value>0x1cb9</value>
         <object_component_ref idref="oc-1ac"/>
      </symbol>
      <symbol id="sm-2d0">
         <name>timerCallback</name>
         <value>0x1885</value>
         <object_component_ref idref="oc-1ad"/>
      </symbol>
      <symbol id="sm-2d1">
         <name>glUartTargetIndexFromTimerIndex</name>
         <value>0x20201498</value>
      </symbol>
      <symbol id="sm-2d2">
         <name>UART_Target_AssignCallBacks</name>
         <value>0x121d</value>
         <object_component_ref idref="oc-18b"/>
      </symbol>
      <symbol id="sm-2d3">
         <name>UART_Target_Initialize</name>
         <value>0x1071</value>
         <object_component_ref idref="oc-143"/>
      </symbol>
      <symbol id="sm-2d4">
         <name>UART_Target_Receive</name>
         <value>0x14e5</value>
         <object_component_ref idref="oc-112"/>
      </symbol>
      <symbol id="sm-2d5">
         <name>UART_Target_Transmit</name>
         <value>0x16c5</value>
         <object_component_ref idref="oc-116"/>
      </symbol>
      <symbol id="sm-2d6">
         <name>UART_Target_getState</name>
         <value>0x1e29</value>
         <object_component_ref idref="oc-10d"/>
      </symbol>
      <symbol id="sm-2d7">
         <name>UART_Target_setState</name>
         <value>0x1c91</value>
         <object_component_ref idref="oc-113"/>
      </symbol>
      <symbol id="sm-2dd">
         <name>__aeabi_memcpy</name>
         <value>0x20d9</value>
         <object_component_ref idref="oc-47"/>
      </symbol>
      <symbol id="sm-2de">
         <name>__aeabi_memcpy4</name>
         <value>0x20d9</value>
         <object_component_ref idref="oc-47"/>
      </symbol>
      <symbol id="sm-2df">
         <name>__aeabi_memcpy8</name>
         <value>0x20d9</value>
         <object_component_ref idref="oc-47"/>
      </symbol>
      <symbol id="sm-2e6">
         <name>__aeabi_memclr</name>
         <value>0x206d</value>
         <object_component_ref idref="oc-82"/>
      </symbol>
      <symbol id="sm-2e7">
         <name>__aeabi_memclr4</name>
         <value>0x206d</value>
         <object_component_ref idref="oc-82"/>
      </symbol>
      <symbol id="sm-2e8">
         <name>__aeabi_memclr8</name>
         <value>0x206d</value>
         <object_component_ref idref="oc-82"/>
      </symbol>
      <symbol id="sm-2ee">
         <name>__aeabi_uidiv</name>
         <value>0x1649</value>
         <object_component_ref idref="oc-182"/>
      </symbol>
      <symbol id="sm-2ef">
         <name>__aeabi_uidivmod</name>
         <value>0x1649</value>
         <object_component_ref idref="oc-182"/>
      </symbol>
      <symbol id="sm-2f9">
         <name>__aeabi_idiv0</name>
         <value>0xc67</value>
         <object_component_ref idref="oc-19d"/>
      </symbol>
      <symbol id="sm-312">
         <name>memcpy</name>
         <value>0xbcd</value>
         <object_component_ref idref="oc-cb"/>
      </symbol>
      <symbol id="sm-321">
         <name>memset</name>
         <value>0x1281</value>
         <object_component_ref idref="oc-fa"/>
      </symbol>
      <symbol id="sm-322">
         <name>__TI_static_base__</name>
         <value>0x0</value>
      </symbol>
      <symbol id="sm-324">
         <name>__mpu_init</name>
         <value>0x0</value>
      </symbol>
      <symbol id="sm-325">
         <name>_system_post_cinit</name>
         <value>0x0</value>
      </symbol>
   </symbol_table>
   <title>Link successful</title>
</link_info>
