******************************************************************************
            TI ARM Clang Linker PC v4.0.0                      
******************************************************************************
>> Linked Fri May 29 16:21:19 2026

OUTPUT FILE NAME:   <main.out>
ENTRY POINT SYMBOL: "_c_int00_noargs"  address: 00001ce1


MEMORY CONFIGURATION

         name            origin    length      used     unused   attr    fill
----------------------  --------  ---------  --------  --------  ----  --------
  FLASH                 00000000   00020000  00002290  0001dd70  R  X
  SRAM                  20200000   00008000  0000169b  00006965  RW X
  BCR_CONFIG            41c00000   00000080  00000000  00000080  R   
  BSL_CONFIG            41c00100   00000080  00000000  00000080  R   


SEGMENT ALLOCATION MAP

run origin  load origin   length   init length attrs members
----------  ----------- ---------- ----------- ----- -------
00000000    00000000    00002290   00002290    r-x
  00000000    00000000    000000c0   000000c0    r-- .intvecs
  000000c0    000000c0    00002030   00002030    r-x .text
  000020f0    000020f0    00000188   00000188    r-- .rodata
  00002278    00002278    00000018   00000018    r-- .cinit
20200000    20200000    0000149b   00000000    rw-
  20200000    20200000    0000149b   00000000    rw- .bss
20207e00    20207e00    00000200   00000000    rw-
  20207e00    20207e00    00000200   00000000    rw- .stack


SECTION ALLOCATION MAP

 output                                  attributes/
section   page    origin      length       input sections
--------  ----  ----------  ----------   ----------------
.intvecs   0    00000000    000000c0     
                  00000000    000000c0     startup_mspm0g350x_ticlang.o (.intvecs)

.text      0    000000c0    00002030     
                  000000c0    000001de     MSPM0G_Library.lib : UART_Interface.o (.text.UART_Interface_IRQ)
                  0000029e    00000002     startup_mspm0g350x_ticlang.o (.text.Default_Handler)
                  000002a0    0000017c     MSPM0G_Library.lib : UART_Interface.o (.text.UART_Interface_Initialize)
                  0000041c    00000168     app.o (.text.cmd_data_setup)
                  00000584    0000010c     usb.o (.text.usb_fsm)
                  00000690    00000100     MSPM0G_Library.lib : Timer_Timeout.o (.text.Timer_Timeout_Inialize)
                  00000790    000000e8     driverlib.a : dl_timer.o (.text.DL_Timer_initTimerMode)
                  00000878    000000c0     usb.o (.text.process_usb_command)
                  00000938    000000b2     MSPM0G_Library.lib : SPI_Interface.o (.text.SPI_IRQ)
                  000009ea    000000a4                        : UART_Interface.o (.text.UART_Interface_Start_Transmit)
                  00000a8e    000000a0                        : UART_Interface.o (.text.UART_Interface_Start_Receive)
                  00000b2e    0000009e     usb.o (.text.usb_cmd_data_setup)
                  00000bcc    0000009a     libc.a : memcpy16.S.obj (.text:memcpy)
                  00000c66    00000002     libclang_rt.builtins.a : aeabi_div0.c.obj (.text.__aeabi_idiv0)
                  00000c68    00000098     delay_timer.o (.text.Delay_Timer_Initialize)
                  00000d00    00000090     ti_msp_dl_config.o (.text.SYSCFG_DL_UART_0_init)
                  00000d90    00000088     MSPM0G_Library.lib : SPI_Interface.o (.text.SPI_Initialize)
                  00000e18    00000080     usb.o (.text.usb_init)
                  00000e98    00000078     MSPM0G_Library.lib : UART_Interface.o (.text.UART_rxDMA_Initialize)
                  00000f10    00000076                        : SPI_Interface.o (.text.SPI_Transact)
                  00000f86    00000074                        : UART_Interface.o (.text.UART_txDMA_Initialize)
                  00000ffa    00000002     --HOLE-- [fill = 0]
                  00000ffc    00000074     relay.o (.text.relay_init_all)
                  00001070    00000070     MSPM0G_Library.lib : UART_Target.o (.text.UART_Target_Initialize)
                  000010e0    0000006c     ti_msp_dl_config.o (.text.SYSCFG_DL_GPIO_init)
                  0000114c    0000006c     MSPM0G_Library.lib : UART_Target.o (.text.targetRxInProgressCb)
                  000011b8    00000064     adc.o (.text.Max5719GSD_write)
                  0000121c    00000064     MSPM0G_Library.lib : UART_Target.o (.text.UART_Target_AssignCallBacks)
                  00001280    00000062     libc.a : memset16.S.obj (.text:memset)
                  000012e2    0000005a     MSPM0G_Library.lib : Timer_Timeout.o (.text.Timer_Timeout_Time_Set)
                  0000133c    00000058     ti_msp_dl_config.o (.text.SYSCFG_DL_SPI_0_init)
                  00001394    00000054     driverlib.a : dl_spi.o (.text.DL_SPI_drainRXFIFO16)
                  000013e8    00000054                 : dl_uart.o (.text.DL_UART_drainRXFIFO)
                  0000143c    00000054                 : dl_uart.o (.text.DL_UART_fillTXFIFO)
                  00001490    00000054     ti_msp_dl_config.o (.text.SYSCFG_DL_initPower)
                  000014e4    0000004c     MSPM0G_Library.lib : UART_Target.o (.text.UART_Target_Receive)
                  00001530    0000004c     relay.o (.text.relay_on_resistor_select)
                  0000157c    00000048     driverlib.a : dl_uart.o (.text.DL_UART_init)
                  000015c4    00000044                 : dl_spi.o (.text.DL_SPI_init)
                  00001608    00000040     ti_msp_dl_config.o (.text.SYSCFG_DL_SYSCTL_init)
                  00001648    00000040     libclang_rt.builtins.a : aeabi_uidivmod.S.obj (.text.__aeabi_uidivmod)
                  00001688    0000003c     ti_msp_dl_config.o (.text.SYSCFG_DL_TIMER_0_init)
                  000016c4    0000003c     MSPM0G_Library.lib : UART_Target.o (.text.UART_Target_Transmit)
                  00001700    0000003c     libc.a : autoinit.c.obj (.text:__TI_auto_init_nobinit_nopinit)
                  0000173c    00000038     MSPM0G_Library.lib : UART_Interface.o (.text.DL_DMA_setTrigger)
                  00001774    00000038     ti_msp_dl_config.o (.text.SYSCFG_DL_TIMER_2_init)
                  000017ac    00000038     relay.o (.text.relay_on_voltage)
                  000017e4    00000036     MSPM0G_Library.lib : Timer_Timeout.o (.text.Timer_Timeout_Start)
                  0000181a    00000036                        : UART_Interface.o (.text.UART_Interface_Stop_Receive)
                  00001850    00000034                        : UART_Interface.o (.text.DL_DMA_configMode)
                  00001884    00000034                        : UART_Target.o (.text.timerCallback)
                  000018b8    00000032                        : UART_Interface.o (.text.DL_DMA_setDestWidth)
                  000018ea    00000030                        : UART_Interface.o (.text.DL_DMA_setDestIncrement)
                  0000191a    00000030                        : UART_Interface.o (.text.DL_DMA_setSrcWidth)
                  0000194a    00000002     --HOLE-- [fill = 0]
                  0000194c    00000030                        : UART_Interface.o (.text.DL_DMA_setTransferSize)
                  0000197c    00000030     led.o (.text.led_off)
                  000019ac    00000030     led.o (.text.led_on)
                  000019dc    00000030     MSPM0G_Library.lib : UART_Target.o (.text.targetRxDoneCb)
                  00001a0c    00000030                        : UART_Target.o (.text.targetTxDoneCb)
                  00001a3c    0000002e                        : UART_Interface.o (.text.DL_DMA_setSrcIncrement)
                  00001a6a    00000002     --HOLE-- [fill = 0]
                  00001a6c    0000002c                        : SPI_Interface.o (.text.__NVIC_ClearPendingIRQ)
                  00001a98    0000002c                        : Timer_Timeout.o (.text.__NVIC_ClearPendingIRQ)
                  00001ac4    0000002c                        : UART_Interface.o (.text.__NVIC_ClearPendingIRQ)
                  00001af0    0000002c                        : SPI_Interface.o (.text.__NVIC_EnableIRQ)
                  00001b1c    0000002c                        : Timer_Timeout.o (.text.__NVIC_EnableIRQ)
                  00001b48    0000002c                        : UART_Interface.o (.text.__NVIC_EnableIRQ)
                  00001b74    0000002a                        : Timer_Timeout.o (.text.Timer_Timeout_IRQ)
                  00001b9e    0000002a                        : Timer_Timeout.o (.text.Timer_Timeout_reStart)
                  00001bc8    00000028                        : Timer_Timeout.o (.text.DL_Common_updateReg)
                  00001bf0    00000028                        : UART_Interface.o (.text.DL_Common_updateReg)
                  00001c18    00000028                        : UART_Interface.o (.text.DL_DMA_setDestAddr)
                  00001c40    00000028                        : UART_Interface.o (.text.DL_DMA_setSrcAddr)
                  00001c68    00000028     adc.o (.text.Max5719GSD_init)
                  00001c90    00000028     MSPM0G_Library.lib : UART_Target.o (.text.UART_Target_setState)
                  00001cb8    00000028                        : UART_Target.o (.text.targetTxInProgressCb)
                  00001ce0    00000028     libc.a : boot_cortex_m.c.obj (.text:_c_int00_noargs)
                  00001d08    00000026     MSPM0G_Library.lib : UART_Interface.o (.text.DL_DMA_disableChannel)
                  00001d2e    00000026                        : UART_Interface.o (.text.DL_DMA_enableChannel)
                  00001d54    00000024     main.o (.text.main)
                  00001d78    00000020     MSPM0G_Library.lib : Timer_Timeout.o (.text.DL_Timer_setCounterValueAfterEnable)
                  00001d98    00000020     ti_msp_dl_config.o (.text.SYSCFG_DL_init)
                  00001db8    0000001c     MSPM0G_Library.lib : Timer_Timeout.o (.text.DL_Timer_disableInterrupt)
                  00001dd4    0000001c                        : Timer_Timeout.o (.text.DL_Timer_enableInterrupt)
                  00001df0    0000001c     driverlib.a : dl_timer.o (.text.DL_Timer_setClockConfig)
                  00001e0c    0000001c     delay_timer.o (.text.Delay_Timer_Get)
                  00001e28    0000001c     MSPM0G_Library.lib : UART_Target.o (.text.UART_Target_getState)
                  00001e44    00000018                        : Timer_Timeout.o (.text.DL_Timer_clearInterruptStatus)
                  00001e5c    00000018                        : Timer_Timeout.o (.text.DL_Timer_setLoadValue)
                  00001e74    00000018                        : Timer_Timeout.o (.text.DL_Timer_startCounter)
                  00001e8c    00000018                        : Timer_Timeout.o (.text.DL_Timer_stopCounter)
                  00001ea4    00000018     app.o (.text.app_init)
                  00001ebc    00000018     led.o (.text.led_init)
                  00001ed4    00000016     MSPM0G_Library.lib : SPI_Interface.o (.text.DL_SPI_transmitData16)
                  00001eea    00000016     delay_timer.o (.text.Delay_Timer_IRQ)
                  00001f00    00000014     MSPM0G_Library.lib : SPI_Interface.o (.text.DL_SPI_receiveData16)
                  00001f14    00000014     delay_timer.o (.text.Delay_Timer_Start)
                  00001f28    00000014     command.o (.text.turn_on_2v7_site_1)
                  00001f3c    00000014     command.o (.text.turn_on_2v7_site_2)
                  00001f50    00000014     command.o (.text.turn_on_2v7_site_3)
                  00001f64    00000014     command.o (.text.turn_on_3v3_site_1)
                  00001f78    00000014     command.o (.text.turn_on_3v3_site_2)
                  00001f8c    00000014     command.o (.text.turn_on_3v3_site_3)
                  00001fa0    00000012     MSPM0G_Library.lib : SPI_Interface.o (.text.DL_SPI_getPendingInterrupt)
                  00001fb2    00000012     driverlib.a : dl_spi.o (.text.DL_SPI_setClockConfig)
                  00001fc4    00000012     MSPM0G_Library.lib : Timer_Timeout.o (.text.DL_Timer_getPendingInterrupt)
                  00001fd6    00000012                        : UART_Interface.o (.text.DL_UART_getPendingInterrupt)
                  00001fe8    00000012     driverlib.a : dl_uart.o (.text.DL_UART_setClockConfig)
                  00001ffa    00000002     --HOLE-- [fill = 0]
                  00001ffc    00000010     app.o (.text.SPI0_IRQHandler)
                  0000200c    00000010     app.o (.text.TIMA0_IRQHandler)
                  0000201c    00000010     app.o (.text.TIMG7_IRQHandler)
                  0000202c    00000010     app.o (.text.UART0_IRQHandler)
                  0000203c    00000010     MSPM0G_Library.lib : UART_Interface.o (.text.defaultUartCallBack)
                  0000204c    00000010                        : UART_Interface.o (.text.defaultUartInprogressCallback)
                  0000205c    00000010     libc.a : copy_zero_init.c.obj (.text:decompress:ZI)
                  0000206c    0000000c     libclang_rt.builtins.a : aeabi_memset.S.obj (.text.__aeabi_memclr)
                  00002078    0000000c     MSPM0G_Library.lib : Timer_Timeout.o (.text.defaultTimerSingleTriggerCB)
                  00002084    0000000c                        : SPI_Interface.o (.text.noActionSPIInterface)
                  00002090    0000000a     driverlib.a : dl_common.o (.text.DL_Common_delayCycles)
                  0000209a    0000000a     command.o (.text.resistor_100ohm)
                  000020a4    0000000a     command.o (.text.resistor_120kohm)
                  000020ae    0000000a     command.o (.text.resistor_200ohm)
                  000020b8    0000000a     command.o (.text.resistor_330ohm)
                  000020c2    0000000a     command.o (.text.resistor_33kohm)
                  000020cc    0000000a     command.o (.text.resistor_3R3kohm)
                  000020d6    00000002     --HOLE-- [fill = 0]
                  000020d8    00000008     libclang_rt.builtins.a : aeabi_memcpy.S.obj (.text.__aeabi_memcpy)
                  000020e0    00000004     startup_mspm0g350x_ticlang.o (.text.Reset_Handler)
                  000020e4    00000004     libc.a : pre_init.c.obj (.text._system_pre_init)
                  000020e8    00000004            : exit.c.obj (.text:abort)
                  000020ec    00000004     --HOLE-- [fill = 0]

.cinit     0    00002278    00000018     
                  00002278    00000008     (.cinit..bss.load) [load image, compression = zero_init]
                  00002280    00000004     (__TI_handler_table)
                  00002284    00000008     (__TI_cinit_table)
                  0000228c    00000004     --HOLE-- [fill = 0]

.rodata    0    000020f0    00000188     
                  000020f0    00000024     relay.o (.rodata.relay_pins)
                  00002114    00000024     relay.o (.rodata.relay_ports)
                  00002138    00000014     ti_msp_dl_config.o (.rodata.gTIMER_0TimerConfig)
                  0000214c    00000014     ti_msp_dl_config.o (.rodata.gTIMER_2TimerConfig)
                  00002160    00000013     app.o (.rodata.str1.112458129122677307381)
                  00002173    00000013     app.o (.rodata.str1.181698742966647900341)
                  00002186    00000013     app.o (.rodata.str1.35400907796042165521)
                  00002199    00000013     app.o (.rodata.str1.51777625432436005601)
                  000021ac    00000013     app.o (.rodata.str1.59354850965935802921)
                  000021bf    00000013     app.o (.rodata.str1.9803400861254684601)
                  000021d2    00000012     usb.o (.rodata.invalid_cmd)
                  000021e4    00000011     app.o (.rodata.str1.149615729164433715791)
                  000021f5    00000011     app.o (.rodata.str1.167043980239712816831)
                  00002206    00000010     app.o (.rodata.str1.157211581842481736451)
                  00002216    00000010     app.o (.rodata.str1.180651896935739422851)
                  00002226    00000010     app.o (.rodata.str1.21849889636613714601)
                  00002236    00000010     app.o (.rodata.str1.61371923034458905691)
                  00002246    0000000a     ti_msp_dl_config.o (.rodata.gSPI_0_config)
                  00002250    0000000a     ti_msp_dl_config.o (.rodata.gUART_0Config)
                  0000225a    00000008     app.o (.rodata.str1.91024950347392736991)
                  00002262    00000007     app.o (.rodata.str1.115467379878751397891)
                  00002269    00000003     ti_msp_dl_config.o (.rodata.gTIMER_0ClockConfig)
                  0000226c    00000003     ti_msp_dl_config.o (.rodata.gTIMER_2ClockConfig)
                  0000226f    00000003     app.o (.rodata.str1.144966739553529159871)
                  00002272    00000002     ti_msp_dl_config.o (.rodata.gSPI_0_clockConfig)
                  00002274    00000002     ti_msp_dl_config.o (.rodata.gUART_0ClockConfig)
                  00002276    00000002     --HOLE-- [fill = 0]

.init_array 
*          0    00000000    00000000     UNINITIALIZED

.binit     0    00000000    00000000     

.bss       0    20200000    0000149b     UNINITIALIZED
                  20200000    000013ac     (.common:USB_DATA)
                  202013ac    00000048     (.common:glUartTarget)
                  202013f4    00000034     (.common:USB_UART)
                  20201428    00000024     (.common:ADC)
                  2020144c    00000024     (.common:USB_BUFFER)
                  20201470    00000024     (.common:USB_Timeout)
                  20201494    00000004     (.common:executing_command)
                  20201498    00000003     (.common:glUartTargetIndexFromTimerIndex)

.stack     0    20207e00    00000200     UNINITIALIZED
                  20207e00    00000004     libc.a : boot_cortex_m.c.obj (.stack)
                  20207e04    000001fc     --HOLE--

__llvm_prf_cnts 
*          0    20200000    00000000     UNINITIALIZED

__llvm_prf_bits 
*          0    20200000    00000000     UNINITIALIZED

MODULE SUMMARY

       Module                         code   ro data   rw data
       ------                         ----   -------   -------
    .\
       adc.o                          140    0         5200   
       usb.o                          746    18        0      
       ti_msp_dl_config.o             636    70        0      
       app.o                          448    230       0      
       relay.o                        248    72        0      
       delay_timer.o                  222    0         0      
       startup_mspm0g350x_ticlang.o   6      192       0      
       command.o                      180    0         0      
       led.o                          120    0         0      
       main.o                         36     0         0      
    +--+------------------------------+------+---------+---------+
       Total:                         2782   582       5200   
                                                              
    C:/ti/mspm0_sdk_2_00_00_03/source/ti/driverlib/lib/ticlang/m0p/mspm0g1x0x_g3x0x/driverlib.a
       dl_timer.o                     260    0         0      
       dl_uart.o                      258    0         0      
       dl_spi.o                       170    0         0      
       dl_common.o                    10     0         0      
    +--+------------------------------+------+---------+---------+
       Total:                         698    0         0      
                                                              
    C:\ti\ccstheia151\ccs\tools\compiler\ti-cgt-armllvm_4.0.0.LTS\lib\armv6m-ti-none-eabi/c/libc.a
       memcpy16.S.obj                 154    0         0      
       memset16.S.obj                 98     0         0      
       autoinit.c.obj                 60     0         0      
       boot_cortex_m.c.obj            40     0         0      
       copy_zero_init.c.obj           16     0         0      
       exit.c.obj                     4      0         0      
       pre_init.c.obj                 4      0         0      
    +--+------------------------------+------+---------+---------+
       Total:                         376    0         0      
                                                              
    C:\ti\ccstheia151\ccs\tools\compiler\ti-cgt-armllvm_4.0.0.LTS\lib\armv6m-ti-none-eabi/libclang_rt.builtins.a
       aeabi_uidivmod.S.obj           64     0         0      
       aeabi_memset.S.obj             12     0         0      
       aeabi_memcpy.S.obj             8      0         0      
       aeabi_div0.c.obj               2      0         0      
    +--+------------------------------+------+---------+---------+
       Total:                         86     0         0      
                                                              
    D:/Cardinal Test_Calibration_Board/MSPM0G_Library/Debug/MSPM0G_Library.lib
       UART_Interface.o               2154   0         0      
       Timer_Timeout.o                826    0         0      
       UART_Target.o                  712    0         75     
       SPI_Interface.o                592    0         0      
    +--+------------------------------+------+---------+---------+
       Total:                         4284   0         75     
                                                              
       Stack:                         0      0         512    
       Linker Generated:              0      20        0      
    +--+------------------------------+------+---------+---------+
       Grand Total:                   8226   602       5787   


LINKER GENERATED COPY TABLES

__TI_cinit_table @ 00002284 records: 1, size/record: 8, table size: 8
	.bss: load addr=00002278, load size=00000008 bytes, run addr=20200000, run size=0000149b bytes, compression=zero_init


LINKER GENERATED HANDLER TABLE

__TI_handler_table @ 00002280 records: 1, size/record: 4, table size: 4
	index: 0, handler: __TI_zero_init


GLOBAL SYMBOLS: SORTED ALPHABETICALLY BY Name 

address   name                           
-------   ----                           
20201428  ADC                            
0000029f  ADC0_IRQHandler                
0000029f  ADC1_IRQHandler                
0000029f  AES_IRQHandler                 
000020e8  C$$EXIT                        
0000029f  CANFD0_IRQHandler              
0000029f  DAC0_IRQHandler                
00002091  DL_Common_delayCycles          
00001395  DL_SPI_drainRXFIFO16           
000015c5  DL_SPI_init                    
00001fb3  DL_SPI_setClockConfig          
00000791  DL_Timer_initTimerMode         
00001df1  DL_Timer_setClockConfig        
000013e9  DL_UART_drainRXFIFO            
0000143d  DL_UART_fillTXFIFO             
0000157d  DL_UART_init                   
00001fe9  DL_UART_setClockConfig         
0000029f  DMA_IRQHandler                 
0000029f  Default_Handler                
00001e0d  Delay_Timer_Get                
00001eeb  Delay_Timer_IRQ                
00000c69  Delay_Timer_Initialize         
00001f15  Delay_Timer_Start              
0000029f  GROUP0_IRQHandler              
0000029f  GROUP1_IRQHandler              
0000029f  HardFault_Handler              
0000029f  I2C0_IRQHandler                
0000029f  I2C1_IRQHandler                
00001c69  Max5719GSD_init                
000011b9  Max5719GSD_write               
0000029f  NMI_Handler                    
0000029f  PendSV_Handler                 
0000029f  RTC_IRQHandler                 
000020e1  Reset_Handler                  
00001ffd  SPI0_IRQHandler                
0000029f  SPI1_IRQHandler                
00000939  SPI_IRQ                        
00000d91  SPI_Initialize                 
00000f11  SPI_Transact                   
0000029f  SVC_Handler                    
000010e1  SYSCFG_DL_GPIO_init            
0000133d  SYSCFG_DL_SPI_0_init           
00001609  SYSCFG_DL_SYSCTL_init          
00001689  SYSCFG_DL_TIMER_0_init         
00001775  SYSCFG_DL_TIMER_2_init         
00000d01  SYSCFG_DL_UART_0_init          
00001d99  SYSCFG_DL_init                 
00001491  SYSCFG_DL_initPower            
0000029f  SysTick_Handler                
0000200d  TIMA0_IRQHandler               
0000029f  TIMA1_IRQHandler               
0000029f  TIMG0_IRQHandler               
0000029f  TIMG12_IRQHandler              
0000029f  TIMG6_IRQHandler               
0000201d  TIMG7_IRQHandler               
0000029f  TIMG8_IRQHandler               
00001b75  Timer_Timeout_IRQ              
00000691  Timer_Timeout_Inialize         
000017e5  Timer_Timeout_Start            
000012e3  Timer_Timeout_Time_Set         
00001b9f  Timer_Timeout_reStart          
0000202d  UART0_IRQHandler               
0000029f  UART1_IRQHandler               
0000029f  UART2_IRQHandler               
0000029f  UART3_IRQHandler               
000000c1  UART_Interface_IRQ             
000002a1  UART_Interface_Initialize      
00000a8f  UART_Interface_Start_Receive   
000009eb  UART_Interface_Start_Transmit  
0000181b  UART_Interface_Stop_Receive    
0000121d  UART_Target_AssignCallBacks    
00001071  UART_Target_Initialize         
000014e5  UART_Target_Receive            
000016c5  UART_Target_Transmit           
00001e29  UART_Target_getState           
00001c91  UART_Target_setState           
00000e99  UART_rxDMA_Initialize          
00000f87  UART_txDMA_Initialize          
2020144c  USB_BUFFER                     
20200000  USB_DATA                       
20201470  USB_Timeout                    
202013f4  USB_UART                       
20208000  __STACK_END                    
00000200  __STACK_SIZE                   
00000000  __TI_ATRegion0_region_sz       
00000000  __TI_ATRegion0_src_addr        
00000000  __TI_ATRegion0_trg_addr        
00000000  __TI_ATRegion1_region_sz       
00000000  __TI_ATRegion1_src_addr        
00000000  __TI_ATRegion1_trg_addr        
00000000  __TI_ATRegion2_region_sz       
00000000  __TI_ATRegion2_src_addr        
00000000  __TI_ATRegion2_trg_addr        
00002284  __TI_CINIT_Base                
0000228c  __TI_CINIT_Limit               
0000228c  __TI_CINIT_Warm                
00002280  __TI_Handler_Table_Base        
00002284  __TI_Handler_Table_Limit       
00001701  __TI_auto_init_nobinit_nopinit 
ffffffff  __TI_pprof_out_hndl            
ffffffff  __TI_prof_data_size            
ffffffff  __TI_prof_data_start           
00000000  __TI_static_base__             
0000205d  __TI_zero_init                 
00000c67  __aeabi_idiv0                  
0000206d  __aeabi_memclr                 
0000206d  __aeabi_memclr4                
0000206d  __aeabi_memclr8                
000020d9  __aeabi_memcpy                 
000020d9  __aeabi_memcpy4                
000020d9  __aeabi_memcpy8                
00001649  __aeabi_uidiv                  
00001649  __aeabi_uidivmod               
ffffffff  __binit__                      
UNDEFED   __mpu_init                     
20207e00  __stack                        
20200000  __start___llvm_prf_bits        
20200000  __start___llvm_prf_cnts        
20200000  __stop___llvm_prf_bits         
20200000  __stop___llvm_prf_cnts         
00001ce1  _c_int00_noargs                
UNDEFED   _system_post_cinit             
000020e5  _system_pre_init               
000020e9  abort                          
00001ea5  app_init                       
ffffffff  binit                          
0000041d  cmd_data_setup                 
00002079  defaultTimerSingleTriggerCB    
0000203d  defaultUartCallBack            
0000204d  defaultUartInprogressCallback  
20201494  executing_command              
202013ac  glUartTarget                   
20201498  glUartTargetIndexFromTimerIndex
00000000  interruptVectors               
00001ebd  led_init                       
0000197d  led_off                        
000019ad  led_on                         
00001d55  main                           
00000bcd  memcpy                         
00001281  memset                         
00002085  noActionSPIInterface           
00000879  process_usb_command            
00000ffd  relay_init_all                 
00001531  relay_on_resistor_select       
000017ad  relay_on_voltage               
0000209b  resistor_100ohm                
000020a5  resistor_120kohm               
000020af  resistor_200ohm                
000020b9  resistor_330ohm                
000020c3  resistor_33kohm                
000020cd  resistor_3R3kohm               
000019dd  targetRxDoneCb                 
0000114d  targetRxInProgressCb           
00001a0d  targetTxDoneCb                 
00001cb9  targetTxInProgressCb           
00001885  timerCallback                  
00001f29  turn_on_2v7_site_1             
00001f3d  turn_on_2v7_site_2             
00001f51  turn_on_2v7_site_3             
00001f65  turn_on_3v3_site_1             
00001f79  turn_on_3v3_site_2             
00001f8d  turn_on_3v3_site_3             
00000b2f  usb_cmd_data_setup             
00000585  usb_fsm                        
00000e19  usb_init                       


GLOBAL SYMBOLS: SORTED BY Symbol Address 

address   name                           
-------   ----                           
00000000  __TI_ATRegion0_region_sz       
00000000  __TI_ATRegion0_src_addr        
00000000  __TI_ATRegion0_trg_addr        
00000000  __TI_ATRegion1_region_sz       
00000000  __TI_ATRegion1_src_addr        
00000000  __TI_ATRegion1_trg_addr        
00000000  __TI_ATRegion2_region_sz       
00000000  __TI_ATRegion2_src_addr        
00000000  __TI_ATRegion2_trg_addr        
00000000  __TI_static_base__             
00000000  interruptVectors               
000000c1  UART_Interface_IRQ             
00000200  __STACK_SIZE                   
0000029f  ADC0_IRQHandler                
0000029f  ADC1_IRQHandler                
0000029f  AES_IRQHandler                 
0000029f  CANFD0_IRQHandler              
0000029f  DAC0_IRQHandler                
0000029f  DMA_IRQHandler                 
0000029f  Default_Handler                
0000029f  GROUP0_IRQHandler              
0000029f  GROUP1_IRQHandler              
0000029f  HardFault_Handler              
0000029f  I2C0_IRQHandler                
0000029f  I2C1_IRQHandler                
0000029f  NMI_Handler                    
0000029f  PendSV_Handler                 
0000029f  RTC_IRQHandler                 
0000029f  SPI1_IRQHandler                
0000029f  SVC_Handler                    
0000029f  SysTick_Handler                
0000029f  TIMA1_IRQHandler               
0000029f  TIMG0_IRQHandler               
0000029f  TIMG12_IRQHandler              
0000029f  TIMG6_IRQHandler               
0000029f  TIMG8_IRQHandler               
0000029f  UART1_IRQHandler               
0000029f  UART2_IRQHandler               
0000029f  UART3_IRQHandler               
000002a1  UART_Interface_Initialize      
0000041d  cmd_data_setup                 
00000585  usb_fsm                        
00000691  Timer_Timeout_Inialize         
00000791  DL_Timer_initTimerMode         
00000879  process_usb_command            
00000939  SPI_IRQ                        
000009eb  UART_Interface_Start_Transmit  
00000a8f  UART_Interface_Start_Receive   
00000b2f  usb_cmd_data_setup             
00000bcd  memcpy                         
00000c67  __aeabi_idiv0                  
00000c69  Delay_Timer_Initialize         
00000d01  SYSCFG_DL_UART_0_init          
00000d91  SPI_Initialize                 
00000e19  usb_init                       
00000e99  UART_rxDMA_Initialize          
00000f11  SPI_Transact                   
00000f87  UART_txDMA_Initialize          
00000ffd  relay_init_all                 
00001071  UART_Target_Initialize         
000010e1  SYSCFG_DL_GPIO_init            
0000114d  targetRxInProgressCb           
000011b9  Max5719GSD_write               
0000121d  UART_Target_AssignCallBacks    
00001281  memset                         
000012e3  Timer_Timeout_Time_Set         
0000133d  SYSCFG_DL_SPI_0_init           
00001395  DL_SPI_drainRXFIFO16           
000013e9  DL_UART_drainRXFIFO            
0000143d  DL_UART_fillTXFIFO             
00001491  SYSCFG_DL_initPower            
000014e5  UART_Target_Receive            
00001531  relay_on_resistor_select       
0000157d  DL_UART_init                   
000015c5  DL_SPI_init                    
00001609  SYSCFG_DL_SYSCTL_init          
00001649  __aeabi_uidiv                  
00001649  __aeabi_uidivmod               
00001689  SYSCFG_DL_TIMER_0_init         
000016c5  UART_Target_Transmit           
00001701  __TI_auto_init_nobinit_nopinit 
00001775  SYSCFG_DL_TIMER_2_init         
000017ad  relay_on_voltage               
000017e5  Timer_Timeout_Start            
0000181b  UART_Interface_Stop_Receive    
00001885  timerCallback                  
0000197d  led_off                        
000019ad  led_on                         
000019dd  targetRxDoneCb                 
00001a0d  targetTxDoneCb                 
00001b75  Timer_Timeout_IRQ              
00001b9f  Timer_Timeout_reStart          
00001c69  Max5719GSD_init                
00001c91  UART_Target_setState           
00001cb9  targetTxInProgressCb           
00001ce1  _c_int00_noargs                
00001d55  main                           
00001d99  SYSCFG_DL_init                 
00001df1  DL_Timer_setClockConfig        
00001e0d  Delay_Timer_Get                
00001e29  UART_Target_getState           
00001ea5  app_init                       
00001ebd  led_init                       
00001eeb  Delay_Timer_IRQ                
00001f15  Delay_Timer_Start              
00001f29  turn_on_2v7_site_1             
00001f3d  turn_on_2v7_site_2             
00001f51  turn_on_2v7_site_3             
00001f65  turn_on_3v3_site_1             
00001f79  turn_on_3v3_site_2             
00001f8d  turn_on_3v3_site_3             
00001fb3  DL_SPI_setClockConfig          
00001fe9  DL_UART_setClockConfig         
00001ffd  SPI0_IRQHandler                
0000200d  TIMA0_IRQHandler               
0000201d  TIMG7_IRQHandler               
0000202d  UART0_IRQHandler               
0000203d  defaultUartCallBack            
0000204d  defaultUartInprogressCallback  
0000205d  __TI_zero_init                 
0000206d  __aeabi_memclr                 
0000206d  __aeabi_memclr4                
0000206d  __aeabi_memclr8                
00002079  defaultTimerSingleTriggerCB    
00002085  noActionSPIInterface           
00002091  DL_Common_delayCycles          
0000209b  resistor_100ohm                
000020a5  resistor_120kohm               
000020af  resistor_200ohm                
000020b9  resistor_330ohm                
000020c3  resistor_33kohm                
000020cd  resistor_3R3kohm               
000020d9  __aeabi_memcpy                 
000020d9  __aeabi_memcpy4                
000020d9  __aeabi_memcpy8                
000020e1  Reset_Handler                  
000020e5  _system_pre_init               
000020e8  C$$EXIT                        
000020e9  abort                          
00002280  __TI_Handler_Table_Base        
00002284  __TI_CINIT_Base                
00002284  __TI_Handler_Table_Limit       
0000228c  __TI_CINIT_Limit               
0000228c  __TI_CINIT_Warm                
20200000  USB_DATA                       
20200000  __start___llvm_prf_bits        
20200000  __start___llvm_prf_cnts        
20200000  __stop___llvm_prf_bits         
20200000  __stop___llvm_prf_cnts         
202013ac  glUartTarget                   
202013f4  USB_UART                       
20201428  ADC                            
2020144c  USB_BUFFER                     
20201470  USB_Timeout                    
20201494  executing_command              
20201498  glUartTargetIndexFromTimerIndex
20207e00  __stack                        
20208000  __STACK_END                    
ffffffff  __TI_pprof_out_hndl            
ffffffff  __TI_prof_data_size            
ffffffff  __TI_prof_data_start           
ffffffff  __binit__                      
ffffffff  binit                          
UNDEFED   __mpu_init                     
UNDEFED   _system_post_cinit             

[165 symbols]
