<?xml version="1.0" encoding="ISO-8859-1" ?>
<link_info>
   <banner>TI ARM Clang Linker PC v4.0.0.LTS</banner>
   <copyright>Copyright (c) 1996-2018 Texas Instruments Incorporated</copyright>
   <command_line>C:\ti\ccstheia151\ccs\tools\compiler\ti-cgt-armllvm_4.0.0.LTS\bin\tiarmlnk -IC:\ti\ccstheia151\ccs\tools\compiler\ti-cgt-armllvm_4.0.0.LTS\lib -o main.out -mmain.map -iC:/ti/mspm0_sdk_2_00_00_03/source -iD:/Cardinal Test_Calibration_Board/main -iD:/Cardinal Test_Calibration_Board/main/Debug/syscfg -iC:/ti/ccstheia151/ccs/tools/compiler/ti-cgt-armllvm_4.0.0.LTS/lib -iD:/Cardinal Test_Calibration_Board/MSPM0G_Library/Debug --diag_wrap=off --display_error_number --warn_sections --xml_link_info=main_linkInfo.xml --rom_model ./adc.o ./app.o ./command.o ./delay_timer.o ./dynamic_parser.o ./ti_msp_dl_config.o ./startup_mspm0g350x_ticlang.o ./led.o ./main.o ./relay.o ./usb.o -l./device_linker.cmd -ldevice.cmd.genlibs -llibc.a -lMSPM0G_Library.lib --start-group -llibc++.a -llibc++abi.a -llibc.a -llibsys.a -llibsysbm.a -llibclang_rt.builtins.a -llibclang_rt.profile.a --end-group --cg_opt_level=2</command_line>
   <link_time>0x6a196939</link_time>
   <link_errors>0x0</link_errors>
   <output_file>D:\Cardinal Test_Calibration_Board\main\Debug\main.out</output_file>
   <entry_point>
      <name>_c_int00_noargs</name>
      <address>0x2c9d</address>
   </entry_point>
   <input_file_list>
      <input_file id="fl-1">
         <path>D:\Cardinal Test_Calibration_Board\main\Debug\.\</path>
         <kind>object</kind>
         <file>adc.o</file>
         <name>adc.o</name>
      </input_file>
      <input_file id="fl-2">
         <path>D:\Cardinal Test_Calibration_Board\main\Debug\.\</path>
         <kind>object</kind>
         <file>app.o</file>
         <name>app.o</name>
      </input_file>
      <input_file id="fl-3">
         <path>D:\Cardinal Test_Calibration_Board\main\Debug\.\</path>
         <kind>object</kind>
         <file>command.o</file>
         <name>command.o</name>
      </input_file>
      <input_file id="fl-4">
         <path>D:\Cardinal Test_Calibration_Board\main\Debug\.\</path>
         <kind>object</kind>
         <file>delay_timer.o</file>
         <name>delay_timer.o</name>
      </input_file>
      <input_file id="fl-5">
         <path>D:\Cardinal Test_Calibration_Board\main\Debug\.\</path>
         <kind>object</kind>
         <file>dynamic_parser.o</file>
         <name>dynamic_parser.o</name>
      </input_file>
      <input_file id="fl-6">
         <path>D:\Cardinal Test_Calibration_Board\main\Debug\.\</path>
         <kind>object</kind>
         <file>ti_msp_dl_config.o</file>
         <name>ti_msp_dl_config.o</name>
      </input_file>
      <input_file id="fl-7">
         <path>D:\Cardinal Test_Calibration_Board\main\Debug\.\</path>
         <kind>object</kind>
         <file>startup_mspm0g350x_ticlang.o</file>
         <name>startup_mspm0g350x_ticlang.o</name>
      </input_file>
      <input_file id="fl-8">
         <path>D:\Cardinal Test_Calibration_Board\main\Debug\.\</path>
         <kind>object</kind>
         <file>led.o</file>
         <name>led.o</name>
      </input_file>
      <input_file id="fl-9">
         <path>D:\Cardinal Test_Calibration_Board\main\Debug\.\</path>
         <kind>object</kind>
         <file>main.o</file>
         <name>main.o</name>
      </input_file>
      <input_file id="fl-a">
         <path>D:\Cardinal Test_Calibration_Board\main\Debug\.\</path>
         <kind>object</kind>
         <file>relay.o</file>
         <name>relay.o</name>
      </input_file>
      <input_file id="fl-b">
         <path>D:\Cardinal Test_Calibration_Board\main\Debug\.\</path>
         <kind>object</kind>
         <file>usb.o</file>
         <name>usb.o</name>
      </input_file>
      <input_file id="fl-19">
         <path>D:\Cardinal Test_Calibration_Board\main\Debug\</path>
         <kind>object</kind>
         <file>&lt;internal&gt;</file>
         <name>&lt;internal&gt;</name>
      </input_file>
      <input_file id="fl-1a">
         <path>C:\ti\mspm0_sdk_2_00_00_03\source\ti\driverlib\lib\ticlang\m0p\mspm0g1x0x_g3x0x\</path>
         <kind>archive</kind>
         <file>driverlib.a</file>
         <name>dl_common.o</name>
      </input_file>
      <input_file id="fl-1b">
         <path>C:\ti\mspm0_sdk_2_00_00_03\source\ti\driverlib\lib\ticlang\m0p\mspm0g1x0x_g3x0x\</path>
         <kind>archive</kind>
         <file>driverlib.a</file>
         <name>dl_spi.o</name>
      </input_file>
      <input_file id="fl-1c">
         <path>C:\ti\mspm0_sdk_2_00_00_03\source\ti\driverlib\lib\ticlang\m0p\mspm0g1x0x_g3x0x\</path>
         <kind>archive</kind>
         <file>driverlib.a</file>
         <name>dl_timer.o</name>
      </input_file>
      <input_file id="fl-1d">
         <path>C:\ti\mspm0_sdk_2_00_00_03\source\ti\driverlib\lib\ticlang\m0p\mspm0g1x0x_g3x0x\</path>
         <kind>archive</kind>
         <file>driverlib.a</file>
         <name>dl_uart.o</name>
      </input_file>
      <input_file id="fl-32">
         <path>C:\ti\ccstheia151\ccs\tools\compiler\ti-cgt-armllvm_4.0.0.LTS\lib\armv6m-ti-none-eabi\c\</path>
         <kind>archive</kind>
         <file>libc.a</file>
         <name>printf.c.obj</name>
      </input_file>
      <input_file id="fl-33">
         <path>C:\ti\ccstheia151\ccs\tools\compiler\ti-cgt-armllvm_4.0.0.LTS\lib\armv6m-ti-none-eabi\c\</path>
         <kind>archive</kind>
         <file>libc.a</file>
         <name>_printfi.c.obj</name>
      </input_file>
      <input_file id="fl-34">
         <path>C:\ti\ccstheia151\ccs\tools\compiler\ti-cgt-armllvm_4.0.0.LTS\lib\armv6m-ti-none-eabi\c\</path>
         <kind>archive</kind>
         <file>libc.a</file>
         <name>sprintf.c.obj</name>
      </input_file>
      <input_file id="fl-35">
         <path>C:\ti\ccstheia151\ccs\tools\compiler\ti-cgt-armllvm_4.0.0.LTS\lib\armv6m-ti-none-eabi\c\</path>
         <kind>archive</kind>
         <file>libc.a</file>
         <name>fputc.c.obj</name>
      </input_file>
      <input_file id="fl-36">
         <path>C:\ti\ccstheia151\ccs\tools\compiler\ti-cgt-armllvm_4.0.0.LTS\lib\armv6m-ti-none-eabi\c\</path>
         <kind>archive</kind>
         <file>libc.a</file>
         <name>fputs.c.obj</name>
      </input_file>
      <input_file id="fl-37">
         <path>C:\ti\ccstheia151\ccs\tools\compiler\ti-cgt-armllvm_4.0.0.LTS\lib\armv6m-ti-none-eabi\c\</path>
         <kind>archive</kind>
         <file>libc.a</file>
         <name>_io_perm.c.obj</name>
      </input_file>
      <input_file id="fl-38">
         <path>C:\ti\ccstheia151\ccs\tools\compiler\ti-cgt-armllvm_4.0.0.LTS\lib\armv6m-ti-none-eabi\c\</path>
         <kind>archive</kind>
         <file>libc.a</file>
         <name>setvbuf.c.obj</name>
      </input_file>
      <input_file id="fl-39">
         <path>C:\ti\ccstheia151\ccs\tools\compiler\ti-cgt-armllvm_4.0.0.LTS\lib\armv6m-ti-none-eabi\c\</path>
         <kind>archive</kind>
         <file>libc.a</file>
         <name>wcslen.c.obj</name>
      </input_file>
      <input_file id="fl-3a">
         <path>C:\ti\ccstheia151\ccs\tools\compiler\ti-cgt-armllvm_4.0.0.LTS\lib\armv6m-ti-none-eabi\c\</path>
         <kind>archive</kind>
         <file>libc.a</file>
         <name>s_frexp.c.obj</name>
      </input_file>
      <input_file id="fl-3b">
         <path>C:\ti\ccstheia151\ccs\tools\compiler\ti-cgt-armllvm_4.0.0.LTS\lib\armv6m-ti-none-eabi\c\</path>
         <kind>archive</kind>
         <file>libc.a</file>
         <name>s_scalbn.c.obj</name>
      </input_file>
      <input_file id="fl-3c">
         <path>C:\ti\ccstheia151\ccs\tools\compiler\ti-cgt-armllvm_4.0.0.LTS\lib\armv6m-ti-none-eabi\c\</path>
         <kind>archive</kind>
         <file>libc.a</file>
         <name>strcmp-armv6m.S.obj</name>
      </input_file>
      <input_file id="fl-3d">
         <path>C:\ti\ccstheia151\ccs\tools\compiler\ti-cgt-armllvm_4.0.0.LTS\lib\armv6m-ti-none-eabi\c\</path>
         <kind>archive</kind>
         <file>libc.a</file>
         <name>aeabi_portable.c.obj</name>
      </input_file>
      <input_file id="fl-3e">
         <path>C:\ti\ccstheia151\ccs\tools\compiler\ti-cgt-armllvm_4.0.0.LTS\lib\armv6m-ti-none-eabi\c\</path>
         <kind>archive</kind>
         <file>libc.a</file>
         <name>exit.c.obj</name>
      </input_file>
      <input_file id="fl-3f">
         <path>C:\ti\ccstheia151\ccs\tools\compiler\ti-cgt-armllvm_4.0.0.LTS\lib\armv6m-ti-none-eabi\c\</path>
         <kind>archive</kind>
         <file>libc.a</file>
         <name>_lock.c.obj</name>
      </input_file>
      <input_file id="fl-40">
         <path>C:\ti\ccstheia151\ccs\tools\compiler\ti-cgt-armllvm_4.0.0.LTS\lib\armv6m-ti-none-eabi\c\</path>
         <kind>archive</kind>
         <file>libc.a</file>
         <name>_ltoa.c.obj</name>
      </input_file>
      <input_file id="fl-41">
         <path>C:\ti\ccstheia151\ccs\tools\compiler\ti-cgt-armllvm_4.0.0.LTS\lib\armv6m-ti-none-eabi\c\</path>
         <kind>archive</kind>
         <file>libc.a</file>
         <name>assert.c.obj</name>
      </input_file>
      <input_file id="fl-42">
         <path>C:\ti\ccstheia151\ccs\tools\compiler\ti-cgt-armllvm_4.0.0.LTS\lib\armv6m-ti-none-eabi\c\</path>
         <kind>archive</kind>
         <file>libc.a</file>
         <name>atoi.c.obj</name>
      </input_file>
      <input_file id="fl-43">
         <path>C:\ti\ccstheia151\ccs\tools\compiler\ti-cgt-armllvm_4.0.0.LTS\lib\armv6m-ti-none-eabi\c\</path>
         <kind>archive</kind>
         <file>libc.a</file>
         <name>defs.c.obj</name>
      </input_file>
      <input_file id="fl-44">
         <path>C:\ti\ccstheia151\ccs\tools\compiler\ti-cgt-armllvm_4.0.0.LTS\lib\armv6m-ti-none-eabi\c\</path>
         <kind>archive</kind>
         <file>libc.a</file>
         <name>memccpy.c.obj</name>
      </input_file>
      <input_file id="fl-45">
         <path>C:\ti\ccstheia151\ccs\tools\compiler\ti-cgt-armllvm_4.0.0.LTS\lib\armv6m-ti-none-eabi\c\</path>
         <kind>archive</kind>
         <file>libc.a</file>
         <name>memory.c.obj</name>
      </input_file>
      <input_file id="fl-46">
         <path>C:\ti\ccstheia151\ccs\tools\compiler\ti-cgt-armllvm_4.0.0.LTS\lib\armv6m-ti-none-eabi\c\</path>
         <kind>archive</kind>
         <file>libc.a</file>
         <name>strtok.c.obj</name>
      </input_file>
      <input_file id="fl-47">
         <path>C:\ti\ccstheia151\ccs\tools\compiler\ti-cgt-armllvm_4.0.0.LTS\lib\armv6m-ti-none-eabi\c\</path>
         <kind>archive</kind>
         <file>libc.a</file>
         <name>boot_cortex_m.c.obj</name>
      </input_file>
      <input_file id="fl-48">
         <path>C:\ti\ccstheia151\ccs\tools\compiler\ti-cgt-armllvm_4.0.0.LTS\lib\armv6m-ti-none-eabi\c\</path>
         <kind>archive</kind>
         <file>libc.a</file>
         <name>mathacl_init.c.obj</name>
      </input_file>
      <input_file id="fl-49">
         <path>C:\ti\ccstheia151\ccs\tools\compiler\ti-cgt-armllvm_4.0.0.LTS\lib\armv6m-ti-none-eabi\c\</path>
         <kind>archive</kind>
         <file>libc.a</file>
         <name>autoinit.c.obj</name>
      </input_file>
      <input_file id="fl-4a">
         <path>C:\ti\ccstheia151\ccs\tools\compiler\ti-cgt-armllvm_4.0.0.LTS\lib\armv6m-ti-none-eabi\c\</path>
         <kind>archive</kind>
         <file>libc.a</file>
         <name>pre_init.c.obj</name>
      </input_file>
      <input_file id="fl-4b">
         <path>C:\ti\ccstheia151\ccs\tools\compiler\ti-cgt-armllvm_4.0.0.LTS\lib\armv6m-ti-none-eabi\c\</path>
         <kind>archive</kind>
         <file>libc.a</file>
         <name>cpy_tbl.c.obj</name>
      </input_file>
      <input_file id="fl-4c">
         <path>C:\ti\ccstheia151\ccs\tools\compiler\ti-cgt-armllvm_4.0.0.LTS\lib\armv6m-ti-none-eabi\c\</path>
         <kind>archive</kind>
         <file>libc.a</file>
         <name>copy_zero_init.c.obj</name>
      </input_file>
      <input_file id="fl-4d">
         <path>C:\ti\ccstheia151\ccs\tools\compiler\ti-cgt-armllvm_4.0.0.LTS\lib\armv6m-ti-none-eabi\c\</path>
         <kind>archive</kind>
         <file>libc.a</file>
         <name>copy_decompress_none.c.obj</name>
      </input_file>
      <input_file id="fl-4e">
         <path>C:\ti\ccstheia151\ccs\tools\compiler\ti-cgt-armllvm_4.0.0.LTS\lib\armv6m-ti-none-eabi\c\</path>
         <kind>archive</kind>
         <file>libc.a</file>
         <name>copy_decompress_lzss.c.obj</name>
      </input_file>
      <input_file id="fl-4f">
         <path>C:\ti\ccstheia151\ccs\tools\compiler\ti-cgt-armllvm_4.0.0.LTS\lib\armv6m-ti-none-eabi\c\</path>
         <kind>archive</kind>
         <file>libc.a</file>
         <name>fflush.c.obj</name>
      </input_file>
      <input_file id="fl-50">
         <path>C:\ti\ccstheia151\ccs\tools\compiler\ti-cgt-armllvm_4.0.0.LTS\lib\armv6m-ti-none-eabi\c\</path>
         <kind>archive</kind>
         <file>libc.a</file>
         <name>fopen.c.obj</name>
      </input_file>
      <input_file id="fl-51">
         <path>C:\ti\ccstheia151\ccs\tools\compiler\ti-cgt-armllvm_4.0.0.LTS\lib\armv6m-ti-none-eabi\c\</path>
         <kind>archive</kind>
         <file>libc.a</file>
         <name>fseek.c.obj</name>
      </input_file>
      <input_file id="fl-52">
         <path>C:\ti\ccstheia151\ccs\tools\compiler\ti-cgt-armllvm_4.0.0.LTS\lib\armv6m-ti-none-eabi\c\</path>
         <kind>archive</kind>
         <file>libc.a</file>
         <name>aeabi_ctype.S.obj</name>
      </input_file>
      <input_file id="fl-53">
         <path>C:\ti\ccstheia151\ccs\tools\compiler\ti-cgt-armllvm_4.0.0.LTS\lib\armv6m-ti-none-eabi\c\</path>
         <kind>archive</kind>
         <file>libc.a</file>
         <name>args_main.c.obj</name>
      </input_file>
      <input_file id="fl-54">
         <path>C:\ti\ccstheia151\ccs\tools\compiler\ti-cgt-armllvm_4.0.0.LTS\lib\armv6m-ti-none-eabi\c\</path>
         <kind>archive</kind>
         <file>libc.a</file>
         <name>strcspn.c.obj</name>
      </input_file>
      <input_file id="fl-55">
         <path>C:\ti\ccstheia151\ccs\tools\compiler\ti-cgt-armllvm_4.0.0.LTS\lib\armv6m-ti-none-eabi\c\</path>
         <kind>archive</kind>
         <file>libc.a</file>
         <name>strspn.c.obj</name>
      </input_file>
      <input_file id="fl-56">
         <path>C:\ti\ccstheia151\ccs\tools\compiler\ti-cgt-armllvm_4.0.0.LTS\lib\armv6m-ti-none-eabi\c\</path>
         <kind>archive</kind>
         <file>libc.a</file>
         <name>fclose.c.obj</name>
      </input_file>
      <input_file id="fl-57">
         <path>D:\Cardinal Test_Calibration_Board\MSPM0G_Library\Debug\</path>
         <kind>archive</kind>
         <file>MSPM0G_Library.lib</file>
         <name>SPI_Interface.o</name>
      </input_file>
      <input_file id="fl-58">
         <path>D:\Cardinal Test_Calibration_Board\MSPM0G_Library\Debug\</path>
         <kind>archive</kind>
         <file>MSPM0G_Library.lib</file>
         <name>Timer_Timeout.o</name>
      </input_file>
      <input_file id="fl-59">
         <path>D:\Cardinal Test_Calibration_Board\MSPM0G_Library\Debug\</path>
         <kind>archive</kind>
         <file>MSPM0G_Library.lib</file>
         <name>UART_Interface.o</name>
      </input_file>
      <input_file id="fl-5a">
         <path>D:\Cardinal Test_Calibration_Board\MSPM0G_Library\Debug\</path>
         <kind>archive</kind>
         <file>MSPM0G_Library.lib</file>
         <name>UART_Target.o</name>
      </input_file>
      <input_file id="fl-f0">
         <path>C:\ti\ccstheia151\ccs\tools\compiler\ti-cgt-armllvm_4.0.0.LTS\lib\armv6m-ti-none-eabi\c\</path>
         <kind>archive</kind>
         <file>libsysbm.a</file>
         <name>write.c.obj</name>
      </input_file>
      <input_file id="fl-f1">
         <path>C:\ti\ccstheia151\ccs\tools\compiler\ti-cgt-armllvm_4.0.0.LTS\lib\armv6m-ti-none-eabi\c\</path>
         <kind>archive</kind>
         <file>libsysbm.a</file>
         <name>host_device.c.obj</name>
      </input_file>
      <input_file id="fl-f2">
         <path>C:\ti\ccstheia151\ccs\tools\compiler\ti-cgt-armllvm_4.0.0.LTS\lib\armv6m-ti-none-eabi\c\</path>
         <kind>archive</kind>
         <file>libsysbm.a</file>
         <name>remove.c.obj</name>
      </input_file>
      <input_file id="fl-f3">
         <path>C:\ti\ccstheia151\ccs\tools\compiler\ti-cgt-armllvm_4.0.0.LTS\lib\armv6m-ti-none-eabi\c\</path>
         <kind>archive</kind>
         <file>libsysbm.a</file>
         <name>open.c.obj</name>
      </input_file>
      <input_file id="fl-f4">
         <path>C:\ti\ccstheia151\ccs\tools\compiler\ti-cgt-armllvm_4.0.0.LTS\lib\armv6m-ti-none-eabi\c\</path>
         <kind>archive</kind>
         <file>libsysbm.a</file>
         <name>lseek.c.obj</name>
      </input_file>
      <input_file id="fl-f5">
         <path>C:\ti\ccstheia151\ccs\tools\compiler\ti-cgt-armllvm_4.0.0.LTS\lib\armv6m-ti-none-eabi\c\</path>
         <kind>archive</kind>
         <file>libsysbm.a</file>
         <name>close.c.obj</name>
      </input_file>
      <input_file id="fl-f6">
         <path>C:\ti\ccstheia151\ccs\tools\compiler\ti-cgt-armllvm_4.0.0.LTS\lib\armv6m-ti-none-eabi\c\</path>
         <kind>archive</kind>
         <file>libsysbm.a</file>
         <name>unlink.c.obj</name>
      </input_file>
      <input_file id="fl-f7">
         <path>C:\ti\ccstheia151\ccs\tools\compiler\ti-cgt-armllvm_4.0.0.LTS\lib\armv6m-ti-none-eabi\c\</path>
         <kind>archive</kind>
         <file>libsysbm.a</file>
         <name>hostclose.c.obj</name>
      </input_file>
      <input_file id="fl-f8">
         <path>C:\ti\ccstheia151\ccs\tools\compiler\ti-cgt-armllvm_4.0.0.LTS\lib\armv6m-ti-none-eabi\c\</path>
         <kind>archive</kind>
         <file>libsysbm.a</file>
         <name>hostlseek.c.obj</name>
      </input_file>
      <input_file id="fl-f9">
         <path>C:\ti\ccstheia151\ccs\tools\compiler\ti-cgt-armllvm_4.0.0.LTS\lib\armv6m-ti-none-eabi\c\</path>
         <kind>archive</kind>
         <file>libsysbm.a</file>
         <name>hostopen.c.obj</name>
      </input_file>
      <input_file id="fl-fa">
         <path>C:\ti\ccstheia151\ccs\tools\compiler\ti-cgt-armllvm_4.0.0.LTS\lib\armv6m-ti-none-eabi\c\</path>
         <kind>archive</kind>
         <file>libsysbm.a</file>
         <name>hostread.c.obj</name>
      </input_file>
      <input_file id="fl-fb">
         <path>C:\ti\ccstheia151\ccs\tools\compiler\ti-cgt-armllvm_4.0.0.LTS\lib\armv6m-ti-none-eabi\c\</path>
         <kind>archive</kind>
         <file>libsysbm.a</file>
         <name>hostrename.c.obj</name>
      </input_file>
      <input_file id="fl-fc">
         <path>C:\ti\ccstheia151\ccs\tools\compiler\ti-cgt-armllvm_4.0.0.LTS\lib\armv6m-ti-none-eabi\c\</path>
         <kind>archive</kind>
         <file>libsysbm.a</file>
         <name>hostunlink.c.obj</name>
      </input_file>
      <input_file id="fl-fd">
         <path>C:\ti\ccstheia151\ccs\tools\compiler\ti-cgt-armllvm_4.0.0.LTS\lib\armv6m-ti-none-eabi\c\</path>
         <kind>archive</kind>
         <file>libsysbm.a</file>
         <name>hostwrite.c.obj</name>
      </input_file>
      <input_file id="fl-fe">
         <path>C:\ti\ccstheia151\ccs\tools\compiler\ti-cgt-armllvm_4.0.0.LTS\lib\armv6m-ti-none-eabi\c\</path>
         <kind>archive</kind>
         <file>libsysbm.a</file>
         <name>trgmsg.c.obj</name>
      </input_file>
      <input_file id="fl-ff">
         <path>C:\ti\ccstheia151\ccs\tools\compiler\ti-cgt-armllvm_4.0.0.LTS\lib\armv6m-ti-none-eabi\</path>
         <kind>archive</kind>
         <file>libclang_rt.builtins.a</file>
         <name>adddf3.S.obj</name>
      </input_file>
      <input_file id="fl-100">
         <path>C:\ti\ccstheia151\ccs\tools\compiler\ti-cgt-armllvm_4.0.0.LTS\lib\armv6m-ti-none-eabi\</path>
         <kind>archive</kind>
         <file>libclang_rt.builtins.a</file>
         <name>muldf3.S.obj</name>
      </input_file>
      <input_file id="fl-101">
         <path>C:\ti\ccstheia151\ccs\tools\compiler\ti-cgt-armllvm_4.0.0.LTS\lib\armv6m-ti-none-eabi\</path>
         <kind>archive</kind>
         <file>libclang_rt.builtins.a</file>
         <name>muldsi3.S.obj</name>
      </input_file>
      <input_file id="fl-102">
         <path>C:\ti\ccstheia151\ccs\tools\compiler\ti-cgt-armllvm_4.0.0.LTS\lib\armv6m-ti-none-eabi\</path>
         <kind>archive</kind>
         <file>libclang_rt.builtins.a</file>
         <name>divdf3.S.obj</name>
      </input_file>
      <input_file id="fl-103">
         <path>C:\ti\ccstheia151\ccs\tools\compiler\ti-cgt-armllvm_4.0.0.LTS\lib\armv6m-ti-none-eabi\</path>
         <kind>archive</kind>
         <file>libclang_rt.builtins.a</file>
         <name>fixdfsi.S.obj</name>
      </input_file>
      <input_file id="fl-104">
         <path>C:\ti\ccstheia151\ccs\tools\compiler\ti-cgt-armllvm_4.0.0.LTS\lib\armv6m-ti-none-eabi\</path>
         <kind>archive</kind>
         <file>libclang_rt.builtins.a</file>
         <name>floatsidf.S.obj</name>
      </input_file>
      <input_file id="fl-105">
         <path>C:\ti\ccstheia151\ccs\tools\compiler\ti-cgt-armllvm_4.0.0.LTS\lib\armv6m-ti-none-eabi\</path>
         <kind>archive</kind>
         <file>libclang_rt.builtins.a</file>
         <name>muldi3.S.obj</name>
      </input_file>
      <input_file id="fl-106">
         <path>C:\ti\ccstheia151\ccs\tools\compiler\ti-cgt-armllvm_4.0.0.LTS\lib\armv6m-ti-none-eabi\</path>
         <kind>archive</kind>
         <file>libclang_rt.builtins.a</file>
         <name>aeabi_dcmp.S.obj</name>
      </input_file>
      <input_file id="fl-107">
         <path>C:\ti\ccstheia151\ccs\tools\compiler\ti-cgt-armllvm_4.0.0.LTS\lib\armv6m-ti-none-eabi\</path>
         <kind>archive</kind>
         <file>libclang_rt.builtins.a</file>
         <name>aeabi_idivmod.S.obj</name>
      </input_file>
      <input_file id="fl-108">
         <path>C:\ti\ccstheia151\ccs\tools\compiler\ti-cgt-armllvm_4.0.0.LTS\lib\armv6m-ti-none-eabi\</path>
         <kind>archive</kind>
         <file>libclang_rt.builtins.a</file>
         <name>aeabi_memcpy.S.obj</name>
      </input_file>
      <input_file id="fl-109">
         <path>C:\ti\ccstheia151\ccs\tools\compiler\ti-cgt-armllvm_4.0.0.LTS\lib\armv6m-ti-none-eabi\</path>
         <kind>archive</kind>
         <file>libclang_rt.builtins.a</file>
         <name>aeabi_memset.S.obj</name>
      </input_file>
      <input_file id="fl-10a">
         <path>C:\ti\ccstheia151\ccs\tools\compiler\ti-cgt-armllvm_4.0.0.LTS\lib\armv6m-ti-none-eabi\</path>
         <kind>archive</kind>
         <file>libclang_rt.builtins.a</file>
         <name>aeabi_uidivmod.S.obj</name>
      </input_file>
      <input_file id="fl-10b">
         <path>C:\ti\ccstheia151\ccs\tools\compiler\ti-cgt-armllvm_4.0.0.LTS\lib\armv6m-ti-none-eabi\</path>
         <kind>archive</kind>
         <file>libclang_rt.builtins.a</file>
         <name>aeabi_uldivmod.S.obj</name>
      </input_file>
      <input_file id="fl-10c">
         <path>C:\ti\ccstheia151\ccs\tools\compiler\ti-cgt-armllvm_4.0.0.LTS\lib\armv6m-ti-none-eabi\</path>
         <kind>archive</kind>
         <file>libclang_rt.builtins.a</file>
         <name>udivmoddi4.S.obj</name>
      </input_file>
      <input_file id="fl-10d">
         <path>C:\ti\ccstheia151\ccs\tools\compiler\ti-cgt-armllvm_4.0.0.LTS\lib\armv6m-ti-none-eabi\</path>
         <kind>archive</kind>
         <file>libclang_rt.builtins.a</file>
         <name>ashldi3.S.obj</name>
      </input_file>
      <input_file id="fl-10e">
         <path>C:\ti\ccstheia151\ccs\tools\compiler\ti-cgt-armllvm_4.0.0.LTS\lib\armv6m-ti-none-eabi\</path>
         <kind>archive</kind>
         <file>libclang_rt.builtins.a</file>
         <name>comparedf2.c.obj</name>
      </input_file>
      <input_file id="fl-10f">
         <path>C:\ti\ccstheia151\ccs\tools\compiler\ti-cgt-armllvm_4.0.0.LTS\lib\armv6m-ti-none-eabi\</path>
         <kind>archive</kind>
         <file>libclang_rt.builtins.a</file>
         <name>aeabi_div0.c.obj</name>
      </input_file>
      <input_file id="fl-110">
         <path>C:\ti\ccstheia151\ccs\tools\compiler\ti-cgt-armllvm_4.0.0.LTS\lib\armv6m-ti-none-eabi\c\</path>
         <kind>archive</kind>
         <file>libc.a</file>
         <name>getdevice.c.obj</name>
      </input_file>
      <input_file id="fl-111">
         <path>C:\ti\ccstheia151\ccs\tools\compiler\ti-cgt-armllvm_4.0.0.LTS\lib\armv6m-ti-none-eabi\c\</path>
         <kind>archive</kind>
         <file>libc.a</file>
         <name>memcpy16.S.obj</name>
      </input_file>
      <input_file id="fl-112">
         <path>C:\ti\ccstheia151\ccs\tools\compiler\ti-cgt-armllvm_4.0.0.LTS\lib\armv6m-ti-none-eabi\c\</path>
         <kind>archive</kind>
         <file>libc.a</file>
         <name>memset16.S.obj</name>
      </input_file>
   </input_file_list>
   <object_component_list>
      <object_component id="oc-18">
         <name>.intvecs</name>
         <load_address>0x0</load_address>
         <readonly>true</readonly>
         <run_address>0x0</run_address>
         <size>0xc0</size>
         <alignment>0x4</alignment>
         <input_file_ref idref="fl-7"/>
      </object_component>
      <object_component id="oc-156">
         <name>.text.dynamic_parse</name>
         <load_address>0xc0</load_address>
         <readonly>true</readonly>
         <executable>true</executable>
         <run_address>0xc0</run_address>
         <size>0x2b0</size>
         <alignment>0x4</alignment>
         <input_file_ref idref="fl-5"/>
      </object_component>
      <object_component id="oc-1b7">
         <name>.text:__TI_printfi_minimal</name>
         <load_address>0x370</load_address>
         <readonly>true</readonly>
         <executable>true</executable>
         <run_address>0x370</run_address>
         <size>0x284</size>
         <alignment>0x4</alignment>
         <input_file_ref idref="fl-33"/>
      </object_component>
      <object_component id="oc-6d">
         <name>.text.UART_Interface_IRQ</name>
         <load_address>0x5f4</load_address>
         <readonly>true</readonly>
         <executable>true</executable>
         <run_address>0x5f4</run_address>
         <size>0x1de</size>
         <alignment>0x4</alignment>
         <input_file_ref idref="fl-59"/>
      </object_component>
      <object_component id="oc-33">
         <name>.text.Default_Handler</name>
         <load_address>0x7d2</load_address>
         <readonly>true</readonly>
         <executable>true</executable>
         <run_address>0x7d2</run_address>
         <size>0x2</size>
         <alignment>0x2</alignment>
         <input_file_ref idref="fl-7"/>
      </object_component>
      <object_component id="oc-14b">
         <name>.text.UART_Interface_Initialize</name>
         <load_address>0x7d4</load_address>
         <readonly>true</readonly>
         <executable>true</executable>
         <run_address>0x7d4</run_address>
         <size>0x17c</size>
         <alignment>0x4</alignment>
         <input_file_ref idref="fl-59"/>
      </object_component>
      <object_component id="oc-11f">
         <name>.text.process_usb_command</name>
         <load_address>0x950</load_address>
         <readonly>true</readonly>
         <executable>true</executable>
         <run_address>0x950</run_address>
         <size>0x124</size>
         <alignment>0x4</alignment>
         <input_file_ref idref="fl-b"/>
      </object_component>
      <object_component id="oc-dc">
         <name>.text.usb_fsm</name>
         <load_address>0xa74</load_address>
         <readonly>true</readonly>
         <executable>true</executable>
         <run_address>0xa74</run_address>
         <size>0x118</size>
         <alignment>0x4</alignment>
         <input_file_ref idref="fl-b"/>
      </object_component>
      <object_component id="oc-2b0">
         <name>.text.aligned_alloc</name>
         <load_address>0xb8c</load_address>
         <readonly>true</readonly>
         <executable>true</executable>
         <run_address>0xb8c</run_address>
         <size>0x114</size>
         <alignment>0x4</alignment>
         <input_file_ref idref="fl-45"/>
      </object_component>
      <object_component id="oc-14c">
         <name>.text.Timer_Timeout_Inialize</name>
         <load_address>0xca0</load_address>
         <readonly>true</readonly>
         <executable>true</executable>
         <run_address>0xca0</run_address>
         <size>0x100</size>
         <alignment>0x4</alignment>
         <input_file_ref idref="fl-58"/>
      </object_component>
      <object_component id="oc-1c2">
         <name>.text.fputs</name>
         <load_address>0xda0</load_address>
         <readonly>true</readonly>
         <executable>true</executable>
         <run_address>0xda0</run_address>
         <size>0xf8</size>
         <alignment>0x4</alignment>
         <input_file_ref idref="fl-36"/>
      </object_component>
      <object_component id="oc-139">
         <name>.text.DL_Timer_initTimerMode</name>
         <load_address>0xe98</load_address>
         <readonly>true</readonly>
         <executable>true</executable>
         <run_address>0xe98</run_address>
         <size>0xe8</size>
         <alignment>0x4</alignment>
         <input_file_ref idref="fl-1c"/>
      </object_component>
      <object_component id="oc-290">
         <name>.text.free</name>
         <load_address>0xf80</load_address>
         <readonly>true</readonly>
         <executable>true</executable>
         <run_address>0xf80</run_address>
         <size>0xe8</size>
         <alignment>0x4</alignment>
         <input_file_ref idref="fl-45"/>
      </object_component>
      <object_component id="oc-265">
         <name>.text.setvbuf</name>
         <load_address>0x1068</load_address>
         <readonly>true</readonly>
         <executable>true</executable>
         <run_address>0x1068</run_address>
         <size>0xe0</size>
         <alignment>0x4</alignment>
         <input_file_ref idref="fl-38"/>
      </object_component>
      <object_component id="oc-5e">
         <name>.text.SPI_IRQ</name>
         <load_address>0x1148</load_address>
         <readonly>true</readonly>
         <executable>true</executable>
         <run_address>0x1148</run_address>
         <size>0xb2</size>
         <alignment>0x2</alignment>
         <input_file_ref idref="fl-57"/>
      </object_component>
      <object_component id="oc-15f">
         <name>.text.UART_Interface_Start_Transmit</name>
         <load_address>0x11fa</load_address>
         <readonly>true</readonly>
         <executable>true</executable>
         <run_address>0x11fa</run_address>
         <size>0xa4</size>
         <alignment>0x2</alignment>
         <input_file_ref idref="fl-59"/>
      </object_component>
      <object_component id="oc-155">
         <name>.text.UART_Interface_Start_Receive</name>
         <load_address>0x129e</load_address>
         <readonly>true</readonly>
         <executable>true</executable>
         <run_address>0x129e</run_address>
         <size>0xa0</size>
         <alignment>0x2</alignment>
         <input_file_ref idref="fl-59"/>
      </object_component>
      <object_component id="oc-10c">
         <name>.text.usb_cmd_data_setup</name>
         <load_address>0x133e</load_address>
         <readonly>true</readonly>
         <executable>true</executable>
         <run_address>0x133e</run_address>
         <size>0x9e</size>
         <alignment>0x2</alignment>
         <input_file_ref idref="fl-b"/>
      </object_component>
      <object_component id="oc-1c8">
         <name>.text.fputc</name>
         <load_address>0x13dc</load_address>
         <readonly>true</readonly>
         <executable>true</executable>
         <run_address>0x13dc</run_address>
         <size>0x9c</size>
         <alignment>0x4</alignment>
         <input_file_ref idref="fl-35"/>
      </object_component>
      <object_component id="oc-d1">
         <name>.text:memcpy</name>
         <load_address>0x1478</load_address>
         <readonly>true</readonly>
         <executable>true</executable>
         <run_address>0x1478</run_address>
         <size>0x9a</size>
         <alignment>0x1</alignment>
         <input_file_ref idref="fl-111"/>
      </object_component>
      <object_component id="oc-19a">
         <name>.text.__aeabi_idiv0</name>
         <load_address>0x1512</load_address>
         <readonly>true</readonly>
         <executable>true</executable>
         <run_address>0x1512</run_address>
         <size>0x2</size>
         <alignment>0x2</alignment>
         <input_file_ref idref="fl-10f"/>
      </object_component>
      <object_component id="oc-14e">
         <name>.text.Delay_Timer_Initialize</name>
         <load_address>0x1514</load_address>
         <readonly>true</readonly>
         <executable>true</executable>
         <run_address>0x1514</run_address>
         <size>0x98</size>
         <alignment>0x4</alignment>
         <input_file_ref idref="fl-4"/>
      </object_component>
      <object_component id="oc-107">
         <name>.text.SYSCFG_DL_UART_0_init</name>
         <load_address>0x15ac</load_address>
         <readonly>true</readonly>
         <executable>true</executable>
         <run_address>0x15ac</run_address>
         <size>0x90</size>
         <alignment>0x4</alignment>
         <input_file_ref idref="fl-6"/>
      </object_component>
      <object_component id="oc-150">
         <name>.text.SPI_Initialize</name>
         <load_address>0x163c</load_address>
         <readonly>true</readonly>
         <executable>true</executable>
         <run_address>0x163c</run_address>
         <size>0x88</size>
         <alignment>0x4</alignment>
         <input_file_ref idref="fl-57"/>
      </object_component>
      <object_component id="oc-10b">
         <name>.text.usb_init</name>
         <load_address>0x16c4</load_address>
         <readonly>true</readonly>
         <executable>true</executable>
         <run_address>0x16c4</run_address>
         <size>0x88</size>
         <alignment>0x4</alignment>
         <input_file_ref idref="fl-b"/>
      </object_component>
      <object_component id="oc-88">
         <name>.text._system_pre_init</name>
         <load_address>0x174c</load_address>
         <readonly>true</readonly>
         <executable>true</executable>
         <run_address>0x174c</run_address>
         <size>0x4</size>
         <alignment>0x2</alignment>
         <input_file_ref idref="fl-4a"/>
      </object_component>
      <object_component id="oc-320">
         <name>.text:strcmp</name>
         <load_address>0x1750</load_address>
         <readonly>true</readonly>
         <executable>true</executable>
         <run_address>0x1750</run_address>
         <size>0x88</size>
         <alignment>0x10</alignment>
         <input_file_ref idref="fl-3c"/>
      </object_component>
      <object_component id="oc-2b1">
         <name>.text.__TI_closefile</name>
         <load_address>0x17d8</load_address>
         <readonly>true</readonly>
         <executable>true</executable>
         <run_address>0x17d8</run_address>
         <size>0x7c</size>
         <alignment>0x4</alignment>
         <input_file_ref idref="fl-56"/>
      </object_component>
      <object_component id="oc-1c">
         <name>.text:decompress:lzss</name>
         <load_address>0x1854</load_address>
         <readonly>true</readonly>
         <executable>true</executable>
         <run_address>0x1854</run_address>
         <size>0x7c</size>
         <alignment>0x4</alignment>
         <input_file_ref idref="fl-4e"/>
      </object_component>
      <object_component id="oc-172">
         <name>.text.UART_rxDMA_Initialize</name>
         <load_address>0x18d0</load_address>
         <readonly>true</readonly>
         <executable>true</executable>
         <run_address>0x18d0</run_address>
         <size>0x78</size>
         <alignment>0x4</alignment>
         <input_file_ref idref="fl-59"/>
      </object_component>
      <object_component id="oc-173">
         <name>.text.UART_txDMA_Initialize</name>
         <load_address>0x1948</load_address>
         <readonly>true</readonly>
         <executable>true</executable>
         <run_address>0x1948</run_address>
         <size>0x74</size>
         <alignment>0x2</alignment>
         <input_file_ref idref="fl-59"/>
      </object_component>
      <object_component id="oc-10d">
         <name>.text.relay_init_all</name>
         <load_address>0x19bc</load_address>
         <readonly>true</readonly>
         <executable>true</executable>
         <run_address>0x19bc</run_address>
         <size>0x74</size>
         <alignment>0x4</alignment>
         <input_file_ref idref="fl-a"/>
      </object_component>
      <object_component id="oc-14d">
         <name>.text.UART_Target_Initialize</name>
         <load_address>0x1a30</load_address>
         <readonly>true</readonly>
         <executable>true</executable>
         <run_address>0x1a30</run_address>
         <size>0x70</size>
         <alignment>0x4</alignment>
         <input_file_ref idref="fl-5a"/>
      </object_component>
      <object_component id="oc-2ca">
         <name>.text.HOSTlseek</name>
         <load_address>0x1aa0</load_address>
         <readonly>true</readonly>
         <executable>true</executable>
         <run_address>0x1aa0</run_address>
         <size>0x6c</size>
         <alignment>0x4</alignment>
         <input_file_ref idref="fl-f8"/>
      </object_component>
      <object_component id="oc-2d2">
         <name>.text.HOSTrename</name>
         <load_address>0x1b0c</load_address>
         <readonly>true</readonly>
         <executable>true</executable>
         <run_address>0x1b0c</run_address>
         <size>0x6c</size>
         <alignment>0x4</alignment>
         <input_file_ref idref="fl-fb"/>
      </object_component>
      <object_component id="oc-102">
         <name>.text.SYSCFG_DL_GPIO_init</name>
         <load_address>0x1b78</load_address>
         <readonly>true</readonly>
         <executable>true</executable>
         <run_address>0x1b78</run_address>
         <size>0x6c</size>
         <alignment>0x4</alignment>
         <input_file_ref idref="fl-6"/>
      </object_component>
      <object_component id="oc-28d">
         <name>.text.fseeko</name>
         <load_address>0x1be4</load_address>
         <readonly>true</readonly>
         <executable>true</executable>
         <run_address>0x1be4</run_address>
         <size>0x6c</size>
         <alignment>0x4</alignment>
         <input_file_ref idref="fl-51"/>
      </object_component>
      <object_component id="oc-314">
         <name>.text.getdevice</name>
         <load_address>0x1c50</load_address>
         <readonly>true</readonly>
         <executable>true</executable>
         <run_address>0x1c50</run_address>
         <size>0x6c</size>
         <alignment>0x4</alignment>
         <input_file_ref idref="fl-110"/>
      </object_component>
      <object_component id="oc-1a8">
         <name>.text.targetRxInProgressCb</name>
         <load_address>0x1cbc</load_address>
         <readonly>true</readonly>
         <executable>true</executable>
         <run_address>0x1cbc</run_address>
         <size>0x6c</size>
         <alignment>0x4</alignment>
         <input_file_ref idref="fl-5a"/>
      </object_component>
      <object_component id="oc-17f">
         <name>.text.UART_Target_AssignCallBacks</name>
         <load_address>0x1d28</load_address>
         <readonly>true</readonly>
         <executable>true</executable>
         <run_address>0x1d28</run_address>
         <size>0x64</size>
         <alignment>0x4</alignment>
         <input_file_ref idref="fl-5a"/>
      </object_component>
      <object_component id="oc-202">
         <name>.text.__TI_wrt_ok</name>
         <load_address>0x1d8c</load_address>
         <readonly>true</readonly>
         <executable>true</executable>
         <run_address>0x1d8c</run_address>
         <size>0x64</size>
         <alignment>0x2</alignment>
         <input_file_ref idref="fl-37"/>
      </object_component>
      <object_component id="oc-2dc">
         <name>.text.split</name>
         <load_address>0x1df0</load_address>
         <readonly>true</readonly>
         <executable>true</executable>
         <run_address>0x1df0</run_address>
         <size>0x64</size>
         <alignment>0x4</alignment>
         <input_file_ref idref="fl-45"/>
      </object_component>
      <object_component id="oc-100">
         <name>.text:memset</name>
         <load_address>0x1e54</load_address>
         <readonly>true</readonly>
         <executable>true</executable>
         <run_address>0x1e54</run_address>
         <size>0x62</size>
         <alignment>0x1</alignment>
         <input_file_ref idref="fl-112"/>
      </object_component>
      <object_component id="oc-160">
         <name>.text._nop</name>
         <load_address>0x1eb6</load_address>
         <readonly>true</readonly>
         <executable>true</executable>
         <run_address>0x1eb6</run_address>
         <size>0x2</size>
         <alignment>0x2</alignment>
         <input_file_ref idref="fl-3f"/>
      </object_component>
      <object_component id="oc-2ba">
         <name>.text.HOSTopen</name>
         <load_address>0x1eb8</load_address>
         <readonly>true</readonly>
         <executable>true</executable>
         <run_address>0x1eb8</run_address>
         <size>0x60</size>
         <alignment>0x4</alignment>
         <input_file_ref idref="fl-f9"/>
      </object_component>
      <object_component id="oc-158">
         <name>.text.printf</name>
         <load_address>0x1f18</load_address>
         <readonly>true</readonly>
         <executable>true</executable>
         <run_address>0x1f18</run_address>
         <size>0x5c</size>
         <alignment>0x4</alignment>
         <input_file_ref idref="fl-32"/>
      </object_component>
      <object_component id="oc-17e">
         <name>.text.Timer_Timeout_Time_Set</name>
         <load_address>0x1f74</load_address>
         <readonly>true</readonly>
         <executable>true</executable>
         <run_address>0x1f74</run_address>
         <size>0x5a</size>
         <alignment>0x2</alignment>
         <input_file_ref idref="fl-58"/>
      </object_component>
      <object_component id="oc-2c2">
         <name>.text.HOSTread</name>
         <load_address>0x1fd0</load_address>
         <readonly>true</readonly>
         <executable>true</executable>
         <run_address>0x1fd0</run_address>
         <size>0x58</size>
         <alignment>0x4</alignment>
         <input_file_ref idref="fl-fa"/>
      </object_component>
      <object_component id="oc-2c6">
         <name>.text.HOSTwrite</name>
         <load_address>0x2028</load_address>
         <readonly>true</readonly>
         <executable>true</executable>
         <run_address>0x2028</run_address>
         <size>0x58</size>
         <alignment>0x4</alignment>
         <input_file_ref idref="fl-fd"/>
      </object_component>
      <object_component id="oc-108">
         <name>.text.SYSCFG_DL_SPI_0_init</name>
         <load_address>0x2080</load_address>
         <readonly>true</readonly>
         <executable>true</executable>
         <run_address>0x2080</run_address>
         <size>0x58</size>
         <alignment>0x4</alignment>
         <input_file_ref idref="fl-6"/>
      </object_component>
      <object_component id="oc-bd">
         <name>.text.DL_UART_drainRXFIFO</name>
         <load_address>0x20d8</load_address>
         <readonly>true</readonly>
         <executable>true</executable>
         <run_address>0x20d8</run_address>
         <size>0x54</size>
         <alignment>0x4</alignment>
         <input_file_ref idref="fl-1d"/>
      </object_component>
      <object_component id="oc-c3">
         <name>.text.DL_UART_fillTXFIFO</name>
         <load_address>0x212c</load_address>
         <readonly>true</readonly>
         <executable>true</executable>
         <run_address>0x212c</run_address>
         <size>0x54</size>
         <alignment>0x4</alignment>
         <input_file_ref idref="fl-1d"/>
      </object_component>
      <object_component id="oc-101">
         <name>.text.SYSCFG_DL_initPower</name>
         <load_address>0x2180</load_address>
         <readonly>true</readonly>
         <executable>true</executable>
         <run_address>0x2180</run_address>
         <size>0x54</size>
         <alignment>0x4</alignment>
         <input_file_ref idref="fl-6"/>
      </object_component>
      <object_component id="oc-db">
         <name>.text.app_init</name>
         <load_address>0x21d4</load_address>
         <readonly>true</readonly>
         <executable>true</executable>
         <run_address>0x21d4</run_address>
         <size>0x54</size>
         <alignment>0x4</alignment>
         <input_file_ref idref="fl-2"/>
      </object_component>
      <object_component id="oc-20c">
         <name>.text.__TI_doflush</name>
         <load_address>0x2228</load_address>
         <readonly>true</readonly>
         <executable>true</executable>
         <run_address>0x2228</run_address>
         <size>0x52</size>
         <alignment>0x2</alignment>
         <input_file_ref idref="fl-4f"/>
      </object_component>
      <object_component id="oc-2de">
         <name>.text.close</name>
         <load_address>0x227c</load_address>
         <readonly>true</readonly>
         <executable>true</executable>
         <run_address>0x227c</run_address>
         <size>0x50</size>
         <alignment>0x4</alignment>
         <input_file_ref idref="fl-f5"/>
      </object_component>
      <object_component id="oc-11d">
         <name>.text.UART_Target_Receive</name>
         <load_address>0x22cc</load_address>
         <readonly>true</readonly>
         <executable>true</executable>
         <run_address>0x22cc</run_address>
         <size>0x4c</size>
         <alignment>0x4</alignment>
         <input_file_ref idref="fl-5a"/>
      </object_component>
      <object_component id="oc-13f">
         <name>.text.DL_UART_init</name>
         <load_address>0x2318</load_address>
         <readonly>true</readonly>
         <executable>true</executable>
         <run_address>0x2318</run_address>
         <size>0x48</size>
         <alignment>0x4</alignment>
         <input_file_ref idref="fl-1d"/>
      </object_component>
      <object_component id="oc-2be">
         <name>.text.HOSTclose</name>
         <load_address>0x2360</load_address>
         <readonly>true</readonly>
         <executable>true</executable>
         <run_address>0x2360</run_address>
         <size>0x48</size>
         <alignment>0x4</alignment>
         <input_file_ref idref="fl-f7"/>
      </object_component>
      <object_component id="oc-2ce">
         <name>.text.HOSTunlink</name>
         <load_address>0x23a8</load_address>
         <readonly>true</readonly>
         <executable>true</executable>
         <run_address>0x23a8</run_address>
         <size>0x48</size>
         <alignment>0x4</alignment>
         <input_file_ref idref="fl-fc"/>
      </object_component>
      <object_component id="oc-187">
         <name>.text.strtok</name>
         <load_address>0x23f0</load_address>
         <readonly>true</readonly>
         <executable>true</executable>
         <run_address>0x23f0</run_address>
         <size>0x48</size>
         <alignment>0x4</alignment>
         <input_file_ref idref="fl-46"/>
      </object_component>
      <object_component id="oc-148">
         <name>.text.DL_SPI_init</name>
         <load_address>0x2438</load_address>
         <readonly>true</readonly>
         <executable>true</executable>
         <run_address>0x2438</run_address>
         <size>0x44</size>
         <alignment>0x4</alignment>
         <input_file_ref idref="fl-1b"/>
      </object_component>
      <object_component id="oc-103">
         <name>.text.SYSCFG_DL_SYSCTL_init</name>
         <load_address>0x247c</load_address>
         <readonly>true</readonly>
         <executable>true</executable>
         <run_address>0x247c</run_address>
         <size>0x40</size>
         <alignment>0x4</alignment>
         <input_file_ref idref="fl-6"/>
      </object_component>
      <object_component id="oc-176">
         <name>.text.__aeabi_uidivmod</name>
         <load_address>0x24bc</load_address>
         <readonly>true</readonly>
         <executable>true</executable>
         <run_address>0x24bc</run_address>
         <size>0x40</size>
         <alignment>0x4</alignment>
         <input_file_ref idref="fl-10a"/>
      </object_component>
      <object_component id="oc-106">
         <name>.text.SYSCFG_DL_TIMER_0_init</name>
         <load_address>0x24fc</load_address>
         <readonly>true</readonly>
         <executable>true</executable>
         <run_address>0x24fc</run_address>
         <size>0x3c</size>
         <alignment>0x4</alignment>
         <input_file_ref idref="fl-6"/>
      </object_component>
      <object_component id="oc-120">
         <name>.text.UART_Target_Transmit</name>
         <load_address>0x2538</load_address>
         <readonly>true</readonly>
         <executable>true</executable>
         <run_address>0x2538</run_address>
         <size>0x3c</size>
         <alignment>0x4</alignment>
         <input_file_ref idref="fl-5a"/>
      </object_component>
      <object_component id="oc-e6">
         <name>.text:__TI_auto_init_nobinit_nopinit</name>
         <load_address>0x2574</load_address>
         <readonly>true</readonly>
         <executable>true</executable>
         <run_address>0x2574</run_address>
         <size>0x3c</size>
         <alignment>0x4</alignment>
         <input_file_ref idref="fl-49"/>
      </object_component>
      <object_component id="oc-199">
         <name>.text.DL_DMA_setTrigger</name>
         <load_address>0x25b0</load_address>
         <readonly>true</readonly>
         <executable>true</executable>
         <run_address>0x25b0</run_address>
         <size>0x38</size>
         <alignment>0x4</alignment>
         <input_file_ref idref="fl-59"/>
      </object_component>
      <object_component id="oc-105">
         <name>.text.SYSCFG_DL_TIMER_2_init</name>
         <load_address>0x25e8</load_address>
         <readonly>true</readonly>
         <executable>true</executable>
         <run_address>0x25e8</run_address>
         <size>0x38</size>
         <alignment>0x4</alignment>
         <input_file_ref idref="fl-6"/>
      </object_component>
      <object_component id="oc-1d2">
         <name>.text.Timer_Timeout_Start</name>
         <load_address>0x2620</load_address>
         <readonly>true</readonly>
         <executable>true</executable>
         <run_address>0x2620</run_address>
         <size>0x36</size>
         <alignment>0x2</alignment>
         <input_file_ref idref="fl-58"/>
      </object_component>
      <object_component id="oc-1d4">
         <name>.text.UART_Interface_Stop_Receive</name>
         <load_address>0x2656</load_address>
         <readonly>true</readonly>
         <executable>true</executable>
         <run_address>0x2656</run_address>
         <size>0x36</size>
         <alignment>0x2</alignment>
         <input_file_ref idref="fl-59"/>
      </object_component>
      <object_component id="oc-194">
         <name>.text.DL_DMA_configMode</name>
         <load_address>0x268c</load_address>
         <readonly>true</readonly>
         <executable>true</executable>
         <run_address>0x268c</run_address>
         <size>0x34</size>
         <alignment>0x2</alignment>
         <input_file_ref idref="fl-59"/>
      </object_component>
      <object_component id="oc-297">
         <name>.text.__TI_cleanup</name>
         <load_address>0x26c0</load_address>
         <readonly>true</readonly>
         <executable>true</executable>
         <run_address>0x26c0</run_address>
         <size>0x34</size>
         <alignment>0x4</alignment>
         <input_file_ref idref="fl-50"/>
      </object_component>
      <object_component id="oc-2ef">
         <name>.text.__TI_readmsg</name>
         <load_address>0x26f4</load_address>
         <readonly>true</readonly>
         <executable>true</executable>
         <run_address>0x26f4</run_address>
         <size>0x34</size>
         <alignment>0x4</alignment>
         <input_file_ref idref="fl-fe"/>
      </object_component>
      <object_component id="oc-2e9">
         <name>.text.__TI_writemsg</name>
         <load_address>0x2728</load_address>
         <readonly>true</readonly>
         <executable>true</executable>
         <run_address>0x2728</run_address>
         <size>0x34</size>
         <alignment>0x4</alignment>
         <input_file_ref idref="fl-fe"/>
      </object_component>
      <object_component id="oc-e4">
         <name>.text.exit</name>
         <load_address>0x275c</load_address>
         <readonly>true</readonly>
         <executable>true</executable>
         <run_address>0x275c</run_address>
         <size>0x34</size>
         <alignment>0x4</alignment>
         <input_file_ref idref="fl-3e"/>
      </object_component>
      <object_component id="oc-31d">
         <name>.text.finddevice</name>
         <load_address>0x2790</load_address>
         <readonly>true</readonly>
         <executable>true</executable>
         <run_address>0x2790</run_address>
         <size>0x34</size>
         <alignment>0x4</alignment>
         <input_file_ref idref="fl-110"/>
      </object_component>
      <object_component id="oc-1aa">
         <name>.text.timerCallback</name>
         <load_address>0x27c4</load_address>
         <readonly>true</readonly>
         <executable>true</executable>
         <run_address>0x27c4</run_address>
         <size>0x34</size>
         <alignment>0x4</alignment>
         <input_file_ref idref="fl-5a"/>
      </object_component>
      <object_component id="oc-196">
         <name>.text.DL_DMA_setDestWidth</name>
         <load_address>0x27f8</load_address>
         <readonly>true</readonly>
         <executable>true</executable>
         <run_address>0x27f8</run_address>
         <size>0x32</size>
         <alignment>0x2</alignment>
         <input_file_ref idref="fl-59"/>
      </object_component>
      <object_component id="oc-195">
         <name>.text.DL_DMA_setDestIncrement</name>
         <load_address>0x282a</load_address>
         <readonly>true</readonly>
         <executable>true</executable>
         <run_address>0x282a</run_address>
         <size>0x30</size>
         <alignment>0x2</alignment>
         <input_file_ref idref="fl-59"/>
      </object_component>
      <object_component id="oc-198">
         <name>.text.DL_DMA_setSrcWidth</name>
         <load_address>0x285a</load_address>
         <readonly>true</readonly>
         <executable>true</executable>
         <run_address>0x285a</run_address>
         <size>0x30</size>
         <alignment>0x2</alignment>
         <input_file_ref idref="fl-59"/>
      </object_component>
      <object_component id="oc-185">
         <name>.text.DL_DMA_setTransferSize</name>
         <load_address>0x288c</load_address>
         <readonly>true</readonly>
         <executable>true</executable>
         <run_address>0x288c</run_address>
         <size>0x30</size>
         <alignment>0x4</alignment>
         <input_file_ref idref="fl-59"/>
      </object_component>
      <object_component id="oc-116">
         <name>.text.led_off</name>
         <load_address>0x28bc</load_address>
         <readonly>true</readonly>
         <executable>true</executable>
         <run_address>0x28bc</run_address>
         <size>0x30</size>
         <alignment>0x4</alignment>
         <input_file_ref idref="fl-8"/>
      </object_component>
      <object_component id="oc-113">
         <name>.text.led_on</name>
         <load_address>0x28ec</load_address>
         <readonly>true</readonly>
         <executable>true</executable>
         <run_address>0x28ec</run_address>
         <size>0x30</size>
         <alignment>0x4</alignment>
         <input_file_ref idref="fl-8"/>
      </object_component>
      <object_component id="oc-1a6">
         <name>.text.targetRxDoneCb</name>
         <load_address>0x291c</load_address>
         <readonly>true</readonly>
         <executable>true</executable>
         <run_address>0x291c</run_address>
         <size>0x30</size>
         <alignment>0x4</alignment>
         <input_file_ref idref="fl-5a"/>
      </object_component>
      <object_component id="oc-1a7">
         <name>.text.targetTxDoneCb</name>
         <load_address>0x294c</load_address>
         <readonly>true</readonly>
         <executable>true</executable>
         <run_address>0x294c</run_address>
         <size>0x30</size>
         <alignment>0x4</alignment>
         <input_file_ref idref="fl-5a"/>
      </object_component>
      <object_component id="oc-197">
         <name>.text.DL_DMA_setSrcIncrement</name>
         <load_address>0x297c</load_address>
         <readonly>true</readonly>
         <executable>true</executable>
         <run_address>0x297c</run_address>
         <size>0x2e</size>
         <alignment>0x2</alignment>
         <input_file_ref idref="fl-59"/>
      </object_component>
      <object_component id="oc-181">
         <name>.text.__NVIC_ClearPendingIRQ</name>
         <load_address>0x29ac</load_address>
         <readonly>true</readonly>
         <executable>true</executable>
         <run_address>0x29ac</run_address>
         <size>0x2c</size>
         <alignment>0x4</alignment>
         <input_file_ref idref="fl-57"/>
      </object_component>
      <object_component id="oc-17b">
         <name>.text.__NVIC_ClearPendingIRQ</name>
         <load_address>0x29d8</load_address>
         <readonly>true</readonly>
         <executable>true</executable>
         <run_address>0x29d8</run_address>
         <size>0x2c</size>
         <alignment>0x4</alignment>
         <input_file_ref idref="fl-58"/>
      </object_component>
      <object_component id="oc-170">
         <name>.text.__NVIC_ClearPendingIRQ</name>
         <load_address>0x2a04</load_address>
         <readonly>true</readonly>
         <executable>true</executable>
         <run_address>0x2a04</run_address>
         <size>0x2c</size>
         <alignment>0x4</alignment>
         <input_file_ref idref="fl-59"/>
      </object_component>
      <object_component id="oc-182">
         <name>.text.__NVIC_EnableIRQ</name>
         <load_address>0x2a30</load_address>
         <readonly>true</readonly>
         <executable>true</executable>
         <run_address>0x2a30</run_address>
         <size>0x2c</size>
         <alignment>0x4</alignment>
         <input_file_ref idref="fl-57"/>
      </object_component>
      <object_component id="oc-17c">
         <name>.text.__NVIC_EnableIRQ</name>
         <load_address>0x2a5c</load_address>
         <readonly>true</readonly>
         <executable>true</executable>
         <run_address>0x2a5c</run_address>
         <size>0x2c</size>
         <alignment>0x4</alignment>
         <input_file_ref idref="fl-58"/>
      </object_component>
      <object_component id="oc-171">
         <name>.text.__NVIC_EnableIRQ</name>
         <load_address>0x2a88</load_address>
         <readonly>true</readonly>
         <executable>true</executable>
         <run_address>0x2a88</run_address>
         <size>0x2c</size>
         <alignment>0x4</alignment>
         <input_file_ref idref="fl-59"/>
      </object_component>
      <object_component id="oc-30a">
         <name>.text.unlink</name>
         <load_address>0x2ab4</load_address>
         <readonly>true</readonly>
         <executable>true</executable>
         <run_address>0x2ab4</run_address>
         <size>0x2c</size>
         <alignment>0x4</alignment>
         <input_file_ref idref="fl-f6"/>
      </object_component>
      <object_component id="oc-73">
         <name>.text.Timer_Timeout_IRQ</name>
         <load_address>0x2ae0</load_address>
         <readonly>true</readonly>
         <executable>true</executable>
         <run_address>0x2ae0</run_address>
         <size>0x2a</size>
         <alignment>0x2</alignment>
         <input_file_ref idref="fl-58"/>
      </object_component>
      <object_component id="oc-1d3">
         <name>.text.Timer_Timeout_reStart</name>
         <load_address>0x2b0a</load_address>
         <readonly>true</readonly>
         <executable>true</executable>
         <run_address>0x2b0a</run_address>
         <size>0x2a</size>
         <alignment>0x2</alignment>
         <input_file_ref idref="fl-58"/>
      </object_component>
      <object_component id="oc-1a0">
         <name>.text.DL_Common_updateReg</name>
         <load_address>0x2b34</load_address>
         <readonly>true</readonly>
         <executable>true</executable>
         <run_address>0x2b34</run_address>
         <size>0x28</size>
         <alignment>0x2</alignment>
         <input_file_ref idref="fl-58"/>
      </object_component>
      <object_component id="oc-1ce">
         <name>.text.DL_Common_updateReg</name>
         <load_address>0x2b5c</load_address>
         <readonly>true</readonly>
         <executable>true</executable>
         <run_address>0x2b5c</run_address>
         <size>0x28</size>
         <alignment>0x2</alignment>
         <input_file_ref idref="fl-59"/>
      </object_component>
      <object_component id="oc-184">
         <name>.text.DL_DMA_setDestAddr</name>
         <load_address>0x2b84</load_address>
         <readonly>true</readonly>
         <executable>true</executable>
         <run_address>0x2b84</run_address>
         <size>0x28</size>
         <alignment>0x4</alignment>
         <input_file_ref idref="fl-59"/>
      </object_component>
      <object_component id="oc-193">
         <name>.text.DL_DMA_setSrcAddr</name>
         <load_address>0x2bac</load_address>
         <readonly>true</readonly>
         <executable>true</executable>
         <run_address>0x2bac</run_address>
         <size>0x28</size>
         <alignment>0x4</alignment>
         <input_file_ref idref="fl-59"/>
      </object_component>
      <object_component id="oc-111">
         <name>.text.Max5719GSD_init</name>
         <load_address>0x2bd4</load_address>
         <readonly>true</readonly>
         <executable>true</executable>
         <run_address>0x2bd4</run_address>
         <size>0x28</size>
         <alignment>0x4</alignment>
         <input_file_ref idref="fl-1"/>
      </object_component>
      <object_component id="oc-2ac">
         <name>.text.free_list_insert</name>
         <load_address>0x2bfc</load_address>
         <readonly>true</readonly>
         <executable>true</executable>
         <run_address>0x2bfc</run_address>
         <size>0x28</size>
         <alignment>0x4</alignment>
         <input_file_ref idref="fl-45"/>
      </object_component>
      <object_component id="oc-2a6">
         <name>.text.lseek</name>
         <load_address>0x2c24</load_address>
         <readonly>true</readonly>
         <executable>true</executable>
         <run_address>0x2c24</run_address>
         <size>0x28</size>
         <alignment>0x4</alignment>
         <input_file_ref idref="fl-f4"/>
      </object_component>
      <object_component id="oc-1a9">
         <name>.text.targetTxInProgressCb</name>
         <load_address>0x2c4c</load_address>
         <readonly>true</readonly>
         <executable>true</executable>
         <run_address>0x2c4c</run_address>
         <size>0x28</size>
         <alignment>0x4</alignment>
         <input_file_ref idref="fl-5a"/>
      </object_component>
      <object_component id="oc-208">
         <name>.text.write</name>
         <load_address>0x2c74</load_address>
         <readonly>true</readonly>
         <executable>true</executable>
         <run_address>0x2c74</run_address>
         <size>0x28</size>
         <alignment>0x4</alignment>
         <input_file_ref idref="fl-f0"/>
      </object_component>
      <object_component id="oc-57">
         <name>.text:_c_int00_noargs</name>
         <load_address>0x2c9c</load_address>
         <readonly>true</readonly>
         <executable>true</executable>
         <run_address>0x2c9c</run_address>
         <size>0x28</size>
         <alignment>0x4</alignment>
         <input_file_ref idref="fl-47"/>
      </object_component>
      <object_component id="oc-217">
         <name>.text.DL_DMA_disableChannel</name>
         <load_address>0x2cc4</load_address>
         <readonly>true</readonly>
         <executable>true</executable>
         <run_address>0x2cc4</run_address>
         <size>0x26</size>
         <alignment>0x2</alignment>
         <input_file_ref idref="fl-59"/>
      </object_component>
      <object_component id="oc-186">
         <name>.text.DL_DMA_enableChannel</name>
         <load_address>0x2cea</load_address>
         <readonly>true</readonly>
         <executable>true</executable>
         <run_address>0x2cea</run_address>
         <size>0x26</size>
         <alignment>0x2</alignment>
         <input_file_ref idref="fl-59"/>
      </object_component>
      <object_component id="oc-1ab">
         <name>.text.strspn</name>
         <load_address>0x2d10</load_address>
         <readonly>true</readonly>
         <executable>true</executable>
         <run_address>0x2d10</run_address>
         <size>0x26</size>
         <alignment>0x2</alignment>
         <input_file_ref idref="fl-55"/>
      </object_component>
      <object_component id="oc-8c">
         <name>.text.main</name>
         <load_address>0x2d38</load_address>
         <readonly>true</readonly>
         <executable>true</executable>
         <run_address>0x2d38</run_address>
         <size>0x24</size>
         <alignment>0x4</alignment>
         <input_file_ref idref="fl-9"/>
      </object_component>
      <object_component id="oc-1af">
         <name>.text.strcspn</name>
         <load_address>0x2d5c</load_address>
         <readonly>true</readonly>
         <executable>true</executable>
         <run_address>0x2d5c</run_address>
         <size>0x24</size>
         <alignment>0x2</alignment>
         <input_file_ref idref="fl-54"/>
      </object_component>
      <object_component id="oc-1dd">
         <name>.text.memccpy</name>
         <load_address>0x2d80</load_address>
         <readonly>true</readonly>
         <executable>true</executable>
         <run_address>0x2d80</run_address>
         <size>0x22</size>
         <alignment>0x2</alignment>
         <input_file_ref idref="fl-44"/>
      </object_component>
      <object_component id="oc-17a">
         <name>.text.DL_Timer_setCounterValueAfterEnable</name>
         <load_address>0x2da4</load_address>
         <readonly>true</readonly>
         <executable>true</executable>
         <run_address>0x2da4</run_address>
         <size>0x20</size>
         <alignment>0x4</alignment>
         <input_file_ref idref="fl-58"/>
      </object_component>
      <object_component id="oc-d6">
         <name>.text.SYSCFG_DL_init</name>
         <load_address>0x2dc4</load_address>
         <readonly>true</readonly>
         <executable>true</executable>
         <run_address>0x2dc4</run_address>
         <size>0x20</size>
         <alignment>0x2</alignment>
         <input_file_ref idref="fl-6"/>
      </object_component>
      <object_component id="oc-1a4">
         <name>.text.DL_Timer_disableInterrupt</name>
         <load_address>0x2de4</load_address>
         <readonly>true</readonly>
         <executable>true</executable>
         <run_address>0x2de4</run_address>
         <size>0x1c</size>
         <alignment>0x4</alignment>
         <input_file_ref idref="fl-58"/>
      </object_component>
      <object_component id="oc-1a5">
         <name>.text.DL_Timer_enableInterrupt</name>
         <load_address>0x2e00</load_address>
         <readonly>true</readonly>
         <executable>true</executable>
         <run_address>0x2e00</run_address>
         <size>0x1c</size>
         <alignment>0x4</alignment>
         <input_file_ref idref="fl-58"/>
      </object_component>
      <object_component id="oc-133">
         <name>.text.DL_Timer_setClockConfig</name>
         <load_address>0x2e1c</load_address>
         <readonly>true</readonly>
         <executable>true</executable>
         <run_address>0x2e1c</run_address>
         <size>0x1c</size>
         <alignment>0x4</alignment>
         <input_file_ref idref="fl-1c"/>
      </object_component>
      <object_component id="oc-11e">
         <name>.text.Delay_Timer_Get</name>
         <load_address>0x2e38</load_address>
         <readonly>true</readonly>
         <executable>true</executable>
         <run_address>0x2e38</run_address>
         <size>0x1c</size>
         <alignment>0x2</alignment>
         <input_file_ref idref="fl-4"/>
      </object_component>
      <object_component id="oc-118">
         <name>.text.UART_Target_getState</name>
         <load_address>0x2e54</load_address>
         <readonly>true</readonly>
         <executable>true</executable>
         <run_address>0x2e54</run_address>
         <size>0x1c</size>
         <alignment>0x4</alignment>
         <input_file_ref idref="fl-5a"/>
      </object_component>
      <object_component id="oc-2aa">
         <name>.text.free_list_remove</name>
         <load_address>0x2e70</load_address>
         <readonly>true</readonly>
         <executable>true</executable>
         <run_address>0x2e70</run_address>
         <size>0x1c</size>
         <alignment>0x4</alignment>
         <input_file_ref idref="fl-45"/>
      </object_component>
      <object_component id="oc-1a2">
         <name>.text.DL_Timer_clearInterruptStatus</name>
         <load_address>0x2e8c</load_address>
         <readonly>true</readonly>
         <executable>true</executable>
         <run_address>0x2e8c</run_address>
         <size>0x18</size>
         <alignment>0x4</alignment>
         <input_file_ref idref="fl-58"/>
      </object_component>
      <object_component id="oc-1a3">
         <name>.text.DL_Timer_setLoadValue</name>
         <load_address>0x2ea4</load_address>
         <readonly>true</readonly>
         <executable>true</executable>
         <run_address>0x2ea4</run_address>
         <size>0x18</size>
         <alignment>0x4</alignment>
         <input_file_ref idref="fl-58"/>
      </object_component>
      <object_component id="oc-216">
         <name>.text.DL_Timer_startCounter</name>
         <load_address>0x2ebc</load_address>
         <readonly>true</readonly>
         <executable>true</executable>
         <run_address>0x2ebc</run_address>
         <size>0x18</size>
         <alignment>0x4</alignment>
         <input_file_ref idref="fl-58"/>
      </object_component>
      <object_component id="oc-1a1">
         <name>.text.DL_Timer_stopCounter</name>
         <load_address>0x2ed4</load_address>
         <readonly>true</readonly>
         <executable>true</executable>
         <run_address>0x2ed4</run_address>
         <size>0x18</size>
         <alignment>0x4</alignment>
         <input_file_ref idref="fl-58"/>
      </object_component>
      <object_component id="oc-10f">
         <name>.text.led_init</name>
         <load_address>0x2eec</load_address>
         <readonly>true</readonly>
         <executable>true</executable>
         <run_address>0x2eec</run_address>
         <size>0x18</size>
         <alignment>0x4</alignment>
         <input_file_ref idref="fl-8"/>
      </object_component>
      <object_component id="oc-9b">
         <name>.text.DL_SPI_transmitData16</name>
         <load_address>0x2f04</load_address>
         <readonly>true</readonly>
         <executable>true</executable>
         <run_address>0x2f04</run_address>
         <size>0x16</size>
         <alignment>0x2</alignment>
         <input_file_ref idref="fl-57"/>
      </object_component>
      <object_component id="oc-79">
         <name>.text.Delay_Timer_IRQ</name>
         <load_address>0x2f1a</load_address>
         <readonly>true</readonly>
         <executable>true</executable>
         <run_address>0x2f1a</run_address>
         <size>0x16</size>
         <alignment>0x2</alignment>
         <input_file_ref idref="fl-4"/>
      </object_component>
      <object_component id="oc-9a">
         <name>.text.DL_SPI_receiveData16</name>
         <load_address>0x2f30</load_address>
         <readonly>true</readonly>
         <executable>true</executable>
         <run_address>0x2f30</run_address>
         <size>0x14</size>
         <alignment>0x4</alignment>
         <input_file_ref idref="fl-57"/>
      </object_component>
      <object_component id="oc-14f">
         <name>.text.Delay_Timer_Start</name>
         <load_address>0x2f44</load_address>
         <readonly>true</readonly>
         <executable>true</executable>
         <run_address>0x2f44</run_address>
         <size>0x14</size>
         <alignment>0x4</alignment>
         <input_file_ref idref="fl-4"/>
      </object_component>
      <object_component id="oc-99">
         <name>.text.DL_SPI_getPendingInterrupt</name>
         <load_address>0x2f58</load_address>
         <readonly>true</readonly>
         <executable>true</executable>
         <run_address>0x2f58</run_address>
         <size>0x12</size>
         <alignment>0x2</alignment>
         <input_file_ref idref="fl-57"/>
      </object_component>
      <object_component id="oc-142">
         <name>.text.DL_SPI_setClockConfig</name>
         <load_address>0x2f6a</load_address>
         <readonly>true</readonly>
         <executable>true</executable>
         <run_address>0x2f6a</run_address>
         <size>0x12</size>
         <alignment>0x2</alignment>
         <input_file_ref idref="fl-1b"/>
      </object_component>
      <object_component id="oc-c6">
         <name>.text.DL_Timer_getPendingInterrupt</name>
         <load_address>0x2f7c</load_address>
         <readonly>true</readonly>
         <executable>true</executable>
         <run_address>0x2f7c</run_address>
         <size>0x12</size>
         <alignment>0x2</alignment>
         <input_file_ref idref="fl-58"/>
      </object_component>
      <object_component id="oc-bc">
         <name>.text.DL_UART_getPendingInterrupt</name>
         <load_address>0x2f8e</load_address>
         <readonly>true</readonly>
         <executable>true</executable>
         <run_address>0x2f8e</run_address>
         <size>0x12</size>
         <alignment>0x2</alignment>
         <input_file_ref idref="fl-59"/>
      </object_component>
      <object_component id="oc-13e">
         <name>.text.DL_UART_setClockConfig</name>
         <load_address>0x2fa0</load_address>
         <readonly>true</readonly>
         <executable>true</executable>
         <run_address>0x2fa0</run_address>
         <size>0x12</size>
         <alignment>0x2</alignment>
         <input_file_ref idref="fl-1d"/>
      </object_component>
      <object_component id="oc-20">
         <name>.text:decompress:none</name>
         <load_address>0x2fb2</load_address>
         <readonly>true</readonly>
         <executable>true</executable>
         <run_address>0x2fb2</run_address>
         <size>0x12</size>
         <alignment>0x2</alignment>
         <input_file_ref idref="fl-4d"/>
      </object_component>
      <object_component id="oc-34">
         <name>.text.SPI0_IRQHandler</name>
         <load_address>0x2fc4</load_address>
         <readonly>true</readonly>
         <executable>true</executable>
         <run_address>0x2fc4</run_address>
         <size>0x10</size>
         <alignment>0x4</alignment>
         <input_file_ref idref="fl-2"/>
      </object_component>
      <object_component id="oc-3a">
         <name>.text.TIMA0_IRQHandler</name>
         <load_address>0x2fd4</load_address>
         <readonly>true</readonly>
         <executable>true</executable>
         <run_address>0x2fd4</run_address>
         <size>0x10</size>
         <alignment>0x4</alignment>
         <input_file_ref idref="fl-2"/>
      </object_component>
      <object_component id="oc-3b">
         <name>.text.TIMG7_IRQHandler</name>
         <load_address>0x2fe4</load_address>
         <readonly>true</readonly>
         <executable>true</executable>
         <run_address>0x2fe4</run_address>
         <size>0x10</size>
         <alignment>0x4</alignment>
         <input_file_ref idref="fl-2"/>
      </object_component>
      <object_component id="oc-39">
         <name>.text.UART0_IRQHandler</name>
         <load_address>0x2ff4</load_address>
         <readonly>true</readonly>
         <executable>true</executable>
         <run_address>0x2ff4</run_address>
         <size>0x10</size>
         <alignment>0x4</alignment>
         <input_file_ref idref="fl-2"/>
      </object_component>
      <object_component id="oc-174">
         <name>.text.defaultUartCallBack</name>
         <load_address>0x3004</load_address>
         <readonly>true</readonly>
         <executable>true</executable>
         <run_address>0x3004</run_address>
         <size>0x10</size>
         <alignment>0x2</alignment>
         <input_file_ref idref="fl-59"/>
      </object_component>
      <object_component id="oc-175">
         <name>.text.defaultUartInprogressCallback</name>
         <load_address>0x3014</load_address>
         <readonly>true</readonly>
         <executable>true</executable>
         <run_address>0x3014</run_address>
         <size>0x10</size>
         <alignment>0x2</alignment>
         <input_file_ref idref="fl-59"/>
      </object_component>
      <object_component id="oc-54">
         <name>.text:decompress:ZI</name>
         <load_address>0x3024</load_address>
         <readonly>true</readonly>
         <executable>true</executable>
         <run_address>0x3024</run_address>
         <size>0x10</size>
         <alignment>0x2</alignment>
         <input_file_ref idref="fl-4c"/>
      </object_component>
      <object_component id="oc-2ab">
         <name>.text.OUTLINED_FUNCTION_0</name>
         <load_address>0x3034</load_address>
         <readonly>true</readonly>
         <executable>true</executable>
         <run_address>0x3034</run_address>
         <size>0xe</size>
         <alignment>0x2</alignment>
         <input_file_ref idref="fl-45"/>
      </object_component>
      <object_component id="oc-1dc">
         <name>.text.__aeabi_memset</name>
         <load_address>0x3044</load_address>
         <readonly>true</readonly>
         <executable>true</executable>
         <run_address>0x3044</run_address>
         <size>0xe</size>
         <alignment>0x4</alignment>
         <input_file_ref idref="fl-109"/>
      </object_component>
      <object_component id="oc-303">
         <name>.text.strcpy</name>
         <load_address>0x3052</load_address>
         <readonly>true</readonly>
         <executable>true</executable>
         <run_address>0x3052</run_address>
         <size>0xe</size>
         <alignment>0x2</alignment>
         <input_file_ref idref="fl-fb"/>
      </object_component>
      <object_component id="oc-1db">
         <name>.text.strlen</name>
         <load_address>0x3060</load_address>
         <readonly>true</readonly>
         <executable>true</executable>
         <run_address>0x3060</run_address>
         <size>0xe</size>
         <alignment>0x2</alignment>
         <input_file_ref idref="fl-33"/>
      </object_component>
      <object_component id="oc-304">
         <name>.text.strlen</name>
         <load_address>0x306e</load_address>
         <readonly>true</readonly>
         <executable>true</executable>
         <run_address>0x306e</run_address>
         <size>0xe</size>
         <alignment>0x2</alignment>
         <input_file_ref idref="fl-fb"/>
      </object_component>
      <object_component id="oc-83">
         <name>.text.__aeabi_memclr</name>
         <load_address>0x307c</load_address>
         <readonly>true</readonly>
         <executable>true</executable>
         <run_address>0x307c</run_address>
         <size>0xc</size>
         <alignment>0x4</alignment>
         <input_file_ref idref="fl-109"/>
[...]
         <object_component_ref idref="oc-10c"/>
      </symbol>
      <symbol id="sm-120">
         <name>usb_init</name>
         <value>0x16c5</value>
         <object_component_ref idref="oc-10b"/>
      </symbol>
      <symbol id="sm-121">
         <name>usb_fsm</name>
         <value>0xa75</value>
         <object_component_ref idref="oc-dc"/>
      </symbol>
      <symbol id="sm-122">
         <name>process_usb_command</name>
         <value>0x951</value>
         <object_component_ref idref="oc-11f"/>
      </symbol>
      <symbol id="sm-123">
         <name>__TI_ATRegion0_src_addr</name>
         <value>0x0</value>
      </symbol>
      <symbol id="sm-124">
         <name>__TI_ATRegion0_trg_addr</name>
         <value>0x0</value>
      </symbol>
      <symbol id="sm-125">
         <name>__TI_ATRegion0_region_sz</name>
         <value>0x0</value>
      </symbol>
      <symbol id="sm-126">
         <name>__TI_ATRegion1_src_addr</name>
         <value>0x0</value>
      </symbol>
      <symbol id="sm-127">
         <name>__TI_ATRegion1_trg_addr</name>
         <value>0x0</value>
      </symbol>
      <symbol id="sm-128">
         <name>__TI_ATRegion1_region_sz</name>
         <value>0x0</value>
      </symbol>
      <symbol id="sm-129">
         <name>__TI_ATRegion2_src_addr</name>
         <value>0x0</value>
      </symbol>
      <symbol id="sm-12a">
         <name>__TI_ATRegion2_trg_addr</name>
         <value>0x0</value>
      </symbol>
      <symbol id="sm-12b">
         <name>__TI_ATRegion2_region_sz</name>
         <value>0x0</value>
      </symbol>
      <symbol id="sm-134">
         <name>DL_Common_delayCycles</name>
         <value>0x30ad</value>
         <object_component_ref idref="oc-12f"/>
      </symbol>
      <symbol id="sm-141">
         <name>DL_SPI_init</name>
         <value>0x2439</value>
         <object_component_ref idref="oc-148"/>
      </symbol>
      <symbol id="sm-142">
         <name>DL_SPI_setClockConfig</name>
         <value>0x2f6b</value>
         <object_component_ref idref="oc-142"/>
      </symbol>
      <symbol id="sm-152">
         <name>DL_Timer_setClockConfig</name>
         <value>0x2e1d</value>
         <object_component_ref idref="oc-133"/>
      </symbol>
      <symbol id="sm-153">
         <name>DL_Timer_initTimerMode</name>
         <value>0xe99</value>
         <object_component_ref idref="oc-139"/>
      </symbol>
      <symbol id="sm-166">
         <name>DL_UART_init</name>
         <value>0x2319</value>
         <object_component_ref idref="oc-13f"/>
      </symbol>
      <symbol id="sm-167">
         <name>DL_UART_setClockConfig</name>
         <value>0x2fa1</value>
         <object_component_ref idref="oc-13e"/>
      </symbol>
      <symbol id="sm-168">
         <name>DL_UART_drainRXFIFO</name>
         <value>0x20d9</value>
         <object_component_ref idref="oc-bd"/>
      </symbol>
      <symbol id="sm-169">
         <name>DL_UART_fillTXFIFO</name>
         <value>0x212d</value>
         <object_component_ref idref="oc-c3"/>
      </symbol>
      <symbol id="sm-17a">
         <name>printf</name>
         <value>0x1f19</value>
         <object_component_ref idref="oc-158"/>
      </symbol>
      <symbol id="sm-190">
         <name>__TI_printfi_minimal</name>
         <value>0x371</value>
         <object_component_ref idref="oc-1b7"/>
      </symbol>
      <symbol id="sm-19c">
         <name>fputc</name>
         <value>0x13dd</value>
         <object_component_ref idref="oc-1c8"/>
      </symbol>
      <symbol id="sm-1a7">
         <name>fputs</name>
         <value>0xda1</value>
         <object_component_ref idref="oc-1c2"/>
      </symbol>
      <symbol id="sm-1b1">
         <name>__TI_wrt_ok</name>
         <value>0x1d8d</value>
         <object_component_ref idref="oc-202"/>
      </symbol>
      <symbol id="sm-1bb">
         <name>setvbuf</name>
         <value>0x1069</value>
         <object_component_ref idref="oc-265"/>
      </symbol>
      <symbol id="sm-1c6">
         <name>strcmp</name>
         <value>0x1751</value>
         <object_component_ref idref="oc-320"/>
      </symbol>
      <symbol id="sm-1d5">
         <name>abort</name>
         <value>0x30e5</value>
         <object_component_ref idref="oc-df"/>
      </symbol>
      <symbol id="sm-1d6">
         <name>C$$EXIT</name>
         <value>0x30e4</value>
         <object_component_ref idref="oc-df"/>
      </symbol>
      <symbol id="sm-1d7">
         <name>__TI_cleanup_ptr</name>
         <value>0x20202020</value>
         <object_component_ref idref="oc-126"/>
      </symbol>
      <symbol id="sm-1d8">
         <name>__TI_dtors_ptr</name>
         <value>0x20202024</value>
         <object_component_ref idref="oc-126"/>
      </symbol>
      <symbol id="sm-1d9">
         <name>exit</name>
         <value>0x275d</value>
         <object_component_ref idref="oc-e4"/>
      </symbol>
      <symbol id="sm-1e2">
         <name>_nop</name>
         <value>0x1eb7</value>
         <object_component_ref idref="oc-160"/>
      </symbol>
      <symbol id="sm-1e3">
         <name>_lock</name>
         <value>0x2020202c</value>
         <object_component_ref idref="oc-124"/>
      </symbol>
      <symbol id="sm-1e4">
         <name>_unlock</name>
         <value>0x20202030</value>
         <object_component_ref idref="oc-127"/>
      </symbol>
      <symbol id="sm-1ec">
         <name>_ftable</name>
         <value>0x20201e68</value>
         <object_component_ref idref="oc-18d"/>
      </symbol>
      <symbol id="sm-1ed">
         <name>__TI_ft_end</name>
         <value>0x20202028</value>
         <object_component_ref idref="oc-2b7"/>
      </symbol>
      <symbol id="sm-1ee">
         <name>__TI_tmpnams</name>
         <value>0x202014cc</value>
         <object_component_ref idref="oc-2e6"/>
      </symbol>
      <symbol id="sm-1f7">
         <name>memccpy</name>
         <value>0x2d81</value>
         <object_component_ref idref="oc-1dd"/>
      </symbol>
      <symbol id="sm-21a">
         <name>malloc</name>
         <value>0x3095</value>
         <object_component_ref idref="oc-296"/>
      </symbol>
      <symbol id="sm-21b">
         <name>aligned_alloc</name>
         <value>0xb8d</value>
         <object_component_ref idref="oc-2b0"/>
      </symbol>
      <symbol id="sm-21c">
         <name>free</name>
         <value>0xf81</value>
         <object_component_ref idref="oc-290"/>
      </symbol>
      <symbol id="sm-21d">
         <name>_sys_memory</name>
         <value>0x20201668</value>
         <object_component_ref idref="oc-2ad"/>
      </symbol>
      <symbol id="sm-21e">
         <name>memalign</name>
         <value>0xb8d</value>
         <object_component_ref idref="oc-2b0"/>
      </symbol>
      <symbol id="sm-22a">
         <name>strtok</name>
         <value>0x23f1</value>
         <object_component_ref idref="oc-187"/>
      </symbol>
      <symbol id="sm-235">
         <name>_c_int00_noargs</name>
         <value>0x2c9d</value>
         <object_component_ref idref="oc-57"/>
      </symbol>
      <symbol id="sm-236">
         <name>__stack</name>
         <value>0x20207e00</value>
         <object_component_ref idref="oc-1a"/>
      </symbol>
      <symbol id="sm-242">
         <name>__TI_auto_init_nobinit_nopinit</name>
         <value>0x2575</value>
         <object_component_ref idref="oc-e6"/>
      </symbol>
      <symbol id="sm-24a">
         <name>_system_pre_init</name>
         <value>0x174d</value>
         <object_component_ref idref="oc-88"/>
      </symbol>
      <symbol id="sm-255">
         <name>__TI_zero_init</name>
         <value>0x3025</value>
         <object_component_ref idref="oc-54"/>
      </symbol>
      <symbol id="sm-25e">
         <name>__TI_decompress_none</name>
         <value>0x2fb3</value>
         <object_component_ref idref="oc-20"/>
      </symbol>
      <symbol id="sm-269">
         <name>__TI_decompress_lzss</name>
         <value>0x1855</value>
         <object_component_ref idref="oc-1c"/>
      </symbol>
      <symbol id="sm-273">
         <name>__TI_doflush</name>
         <value>0x2229</value>
         <object_component_ref idref="oc-20c"/>
      </symbol>
      <symbol id="sm-27e">
         <name>__TI_cleanup</name>
         <value>0x26c1</value>
         <object_component_ref idref="oc-297"/>
      </symbol>
      <symbol id="sm-28b">
         <name>fseek</name>
         <value>0x30d1</value>
         <object_component_ref idref="oc-25f"/>
      </symbol>
      <symbol id="sm-28c">
         <name>fseeko</name>
         <value>0x1be5</value>
         <object_component_ref idref="oc-28d"/>
      </symbol>
      <symbol id="sm-296">
         <name>strcspn</name>
         <value>0x2d5d</value>
         <object_component_ref idref="oc-1af"/>
      </symbol>
      <symbol id="sm-29f">
         <name>strspn</name>
         <value>0x2d11</value>
         <object_component_ref idref="oc-1ab"/>
      </symbol>
      <symbol id="sm-2aa">
         <name>__TI_closefile</name>
         <value>0x17d9</value>
         <object_component_ref idref="oc-2b1"/>
      </symbol>
      <symbol id="sm-2ca">
         <name>noActionSPIInterface</name>
         <value>0x30a1</value>
         <object_component_ref idref="oc-183"/>
      </symbol>
      <symbol id="sm-2cb">
         <name>SPI_Initialize</name>
         <value>0x163d</value>
         <object_component_ref idref="oc-150"/>
      </symbol>
      <symbol id="sm-2cc">
         <name>SPI_IRQ</name>
         <value>0x1149</value>
         <object_component_ref idref="oc-5e"/>
      </symbol>
      <symbol id="sm-30a">
         <name>defaultTimerSingleTriggerCB</name>
         <value>0x3089</value>
         <object_component_ref idref="oc-17d"/>
      </symbol>
      <symbol id="sm-30b">
         <name>Timer_Timeout_Inialize</name>
         <value>0xca1</value>
         <object_component_ref idref="oc-14c"/>
      </symbol>
      <symbol id="sm-30c">
         <name>Timer_Timeout_Time_Set</name>
         <value>0x1f75</value>
         <object_component_ref idref="oc-17e"/>
      </symbol>
      <symbol id="sm-30d">
         <name>Timer_Timeout_Start</name>
         <value>0x2621</value>
         <object_component_ref idref="oc-1d2"/>
      </symbol>
      <symbol id="sm-30e">
         <name>Timer_Timeout_reStart</name>
         <value>0x2b0b</value>
         <object_component_ref idref="oc-1d3"/>
      </symbol>
      <symbol id="sm-30f">
         <name>Timer_Timeout_IRQ</name>
         <value>0x2ae1</value>
         <object_component_ref idref="oc-73"/>
      </symbol>
      <symbol id="sm-35f">
         <name>defaultUartCallBack</name>
         <value>0x3005</value>
         <object_component_ref idref="oc-174"/>
      </symbol>
      <symbol id="sm-360">
         <name>defaultUartInprogressCallback</name>
         <value>0x3015</value>
         <object_component_ref idref="oc-175"/>
      </symbol>
      <symbol id="sm-361">
         <name>UART_rxDMA_Initialize</name>
         <value>0x18d1</value>
         <object_component_ref idref="oc-172"/>
      </symbol>
      <symbol id="sm-362">
         <name>UART_txDMA_Initialize</name>
         <value>0x1949</value>
         <object_component_ref idref="oc-173"/>
      </symbol>
      <symbol id="sm-363">
         <name>UART_Interface_Initialize</name>
         <value>0x7d5</value>
         <object_component_ref idref="oc-14b"/>
      </symbol>
      <symbol id="sm-364">
         <name>UART_Interface_Start_Transmit</name>
         <value>0x11fb</value>
         <object_component_ref idref="oc-15f"/>
      </symbol>
      <symbol id="sm-365">
         <name>UART_Interface_Start_Receive</name>
         <value>0x129f</value>
         <object_component_ref idref="oc-155"/>
      </symbol>
      <symbol id="sm-366">
         <name>UART_Interface_IRQ</name>
         <value>0x5f5</value>
         <object_component_ref idref="oc-6d"/>
      </symbol>
      <symbol id="sm-367">
         <name>UART_Interface_Stop_Receive</name>
         <value>0x2657</value>
         <object_component_ref idref="oc-1d4"/>
      </symbol>
      <symbol id="sm-38c">
         <name>targetRxDoneCb</name>
         <value>0x291d</value>
         <object_component_ref idref="oc-1a6"/>
      </symbol>
      <symbol id="sm-38d">
         <name>glUartTarget</name>
         <value>0x2020156c</value>
      </symbol>
      <symbol id="sm-38e">
         <name>targetTxDoneCb</name>
         <value>0x294d</value>
         <object_component_ref idref="oc-1a7"/>
      </symbol>
      <symbol id="sm-38f">
         <name>targetRxInProgressCb</name>
         <value>0x1cbd</value>
         <object_component_ref idref="oc-1a8"/>
      </symbol>
      <symbol id="sm-390">
         <name>targetTxInProgressCb</name>
         <value>0x2c4d</value>
         <object_component_ref idref="oc-1a9"/>
      </symbol>
      <symbol id="sm-391">
         <name>timerCallback</name>
         <value>0x27c5</value>
         <object_component_ref idref="oc-1aa"/>
      </symbol>
      <symbol id="sm-392">
         <name>glUartTargetIndexFromTimerIndex</name>
         <value>0x20201664</value>
      </symbol>
      <symbol id="sm-393">
         <name>UART_Target_AssignCallBacks</name>
         <value>0x1d29</value>
         <object_component_ref idref="oc-17f"/>
      </symbol>
      <symbol id="sm-394">
         <name>UART_Target_Initialize</name>
         <value>0x1a31</value>
         <object_component_ref idref="oc-14d"/>
      </symbol>
      <symbol id="sm-395">
         <name>UART_Target_Receive</name>
         <value>0x22cd</value>
         <object_component_ref idref="oc-11d"/>
      </symbol>
      <symbol id="sm-396">
         <name>UART_Target_Transmit</name>
         <value>0x2539</value>
         <object_component_ref idref="oc-120"/>
      </symbol>
      <symbol id="sm-397">
         <name>UART_Target_getState</name>
         <value>0x2e55</value>
         <object_component_ref idref="oc-118"/>
      </symbol>
      <symbol id="sm-3a1">
         <name>write</name>
         <value>0x2c75</value>
         <object_component_ref idref="oc-208"/>
      </symbol>
      <symbol id="sm-3a6">
         <name>_device</name>
         <value>0x20201f58</value>
         <object_component_ref idref="oc-2a0"/>
      </symbol>
      <symbol id="sm-3a7">
         <name>_stream</name>
         <value>0x20201fd0</value>
         <object_component_ref idref="oc-26b"/>
      </symbol>
      <symbol id="sm-3b0">
         <name>remove</name>
         <value>0x30d9</value>
         <object_component_ref idref="oc-2e2"/>
      </symbol>
      <symbol id="sm-3bb">
         <name>lseek</name>
         <value>0x2c25</value>
         <object_component_ref idref="oc-2a6"/>
      </symbol>
      <symbol id="sm-3c5">
         <name>close</name>
         <value>0x227d</value>
         <object_component_ref idref="oc-2de"/>
      </symbol>
      <symbol id="sm-3cf">
         <name>unlink</name>
         <value>0x2ab5</value>
         <object_component_ref idref="oc-30a"/>
      </symbol>
      <symbol id="sm-3d9">
         <name>HOSTclose</name>
         <value>0x2361</value>
         <object_component_ref idref="oc-2be"/>
      </symbol>
      <symbol id="sm-3e3">
         <name>HOSTlseek</name>
         <value>0x1aa1</value>
         <object_component_ref idref="oc-2ca"/>
      </symbol>
      <symbol id="sm-3ed">
         <name>HOSTopen</name>
         <value>0x1eb9</value>
         <object_component_ref idref="oc-2ba"/>
      </symbol>
      <symbol id="sm-3ee">
         <name>parmbuf</name>
         <value>0x20201654</value>
         <object_component_ref idref="oc-2f0"/>
      </symbol>
      <symbol id="sm-3f8">
         <name>HOSTread</name>
         <value>0x1fd1</value>
         <object_component_ref idref="oc-2c2"/>
      </symbol>
      <symbol id="sm-409">
         <name>HOSTrename</name>
         <value>0x1b0d</value>
         <object_component_ref idref="oc-2d2"/>
      </symbol>
      <symbol id="sm-413">
         <name>HOSTunlink</name>
         <value>0x23a9</value>
         <object_component_ref idref="oc-2ce"/>
      </symbol>
      <symbol id="sm-41d">
         <name>HOSTwrite</name>
         <value>0x2029</value>
         <object_component_ref idref="oc-2c6"/>
      </symbol>
      <symbol id="sm-42b">
         <name>C$$IO$$</name>
         <value>0x2755</value>
         <object_component_ref idref="oc-2e9"/>
      </symbol>
      <symbol id="sm-42c">
         <name>__TI_writemsg</name>
         <value>0x2729</value>
         <object_component_ref idref="oc-2e9"/>
      </symbol>
      <symbol id="sm-42d">
         <name>__CIOBUF_</name>
         <value>0x202013ac</value>
         <object_component_ref idref="oc-311"/>
      </symbol>
      <symbol id="sm-42e">
         <name>__TI_readmsg</name>
         <value>0x26f5</value>
         <object_component_ref idref="oc-2ef"/>
      </symbol>
      <symbol id="sm-42f">
         <name>_CIOBUF_</name>
         <value>0x202013ac</value>
         <object_component_ref idref="oc-311"/>
      </symbol>
      <symbol id="sm-435">
         <name>__aeabi_memcpy</name>
         <value>0x30b9</value>
         <object_component_ref idref="oc-47"/>
      </symbol>
      <symbol id="sm-436">
         <name>__aeabi_memcpy4</name>
         <value>0x30b9</value>
         <object_component_ref idref="oc-47"/>
      </symbol>
      <symbol id="sm-437">
         <name>__aeabi_memcpy8</name>
         <value>0x30b9</value>
         <object_component_ref idref="oc-47"/>
      </symbol>
      <symbol id="sm-440">
         <name>__aeabi_memset</name>
         <value>0x3045</value>
         <object_component_ref idref="oc-1dc"/>
      </symbol>
      <symbol id="sm-441">
         <name>__aeabi_memset4</name>
         <value>0x3045</value>
         <object_component_ref idref="oc-1dc"/>
      </symbol>
      <symbol id="sm-442">
         <name>__aeabi_memset8</name>
         <value>0x3045</value>
         <object_component_ref idref="oc-1dc"/>
      </symbol>
      <symbol id="sm-443">
         <name>__aeabi_memclr</name>
         <value>0x307d</value>
         <object_component_ref idref="oc-83"/>
      </symbol>
      <symbol id="sm-444">
         <name>__aeabi_memclr4</name>
         <value>0x307d</value>
         <object_component_ref idref="oc-83"/>
      </symbol>
      <symbol id="sm-445">
         <name>__aeabi_memclr8</name>
         <value>0x307d</value>
         <object_component_ref idref="oc-83"/>
      </symbol>
      <symbol id="sm-44b">
         <name>__aeabi_uidiv</name>
         <value>0x24bd</value>
         <object_component_ref idref="oc-176"/>
      </symbol>
      <symbol id="sm-44c">
         <name>__aeabi_uidivmod</name>
         <value>0x24bd</value>
         <object_component_ref idref="oc-176"/>
      </symbol>
      <symbol id="sm-457">
         <name>__aeabi_idiv0</name>
         <value>0x1513</value>
         <object_component_ref idref="oc-19a"/>
      </symbol>
      <symbol id="sm-465">
         <name>finddevice</name>
         <value>0x2791</value>
         <object_component_ref idref="oc-31d"/>
      </symbol>
      <symbol id="sm-466">
         <name>getdevice</name>
         <value>0x1c51</value>
         <object_component_ref idref="oc-314"/>
      </symbol>
      <symbol id="sm-47f">
         <name>memcpy</name>
         <value>0x1479</value>
         <object_component_ref idref="oc-d1"/>
      </symbol>
      <symbol id="sm-48e">
         <name>memset</name>
         <value>0x1e55</value>
         <object_component_ref idref="oc-100"/>
      </symbol>
      <symbol id="sm-48f">
         <name>__TI_static_base__</name>
         <value>0x0</value>
      </symbol>
      <symbol id="sm-492">
         <name>__mpu_init</name>
         <value>0x0</value>
      </symbol>
      <symbol id="sm-493">
         <name>_system_post_cinit</name>
         <value>0x0</value>
      </symbol>
   </symbol_table>
   <title>Link successful</title>
</link_info>
