******************************************************************************
            TI ARM Clang Linker PC v4.0.0                      
******************************************************************************
>> Linked Thu May 28 16:31:53 2026

OUTPUT FILE NAME:   <main.out>
ENTRY POINT SYMBOL: "_c_int00_noargs"  address: 00001a19


MEMORY CONFIGURATION

         name            origin    length      used     unused   attr    fill
----------------------  --------  ---------  --------  --------  ----  --------
  FLASH                 00000000   00020000  00001de0  0001e220  R  X
  SRAM                  20200000   00008000  0000169b  00006965  RW X
  BCR_CONFIG            41c00000   00000080  00000000  00000080  R   
  BSL_CONFIG            41c00100   00000080  00000000  00000080  R   


SEGMENT ALLOCATION MAP

run origin  load origin   length   init length attrs members
----------  ----------- ---------- ----------- ----- -------
00000000    00000000    00001de0   00001de0    r-x
  00000000    00000000    000000c0   000000c0    r-- .intvecs
  000000c0    000000c0    00001c98   00001c98    r-x .text
  00001d58    00001d58    00000070   00000070    r-- .rodata
  00001dc8    00001dc8    00000018   00000018    r-- .cinit
20200000    20200000    0000149b   00000000    rw-
  20200000    20200000    0000149b   00000000    rw- .bss
20207e00    20207e00    00000200   00000000    rw-
  20207e00    20207e00    00000200   00000000    rw- .stack


SECTION ALLOCATION MAP

 output                                  attributes/
section   page    origin      length       input sections
--------  ----  ----------  ----------   ----------------
.intvecs   0    00000000    000000c0     
                  00000000    000000c0     startup_mspm0g350x_ticlang.o (.intvecs)

.text      0    000000c0    00001c98     
                  000000c0    000001de     MSPM0G_Library.lib : UART_Interface.o (.text.UART_Interface_IRQ)
                  0000029e    00000002     startup_mspm0g350x_ticlang.o (.text.Default_Handler)
                  000002a0    0000017c     MSPM0G_Library.lib : UART_Interface.o (.text.UART_Interface_Initialize)
                  0000041c    0000010c     usb.o (.text.usb_fsm)
                  00000528    00000100     MSPM0G_Library.lib : Timer_Timeout.o (.text.Timer_Timeout_Inialize)
                  00000628    000000e8     driverlib.a : dl_timer.o (.text.DL_Timer_initTimerMode)
                  00000710    000000c0     usb.o (.text.process_usb_command)
                  000007d0    000000b2     MSPM0G_Library.lib : SPI_Interface.o (.text.SPI_IRQ)
                  00000882    000000a4                        : UART_Interface.o (.text.UART_Interface_Start_Transmit)
                  00000926    000000a0                        : UART_Interface.o (.text.UART_Interface_Start_Receive)
                  000009c6    0000009e     usb.o (.text.usb_cmd_data_setup)
                  00000a64    0000009a     libc.a : memcpy16.S.obj (.text:memcpy)
                  00000afe    00000002     libclang_rt.builtins.a : aeabi_div0.c.obj (.text.__aeabi_idiv0)
                  00000b00    00000098     delay_timer.o (.text.Delay_Timer_Initialize)
                  00000b98    00000090     ti_msp_dl_config.o (.text.SYSCFG_DL_UART_0_init)
                  00000c28    00000088     MSPM0G_Library.lib : SPI_Interface.o (.text.SPI_Initialize)
                  00000cb0    00000080     usb.o (.text.usb_init)
                  00000d30    00000078     MSPM0G_Library.lib : UART_Interface.o (.text.UART_rxDMA_Initialize)
                  00000da8    00000074                        : UART_Interface.o (.text.UART_txDMA_Initialize)
                  00000e1c    00000074     relay.o (.text.relay_init_all)
                  00000e90    00000070     MSPM0G_Library.lib : UART_Target.o (.text.UART_Target_Initialize)
                  00000f00    0000006c     ti_msp_dl_config.o (.text.SYSCFG_DL_GPIO_init)
                  00000f6c    0000006c     MSPM0G_Library.lib : UART_Target.o (.text.targetRxInProgressCb)
                  00000fd8    00000064                        : UART_Target.o (.text.UART_Target_AssignCallBacks)
                  0000103c    00000062     libc.a : memset16.S.obj (.text:memset)
                  0000109e    0000005a     MSPM0G_Library.lib : Timer_Timeout.o (.text.Timer_Timeout_Time_Set)
                  000010f8    00000058     ti_msp_dl_config.o (.text.SYSCFG_DL_SPI_0_init)
                  00001150    00000054     driverlib.a : dl_uart.o (.text.DL_UART_drainRXFIFO)
                  000011a4    00000054                 : dl_uart.o (.text.DL_UART_fillTXFIFO)
                  000011f8    00000054     ti_msp_dl_config.o (.text.SYSCFG_DL_initPower)
                  0000124c    00000054     app.o (.text.app_init)
                  000012a0    0000004c     MSPM0G_Library.lib : UART_Target.o (.text.UART_Target_Receive)
                  000012ec    00000048     driverlib.a : dl_uart.o (.text.DL_UART_init)
                  00001334    00000044                 : dl_spi.o (.text.DL_SPI_init)
                  00001378    00000040     ti_msp_dl_config.o (.text.SYSCFG_DL_SYSCTL_init)
                  000013b8    00000040     libclang_rt.builtins.a : aeabi_uidivmod.S.obj (.text.__aeabi_uidivmod)
                  000013f8    0000003c     ti_msp_dl_config.o (.text.SYSCFG_DL_TIMER_0_init)
                  00001434    0000003c     MSPM0G_Library.lib : UART_Target.o (.text.UART_Target_Transmit)
                  00001470    0000003c     libc.a : autoinit.c.obj (.text:__TI_auto_init_nobinit_nopinit)
                  000014ac    00000038     MSPM0G_Library.lib : UART_Interface.o (.text.DL_DMA_setTrigger)
                  000014e4    00000038     ti_msp_dl_config.o (.text.SYSCFG_DL_TIMER_2_init)
                  0000151c    00000036     MSPM0G_Library.lib : Timer_Timeout.o (.text.Timer_Timeout_Start)
                  00001552    00000036                        : UART_Interface.o (.text.UART_Interface_Stop_Receive)
                  00001588    00000034                        : UART_Interface.o (.text.DL_DMA_configMode)
                  000015bc    00000034                        : UART_Target.o (.text.timerCallback)
                  000015f0    00000032                        : UART_Interface.o (.text.DL_DMA_setDestWidth)
                  00001622    00000030                        : UART_Interface.o (.text.DL_DMA_setDestIncrement)
                  00001652    00000030                        : UART_Interface.o (.text.DL_DMA_setSrcWidth)
                  00001682    00000002     --HOLE-- [fill = 0]
                  00001684    00000030                        : UART_Interface.o (.text.DL_DMA_setTransferSize)
                  000016b4    00000030     led.o (.text.led_off)
                  000016e4    00000030     led.o (.text.led_on)
                  00001714    00000030     MSPM0G_Library.lib : UART_Target.o (.text.targetRxDoneCb)
                  00001744    00000030                        : UART_Target.o (.text.targetTxDoneCb)
                  00001774    0000002e                        : UART_Interface.o (.text.DL_DMA_setSrcIncrement)
                  000017a2    00000002     --HOLE-- [fill = 0]
                  000017a4    0000002c                        : SPI_Interface.o (.text.__NVIC_ClearPendingIRQ)
                  000017d0    0000002c                        : Timer_Timeout.o (.text.__NVIC_ClearPendingIRQ)
                  000017fc    0000002c                        : UART_Interface.o (.text.__NVIC_ClearPendingIRQ)
                  00001828    0000002c                        : SPI_Interface.o (.text.__NVIC_EnableIRQ)
                  00001854    0000002c                        : Timer_Timeout.o (.text.__NVIC_EnableIRQ)
                  00001880    0000002c                        : UART_Interface.o (.text.__NVIC_EnableIRQ)
                  000018ac    0000002a                        : Timer_Timeout.o (.text.Timer_Timeout_IRQ)
                  000018d6    0000002a                        : Timer_Timeout.o (.text.Timer_Timeout_reStart)
                  00001900    00000028                        : Timer_Timeout.o (.text.DL_Common_updateReg)
                  00001928    00000028                        : UART_Interface.o (.text.DL_Common_updateReg)
                  00001950    00000028                        : UART_Interface.o (.text.DL_DMA_setDestAddr)
                  00001978    00000028                        : UART_Interface.o (.text.DL_DMA_setSrcAddr)
                  000019a0    00000028     adc.o (.text.Max5719GSD_init)
                  000019c8    00000028     MSPM0G_Library.lib : UART_Target.o (.text.UART_Target_setState)
                  000019f0    00000028                        : UART_Target.o (.text.targetTxInProgressCb)
                  00001a18    00000028     libc.a : boot_cortex_m.c.obj (.text:_c_int00_noargs)
                  00001a40    00000026     MSPM0G_Library.lib : UART_Interface.o (.text.DL_DMA_disableChannel)
                  00001a66    00000026                        : UART_Interface.o (.text.DL_DMA_enableChannel)
                  00001a8c    00000024     main.o (.text.main)
                  00001ab0    00000020     MSPM0G_Library.lib : Timer_Timeout.o (.text.DL_Timer_setCounterValueAfterEnable)
                  00001ad0    00000020     ti_msp_dl_config.o (.text.SYSCFG_DL_init)
                  00001af0    0000001c     MSPM0G_Library.lib : Timer_Timeout.o (.text.DL_Timer_disableInterrupt)
                  00001b0c    0000001c                        : Timer_Timeout.o (.text.DL_Timer_enableInterrupt)
                  00001b28    0000001c     driverlib.a : dl_timer.o (.text.DL_Timer_setClockConfig)
                  00001b44    0000001c     delay_timer.o (.text.Delay_Timer_Get)
                  00001b60    0000001c     MSPM0G_Library.lib : UART_Target.o (.text.UART_Target_getState)
                  00001b7c    00000018                        : Timer_Timeout.o (.text.DL_Timer_clearInterruptStatus)
                  00001b94    00000018                        : Timer_Timeout.o (.text.DL_Timer_setLoadValue)
                  00001bac    00000018                        : Timer_Timeout.o (.text.DL_Timer_startCounter)
                  00001bc4    00000018                        : Timer_Timeout.o (.text.DL_Timer_stopCounter)
                  00001bdc    00000018     led.o (.text.led_init)
                  00001bf4    00000016     MSPM0G_Library.lib : SPI_Interface.o (.text.DL_SPI_transmitData16)
                  00001c0a    00000016     delay_timer.o (.text.Delay_Timer_IRQ)
                  00001c20    00000014     MSPM0G_Library.lib : SPI_Interface.o (.text.DL_SPI_receiveData16)
                  00001c34    00000014     delay_timer.o (.text.Delay_Timer_Start)
                  00001c48    00000012     MSPM0G_Library.lib : SPI_Interface.o (.text.DL_SPI_getPendingInterrupt)
                  00001c5a    00000012     driverlib.a : dl_spi.o (.text.DL_SPI_setClockConfig)
                  00001c6c    00000012     MSPM0G_Library.lib : Timer_Timeout.o (.text.DL_Timer_getPendingInterrupt)
                  00001c7e    00000012                        : UART_Interface.o (.text.DL_UART_getPendingInterrupt)
                  00001c90    00000012     driverlib.a : dl_uart.o (.text.DL_UART_setClockConfig)
                  00001ca2    00000002     --HOLE-- [fill = 0]
                  00001ca4    00000010     app.o (.text.SPI0_IRQHandler)
                  00001cb4    00000010     app.o (.text.TIMA0_IRQHandler)
                  00001cc4    00000010     app.o (.text.TIMG7_IRQHandler)
                  00001cd4    00000010     app.o (.text.UART0_IRQHandler)
                  00001ce4    00000010     MSPM0G_Library.lib : UART_Interface.o (.text.defaultUartCallBack)
                  00001cf4    00000010                        : UART_Interface.o (.text.defaultUartInprogressCallback)
                  00001d04    00000010     libc.a : copy_zero_init.c.obj (.text:decompress:ZI)
                  00001d14    0000000c     libclang_rt.builtins.a : aeabi_memset.S.obj (.text.__aeabi_memclr)
                  00001d20    0000000c     MSPM0G_Library.lib : Timer_Timeout.o (.text.defaultTimerSingleTriggerCB)
                  00001d2c    0000000c                        : SPI_Interface.o (.text.noActionSPIInterface)
                  00001d38    0000000a     driverlib.a : dl_common.o (.text.DL_Common_delayCycles)
                  00001d42    00000002     --HOLE-- [fill = 0]
                  00001d44    00000008     libclang_rt.builtins.a : aeabi_memcpy.S.obj (.text.__aeabi_memcpy)
                  00001d4c    00000004     startup_mspm0g350x_ticlang.o (.text.Reset_Handler)
                  00001d50    00000004     libc.a : pre_init.c.obj (.text._system_pre_init)
                  00001d54    00000004            : exit.c.obj (.text:abort)

.cinit     0    00001dc8    00000018     
                  00001dc8    00000008     (.cinit..bss.load) [load image, compression = zero_init]
                  00001dd0    00000004     (__TI_handler_table)
                  00001dd4    00000008     (__TI_cinit_table)
                  00001ddc    00000004     --HOLE-- [fill = 0]

.rodata    0    00001d58    00000070     
                  00001d58    00000014     ti_msp_dl_config.o (.rodata.gTIMER_0TimerConfig)
                  00001d6c    00000014     ti_msp_dl_config.o (.rodata.gTIMER_2TimerConfig)
                  00001d80    00000012     usb.o (.rodata.invalid_cmd)
                  00001d92    0000000a     ti_msp_dl_config.o (.rodata.gSPI_0_config)
                  00001d9c    0000000a     ti_msp_dl_config.o (.rodata.gUART_0Config)
                  00001da6    00000008     app.o (.rodata.str1.91024950347392736991)
                  00001dae    00000007     app.o (.rodata.str1.115467379878751397891)
                  00001db5    00000003     ti_msp_dl_config.o (.rodata.gTIMER_0ClockConfig)
                  00001db8    00000003     ti_msp_dl_config.o (.rodata.gTIMER_2ClockConfig)
                  00001dbb    00000003     app.o (.rodata.str1.144966739553529159871)
                  00001dbe    00000002     ti_msp_dl_config.o (.rodata.gSPI_0_clockConfig)
                  00001dc0    00000002     ti_msp_dl_config.o (.rodata.gUART_0ClockConfig)
                  00001dc2    00000006     --HOLE-- [fill = 0]

.init_array 
*          0    00000000    00000000     UNINITIALIZED

.binit     0    00000000    00000000     

.bss       0    20200000    0000149b     UNINITIALIZED
                  20200000    000013ac     (.common:USB_DATA)
                  202013ac    00000048     (.common:glUartTarget)
                  202013f4    00000034     (.common:USB_UART)
                  20201428    00000024     (.common:ADC)
                  2020144c    00000024     (.common:USB_BUFFER)
                  20201470    00000024     (.common:USB_Timeout)
                  20201494    00000004     (.common:executing_command)
                  20201498    00000003     (.common:glUartTargetIndexFromTimerIndex)

.stack     0    20207e00    00000200     UNINITIALIZED
                  20207e00    00000004     libc.a : boot_cortex_m.c.obj (.stack)
                  20207e04    000001fc     --HOLE--

__llvm_prf_cnts 
*          0    20200000    00000000     UNINITIALIZED

__llvm_prf_bits 
*          0    20200000    00000000     UNINITIALIZED

MODULE SUMMARY

       Module                         code   ro data   rw data
       ------                         ----   -------   -------
    .\
       adc.o                          40     0         5200   
       usb.o                          746    18        0      
       ti_msp_dl_config.o             636    70        0      
       delay_timer.o                  222    0         0      
       startup_mspm0g350x_ticlang.o   6      192       0      
       app.o                          148    18        0      
       led.o                          120    0         0      
       relay.o                        116    0         0      
       main.o                         36     0         0      
    +--+------------------------------+------+---------+---------+
       Total:                         2070   298       5200   
                                                              
    C:/ti/mspm0_sdk_2_00_00_03/source/ti/driverlib/lib/ticlang/m0p/mspm0g1x0x_g3x0x/driverlib.a
       dl_timer.o                     260    0         0      
       dl_uart.o                      258    0         0      
       dl_spi.o                       86     0         0      
       dl_common.o                    10     0         0      
    +--+------------------------------+------+---------+---------+
       Total:                         614    0         0      
                                                              
    C:\ti\ccstheia151\ccs\tools\compiler\ti-cgt-armllvm_4.0.0.LTS\lib\armv6m-ti-none-eabi/c/libc.a
       memcpy16.S.obj                 154    0         0      
       memset16.S.obj                 98     0         0      
       autoinit.c.obj                 60     0         0      
       boot_cortex_m.c.obj            40     0         0      
       copy_zero_init.c.obj           16     0         0      
       exit.c.obj                     4      0         0      
       pre_init.c.obj                 4      0         0      
    +--+------------------------------+------+---------+---------+
       Total:                         376    0         0      
                                                              
    C:\ti\ccstheia151\ccs\tools\compiler\ti-cgt-armllvm_4.0.0.LTS\lib\armv6m-ti-none-eabi/libclang_rt.builtins.a
       aeabi_uidivmod.S.obj           64     0         0      
       aeabi_memset.S.obj             12     0         0      
       aeabi_memcpy.S.obj             8      0         0      
       aeabi_div0.c.obj               2      0         0      
    +--+------------------------------+------+---------+---------+
       Total:                         86     0         0      
                                                              
    D:/Cardinal Test_Calibration_Board/MSPM0G_Library/Debug/MSPM0G_Library.lib
       UART_Interface.o               2154   0         0      
       Timer_Timeout.o                826    0         0      
       UART_Target.o                  712    0         75     
       SPI_Interface.o                474    0         0      
    +--+------------------------------+------+---------+---------+
       Total:                         4166   0         75     
                                                              
       Stack:                         0      0         512    
       Linker Generated:              0      20        0      
    +--+------------------------------+------+---------+---------+
       Grand Total:                   7312   318       5787   


LINKER GENERATED COPY TABLES

__TI_cinit_table @ 00001dd4 records: 1, size/record: 8, table size: 8
	.bss: load addr=00001dc8, load size=00000008 bytes, run addr=20200000, run size=0000149b bytes, compression=zero_init


LINKER GENERATED HANDLER TABLE

__TI_handler_table @ 00001dd0 records: 1, size/record: 4, table size: 4
	index: 0, handler: __TI_zero_init


GLOBAL SYMBOLS: SORTED ALPHABETICALLY BY Name 

address   name                           
-------   ----                           
20201428  ADC                            
0000029f  ADC0_IRQHandler                
0000029f  ADC1_IRQHandler                
0000029f  AES_IRQHandler                 
00001d54  C$$EXIT                        
0000029f  CANFD0_IRQHandler              
0000029f  DAC0_IRQHandler                
00001d39  DL_Common_delayCycles          
00001335  DL_SPI_init                    
00001c5b  DL_SPI_setClockConfig          
00000629  DL_Timer_initTimerMode         
00001b29  DL_Timer_setClockConfig        
00001151  DL_UART_drainRXFIFO            
000011a5  DL_UART_fillTXFIFO             
000012ed  DL_UART_init                   
00001c91  DL_UART_setClockConfig         
0000029f  DMA_IRQHandler                 
0000029f  Default_Handler                
00001b45  Delay_Timer_Get                
00001c0b  Delay_Timer_IRQ                
00000b01  Delay_Timer_Initialize         
00001c35  Delay_Timer_Start              
0000029f  GROUP0_IRQHandler              
0000029f  GROUP1_IRQHandler              
0000029f  HardFault_Handler              
0000029f  I2C0_IRQHandler                
0000029f  I2C1_IRQHandler                
000019a1  Max5719GSD_init                
0000029f  NMI_Handler                    
0000029f  PendSV_Handler                 
0000029f  RTC_IRQHandler                 
00001d4d  Reset_Handler                  
00001ca5  SPI0_IRQHandler                
0000029f  SPI1_IRQHandler                
000007d1  SPI_IRQ                        
00000c29  SPI_Initialize                 
0000029f  SVC_Handler                    
00000f01  SYSCFG_DL_GPIO_init            
000010f9  SYSCFG_DL_SPI_0_init           
00001379  SYSCFG_DL_SYSCTL_init          
000013f9  SYSCFG_DL_TIMER_0_init         
000014e5  SYSCFG_DL_TIMER_2_init         
00000b99  SYSCFG_DL_UART_0_init          
00001ad1  SYSCFG_DL_init                 
000011f9  SYSCFG_DL_initPower            
0000029f  SysTick_Handler                
00001cb5  TIMA0_IRQHandler               
0000029f  TIMA1_IRQHandler               
0000029f  TIMG0_IRQHandler               
0000029f  TIMG12_IRQHandler              
0000029f  TIMG6_IRQHandler               
00001cc5  TIMG7_IRQHandler               
0000029f  TIMG8_IRQHandler               
000018ad  Timer_Timeout_IRQ              
00000529  Timer_Timeout_Inialize         
0000151d  Timer_Timeout_Start            
0000109f  Timer_Timeout_Time_Set         
000018d7  Timer_Timeout_reStart          
00001cd5  UART0_IRQHandler               
0000029f  UART1_IRQHandler               
0000029f  UART2_IRQHandler               
0000029f  UART3_IRQHandler               
000000c1  UART_Interface_IRQ             
000002a1  UART_Interface_Initialize      
00000927  UART_Interface_Start_Receive   
00000883  UART_Interface_Start_Transmit  
00001553  UART_Interface_Stop_Receive    
00000fd9  UART_Target_AssignCallBacks    
00000e91  UART_Target_Initialize         
000012a1  UART_Target_Receive            
00001435  UART_Target_Transmit           
00001b61  UART_Target_getState           
000019c9  UART_Target_setState           
00000d31  UART_rxDMA_Initialize          
00000da9  UART_txDMA_Initialize          
2020144c  USB_BUFFER                     
20200000  USB_DATA                       
20201470  USB_Timeout                    
202013f4  USB_UART                       
20208000  __STACK_END                    
00000200  __STACK_SIZE                   
00000000  __TI_ATRegion0_region_sz       
00000000  __TI_ATRegion0_src_addr        
00000000  __TI_ATRegion0_trg_addr        
00000000  __TI_ATRegion1_region_sz       
00000000  __TI_ATRegion1_src_addr        
00000000  __TI_ATRegion1_trg_addr        
00000000  __TI_ATRegion2_region_sz       
00000000  __TI_ATRegion2_src_addr        
00000000  __TI_ATRegion2_trg_addr        
00001dd4  __TI_CINIT_Base                
00001ddc  __TI_CINIT_Limit               
00001ddc  __TI_CINIT_Warm                
00001dd0  __TI_Handler_Table_Base        
00001dd4  __TI_Handler_Table_Limit       
00001471  __TI_auto_init_nobinit_nopinit 
ffffffff  __TI_pprof_out_hndl            
ffffffff  __TI_prof_data_size            
ffffffff  __TI_prof_data_start           
00000000  __TI_static_base__             
00001d05  __TI_zero_init                 
00000aff  __aeabi_idiv0                  
00001d15  __aeabi_memclr                 
00001d15  __aeabi_memclr4                
00001d15  __aeabi_memclr8                
00001d45  __aeabi_memcpy                 
00001d45  __aeabi_memcpy4                
00001d45  __aeabi_memcpy8                
000013b9  __aeabi_uidiv                  
000013b9  __aeabi_uidivmod               
ffffffff  __binit__                      
UNDEFED   __mpu_init                     
20207e00  __stack                        
20200000  __start___llvm_prf_bits        
20200000  __start___llvm_prf_cnts        
20200000  __stop___llvm_prf_bits         
20200000  __stop___llvm_prf_cnts         
00001a19  _c_int00_noargs                
UNDEFED   _system_post_cinit             
00001d51  _system_pre_init               
00001d55  abort                          
0000124d  app_init                       
ffffffff  binit                          
00001d21  defaultTimerSingleTriggerCB    
00001ce5  defaultUartCallBack            
00001cf5  defaultUartInprogressCallback  
20201494  executing_command              
202013ac  glUartTarget                   
20201498  glUartTargetIndexFromTimerIndex
00000000  interruptVectors               
00001bdd  led_init                       
000016b5  led_off                        
000016e5  led_on                         
00001a8d  main                           
00000a65  memcpy                         
0000103d  memset                         
00001d2d  noActionSPIInterface           
00000711  process_usb_command            
00000e1d  relay_init_all                 
00001715  targetRxDoneCb                 
00000f6d  targetRxInProgressCb           
00001745  targetTxDoneCb                 
000019f1  targetTxInProgressCb           
000015bd  timerCallback                  
000009c7  usb_cmd_data_setup             
0000041d  usb_fsm                        
00000cb1  usb_init                       


GLOBAL SYMBOLS: SORTED BY Symbol Address 

address   name                           
-------   ----                           
00000000  __TI_ATRegion0_region_sz       
00000000  __TI_ATRegion0_src_addr        
00000000  __TI_ATRegion0_trg_addr        
00000000  __TI_ATRegion1_region_sz       
00000000  __TI_ATRegion1_src_addr        
00000000  __TI_ATRegion1_trg_addr        
00000000  __TI_ATRegion2_region_sz       
00000000  __TI_ATRegion2_src_addr        
00000000  __TI_ATRegion2_trg_addr        
00000000  __TI_static_base__             
00000000  interruptVectors               
000000c1  UART_Interface_IRQ             
00000200  __STACK_SIZE                   
0000029f  ADC0_IRQHandler                
0000029f  ADC1_IRQHandler                
0000029f  AES_IRQHandler                 
0000029f  CANFD0_IRQHandler              
0000029f  DAC0_IRQHandler                
0000029f  DMA_IRQHandler                 
0000029f  Default_Handler                
0000029f  GROUP0_IRQHandler              
0000029f  GROUP1_IRQHandler              
0000029f  HardFault_Handler              
0000029f  I2C0_IRQHandler                
0000029f  I2C1_IRQHandler                
0000029f  NMI_Handler                    
0000029f  PendSV_Handler                 
0000029f  RTC_IRQHandler                 
0000029f  SPI1_IRQHandler                
0000029f  SVC_Handler                    
0000029f  SysTick_Handler                
0000029f  TIMA1_IRQHandler               
0000029f  TIMG0_IRQHandler               
0000029f  TIMG12_IRQHandler              
0000029f  TIMG6_IRQHandler               
0000029f  TIMG8_IRQHandler               
0000029f  UART1_IRQHandler               
0000029f  UART2_IRQHandler               
0000029f  UART3_IRQHandler               
000002a1  UART_Interface_Initialize      
0000041d  usb_fsm                        
00000529  Timer_Timeout_Inialize         
00000629  DL_Timer_initTimerMode         
00000711  process_usb_command            
000007d1  SPI_IRQ                        
00000883  UART_Interface_Start_Transmit  
00000927  UART_Interface_Start_Receive   
000009c7  usb_cmd_data_setup             
00000a65  memcpy                         
00000aff  __aeabi_idiv0                  
00000b01  Delay_Timer_Initialize         
00000b99  SYSCFG_DL_UART_0_init          
00000c29  SPI_Initialize                 
00000cb1  usb_init                       
00000d31  UART_rxDMA_Initialize          
00000da9  UART_txDMA_Initialize          
00000e1d  relay_init_all                 
00000e91  UART_Target_Initialize         
00000f01  SYSCFG_DL_GPIO_init            
00000f6d  targetRxInProgressCb           
00000fd9  UART_Target_AssignCallBacks    
0000103d  memset                         
0000109f  Timer_Timeout_Time_Set         
000010f9  SYSCFG_DL_SPI_0_init           
00001151  DL_UART_drainRXFIFO            
000011a5  DL_UART_fillTXFIFO             
000011f9  SYSCFG_DL_initPower            
0000124d  app_init                       
000012a1  UART_Target_Receive            
000012ed  DL_UART_init                   
00001335  DL_SPI_init                    
00001379  SYSCFG_DL_SYSCTL_init          
000013b9  __aeabi_uidiv                  
000013b9  __aeabi_uidivmod               
000013f9  SYSCFG_DL_TIMER_0_init         
00001435  UART_Target_Transmit           
00001471  __TI_auto_init_nobinit_nopinit 
000014e5  SYSCFG_DL_TIMER_2_init         
0000151d  Timer_Timeout_Start            
00001553  UART_Interface_Stop_Receive    
000015bd  timerCallback                  
000016b5  led_off                        
000016e5  led_on                         
00001715  targetRxDoneCb                 
00001745  targetTxDoneCb                 
000018ad  Timer_Timeout_IRQ              
000018d7  Timer_Timeout_reStart          
000019a1  Max5719GSD_init                
000019c9  UART_Target_setState           
000019f1  targetTxInProgressCb           
00001a19  _c_int00_noargs                
00001a8d  main                           
00001ad1  SYSCFG_DL_init                 
00001b29  DL_Timer_setClockConfig        
00001b45  Delay_Timer_Get                
00001b61  UART_Target_getState           
00001bdd  led_init                       
00001c0b  Delay_Timer_IRQ                
00001c35  Delay_Timer_Start              
00001c5b  DL_SPI_setClockConfig          
00001c91  DL_UART_setClockConfig         
00001ca5  SPI0_IRQHandler                
00001cb5  TIMA0_IRQHandler               
00001cc5  TIMG7_IRQHandler               
00001cd5  UART0_IRQHandler               
00001ce5  defaultUartCallBack            
00001cf5  defaultUartInprogressCallback  
00001d05  __TI_zero_init                 
00001d15  __aeabi_memclr                 
00001d15  __aeabi_memclr4                
00001d15  __aeabi_memclr8                
00001d21  defaultTimerSingleTriggerCB    
00001d2d  noActionSPIInterface           
00001d39  DL_Common_delayCycles          
00001d45  __aeabi_memcpy                 
00001d45  __aeabi_memcpy4                
00001d45  __aeabi_memcpy8                
00001d4d  Reset_Handler                  
00001d51  _system_pre_init               
00001d54  C$$EXIT                        
00001d55  abort                          
00001dd0  __TI_Handler_Table_Base        
00001dd4  __TI_CINIT_Base                
00001dd4  __TI_Handler_Table_Limit       
00001ddc  __TI_CINIT_Limit               
00001ddc  __TI_CINIT_Warm                
20200000  USB_DATA                       
20200000  __start___llvm_prf_bits        
20200000  __start___llvm_prf_cnts        
20200000  __stop___llvm_prf_bits         
20200000  __stop___llvm_prf_cnts         
202013ac  glUartTarget                   
202013f4  USB_UART                       
20201428  ADC                            
2020144c  USB_BUFFER                     
20201470  USB_Timeout                    
20201494  executing_command              
20201498  glUartTargetIndexFromTimerIndex
20207e00  __stack                        
20208000  __STACK_END                    
ffffffff  __TI_pprof_out_hndl            
ffffffff  __TI_prof_data_size            
ffffffff  __TI_prof_data_start           
ffffffff  __binit__                      
ffffffff  binit                          
UNDEFED   __mpu_init                     
UNDEFED   _system_post_cinit             

[147 symbols]
